******************************************************************************
                  TI ARM Linker PC v20.2.6                     
******************************************************************************
>> Linked Wed Apr 19 23:45:01 2023

OUTPUT FILE NAME:   <lab9.out>
ENTRY POINT SYMBOL: "_c_int00_noargs"  address: 0000281d


MEMORY CONFIGURATION

         name            origin    length      used     unused   attr    fill
----------------------  --------  ---------  --------  --------  ----  --------
  FLASH                 00000000   00040000  00002b41  0003d4bf  R  X
  SRAM                  20000000   00008000  000012e6  00006d1a  RW X


SEGMENT ALLOCATION MAP

run origin  load origin   length   init length attrs members
----------  ----------- ---------- ----------- ----- -------
00000000    00000000    00002b48   00002b48    r-x
  00000000    00000000    0000026c   0000026c    r-- .intvecs
  0000026c    0000026c    0000278c   0000278c    r-x .text
  000029f8    000029f8    00000109   00000109    r-- .const
  00002b08    00002b08    00000040   00000040    r-- .cinit
20000000    20000000    000012ed   00000000    rw-
  20000000    20000000    0000026c   00000000    rw- .vtable
  20000270    20000270    00001000   00000000    rw- .stack
  20001270    20001270    00000075   00000000    rw- .bss
  200012e8    200012e8    00000005   00000000    rw- .data


SECTION ALLOCATION MAP

 output                                  attributes/
section   page    origin      length       input sections
--------  ----  ----------  ----------   ----------------
.intvecs   0    00000000    0000026c     
                  00000000    0000026c     tm4c123gh6pm_startup_ccs.obj (.intvecs)

.text      0    0000026c    0000278c     
                  0000026c    00000a4e     rtsv7M4_T_le_v4SPD16_eabi.lib : _printfi.c.obj (.text:__TI_printfi)
                  00000cba    00000002                                   : div0.asm.obj (.text)
                  00000cbc    00000328     lcd.obj (.text)
                  00000fe4    0000028c     ping_template.obj (.text)
                  00001270    00000270     rtsv7M4_T_le_v4SPD16_eabi.lib : _printfi.c.obj (.text:_pconv_a)
                  000014e0    00000248     Timer.obj (.text)
                  00001728    000001d0     rtsv7M4_T_le_v4SPD16_eabi.lib : _printfi.c.obj (.text:_pconv_g)
                  000018f8    000001b6                                   : fd_add_t2.asm.obj (.text)
                  00001aae    00000002     --HOLE-- [fill = 0]
                  00001ab0    0000013c                                   : _printfi.c.obj (.text:_pconv_e)
                  00001bec    00000136                                   : fd_div_t2.asm.obj (.text)
                  00001d22    00000002     --HOLE-- [fill = 0]
                  00001d24    00000124                                   : _printfi.c.obj (.text:fcvt)
                  00001e48    00000110                                   : s_scalbn.c.obj (.text:scalbn)
                  00001f58    000000fc                                   : fd_mul_t2.asm.obj (.text)
                  00002054    000000b1                                   : _printfi.c.obj (.text:_ltostr)
                  00002105    00000001     --HOLE-- [fill = 0]
                  00002106    0000009c                                   : memcpy_t2.asm.obj (.text)
                  000021a2    00000096                                   : ull_div_t2.asm.obj (.text)
                  00002238    00000086                                   : fd_cmp_t2.asm.obj (.text:__aeabi_cdcmple)
                  000022be    00000086                                   : fd_cmp_t2.asm.obj (.text:__aeabi_cdrcmple)
                  00002344    0000007a                                   : memset_t2.asm.obj (.text)
                  000023be    0000006e                                   : _printfi.c.obj (.text:_mcpy)
                  0000242c    00000068                                   : copy_decompress_lzss.c.obj (.text:decompress:lzss:__TI_decompress_lzss)
                  00002494    00000064                                   : s_frexp.c.obj (.text:frexp)
                  000024f8    00000058     lab9_template.obj (.text)
                  00002550    00000056     rtsv7M4_T_le_v4SPD16_eabi.lib : _printfi.c.obj (.text:_pconv_f)
                  000025a6    00000054                                   : _ltoa.c.obj (.text:__TI_ltoa)
                  000025fa    00000052                                   : _printfi.c.obj (.text:_ecpy)
                  0000264c    0000004c                                   : atoi.c.obj (.text:atoi)
                  00002698    00000048                                   : fd_toi_t2.asm.obj (.text)
                  000026e0    00000044                                   : autoinit.c.obj (.text:__TI_auto_init_nobinit_nopinit:__TI_auto_init_nobinit_nopinit)
                  00002724    00000044                                   : fd_tou_t2.asm.obj (.text)
                  00002768    00000040                                   : vsnprintf.c.obj (.text:vsnprintf)
                  000027a8    0000003e                                   : _printfi.c.obj (.text:_fcpy)
                  000027e6    00000002     --HOLE-- [fill = 0]
                  000027e8    00000034     driverlib.lib : interrupt.obj (.text:IntRegister)
                  0000281c    00000034     rtsv7M4_T_le_v4SPD16_eabi.lib : boot_cortex_m.c.obj (.text:_c_int00_noargs:_c_int00_noargs)
                  00002850    00000030                                   : vsnprintf.c.obj (.text:_outs)
                  00002880    0000002e                                   : i_tofd_t2.asm.obj (.text)
                  000028ae    00000020                                   : u_tofd_t2.asm.obj (.text)
                  000028ce    0000001c                                   : copy_zero_init.c.obj (.text:decompress:ZI:__TI_zero_init_nomemset:__TI_zero_init_nomemset)
                  000028ea    0000001c                                   : memccpy.c.obj (.text:memccpy)
                  00002906    0000001a                                   : s_copysign.c.obj (.text:copysign)
                  00002920    00000018                                   : vsnprintf.c.obj (.text:_outc)
                  00002938    00000018                                   : strcmp.c.obj (.text:strcmp)
                  00002950    00000016                                   : strchr.c.obj (.text:strchr)
                  00002966    00000014                                   : strcpy.c.obj (.text:strcpy)
                  0000297a    00000014                                   : strlen.c.obj (.text:strlen)
                  0000298e    00000012                                   : wcslen.c.obj (.text:wcslen)
                  000029a0    00000010     driverlib.lib : interrupt.obj (.text:IntMasterEnable)
                  000029b0    00000010     lcd.obj (.text:lcd_clear)
                  000029c0    0000000e     rtsv7M4_T_le_v4SPD16_eabi.lib : copy_decompress_none.c.obj (.text:decompress:none:__TI_decompress_none)
                  000029ce    0000000c     driverlib.lib : cpu.obj (.text:CPUcpsie)
                  000029da    0000000c     tm4c123gh6pm_startup_ccs.obj (.text)
                  000029e6    00000002     --HOLE-- [fill = 0]
                  000029e8    00000008     rtsv7M4_T_le_v4SPD16_eabi.lib : errno.c.obj (.text:__aeabi_errno_addr)
                  000029f0    00000004                                   : pre_init.c.obj (.text:_system_pre_init)
                  000029f4    00000004                                   : exit.c.obj (.text:abort:abort)

.const     0    000029f8    00000109     
                  000029f8    00000101     rtsv7M4_T_le_v4SPD16_eabi.lib : ctype.c.obj (.const:.string:_ctypes_)
                  00002af9    00000004     lcd.obj (.const:.string:lineAddress$1)
                  00002afd    00000004     lcd.obj (.const:.string:lineAddresses$2)

.cinit     0    00002b08    00000040     
                  00002b08    0000000c     (__TI_handler_table)
                  00002b14    00000004     --HOLE-- [fill = 0]
                  00002b18    00000008     (.cinit..bss.load) [load image, compression = zero_init]
                  00002b20    00000008     (.cinit..vtable.load) [load image, compression = zero_init]
                  00002b28    00000007     (.cinit..data.load) [load image, compression = lzss]
                  00002b2f    00000001     --HOLE-- [fill = 0]
                  00002b30    00000018     (__TI_cinit_table)

.init_array 
*          0    00000000    00000000     UNINITIALIZED

.vtable    0    20000000    0000026c     UNINITIALIZED
                  20000000    0000026c     driverlib.lib : interrupt.obj (.vtable)

.bss       0    20001270    00000075     UNINITIALIZED
                  20001270    00000054     lcd.obj (.bss:lastbuffer$3)
                  200012c4    00000004     (.common:_timeout_ticks)
                  200012c8    00000004     (.common:current_time)
                  200012cc    00000004     (.common:dist)
                  200012d0    00000004     (.common:falling_time)
                  200012d4    00000004     (.common:last_time)
                  200012d8    00000004     (.common:overflow)
                  200012dc    00000004     (.common:rising_time)
                  200012e0    00000004     (.common:time_diff)
                  200012e4    00000001     (.common:state)

.data      0    200012e8    00000005     UNINITIALIZED
                  200012e8    00000004     rtsv7M4_T_le_v4SPD16_eabi.lib : errno.c.obj (.data)
                  200012ec    00000001     Timer.obj (.data)

.stack     0    20000270    00001000     UNINITIALIZED
                  20000270    00000004     rtsv7M4_T_le_v4SPD16_eabi.lib : boot_cortex_m.c.obj (.stack)
                  20000274    00000ffc     --HOLE--

__llvm_prf_cnts 
*          0    20000000    00000000     UNINITIALIZED

MODULE SUMMARY

       Module                         code    ro data   rw data
       ------                         ----    -------   -------
    .\
       lcd.obj                        824     8         84     
       ping_template.obj              652     0         29     
       tm4c123gh6pm_startup_ccs.obj   12      620       0      
       Timer.obj                      584     0         5      
       lab9_template.obj              88      0         0      
    +--+------------------------------+-------+---------+---------+
       Total:                         2160    628       118    
                                                               
    C:/ti/TivaWare_C_Series-2.2.0.295/driverlib/ccs/Debug/driverlib.lib
       interrupt.obj                  68      0         620    
       cpu.obj                        12      0         0      
    +--+------------------------------+-------+---------+---------+
       Total:                         80      0         620    
                                                               
    C:\ti\ccs1200\ccs\tools\compiler\ti-cgt-arm_20.2.6.LTS\lib\rtsv7M4_T_le_v4SPD16_eabi.lib
       _printfi.c.obj                 4851    0         0      
       fd_add_t2.asm.obj              438     0         0      
       fd_div_t2.asm.obj              310     0         0      
       s_scalbn.c.obj                 272     0         0      
       fd_cmp_t2.asm.obj              268     0         0      
       ctype.c.obj                    0       257       0      
       fd_mul_t2.asm.obj              252     0         0      
       memcpy_t2.asm.obj              156     0         0      
       ull_div_t2.asm.obj             150     0         0      
       vsnprintf.c.obj                136     0         0      
       memset_t2.asm.obj              122     0         0      
       copy_decompress_lzss.c.obj     104     0         0      
       s_frexp.c.obj                  100     0         0      
       _ltoa.c.obj                    84      0         0      
       atoi.c.obj                     76      0         0      
       fd_toi_t2.asm.obj              72      0         0      
       autoinit.c.obj                 68      0         0      
       fd_tou_t2.asm.obj              68      0         0      
       boot_cortex_m.c.obj            52      0         0      
       i_tofd_t2.asm.obj              46      0         0      
       u_tofd_t2.asm.obj              32      0         0      
       copy_zero_init.c.obj           28      0         0      
       memccpy.c.obj                  28      0         0      
       s_copysign.c.obj               26      0         0      
       strcmp.c.obj                   24      0         0      
       strchr.c.obj                   22      0         0      
       strcpy.c.obj                   20      0         0      
       strlen.c.obj                   20      0         0      
       wcslen.c.obj                   18      0         0      
       copy_decompress_none.c.obj     14      0         0      
       errno.c.obj                    8       0         4      
       exit.c.obj                     4       0         0      
       pre_init.c.obj                 4       0         0      
       div0.asm.obj                   2       0         0      
    +--+------------------------------+-------+---------+---------+
       Total:                         7875    257       4      
                                                               
       Stack:                         0       0         4096   
       Linker Generated:              0       59        0      
    +--+------------------------------+-------+---------+---------+
       Grand Total:                   10115   944       4838   


LINKER GENERATED COPY TABLES

__TI_cinit_table @ 00002b30 records: 3, size/record: 8, table size: 24
	.bss: load addr=00002b18, load size=00000008 bytes, run addr=20001270, run size=00000075 bytes, compression=zero_init
	.vtable: load addr=00002b20, load size=00000008 bytes, run addr=20000000, run size=0000026c bytes, compression=zero_init
	.data: load addr=00002b28, load size=00000007 bytes, run addr=200012e8, run size=00000005 bytes, compression=lzss


LINKER GENERATED HANDLER TABLE

__TI_handler_table @ 00002b08 records: 3, size/record: 4, table size: 12
	index: 0, handler: __TI_zero_init
	index: 1, handler: __TI_decompress_lzss
	index: 2, handler: __TI_decompress_none


GLOBAL SYMBOLS: SORTED ALPHABETICALLY BY Name 

address   name                          
-------   ----                          
000029f5  C$$EXIT                       
000029cf  CPUcpsie                      
000029a1  IntMasterEnable               
000027e9  IntRegister                   
000029db  ResetISR                      
00000fe5  TIMER3B_HANDLER               
20001270  __STACK_END                   
00001000  __STACK_SIZE                  
20000470  __STACK_TOP                   
00002b30  __TI_CINIT_Base               
00002b48  __TI_CINIT_Limit              
00002b08  __TI_Handler_Table_Base       
00002b14  __TI_Handler_Table_Limit      
000026e1  __TI_auto_init_nobinit_nopinit
0000242d  __TI_decompress_lzss          
000029c1  __TI_decompress_none          
000025a7  __TI_ltoa                     
ffffffff  __TI_pprof_out_hndl           
0000026d  __TI_printfi                  
ffffffff  __TI_prof_data_size           
ffffffff  __TI_prof_data_start          
00000000  __TI_static_base__            
000028cf  __TI_zero_init_nomemset       
00002239  __aeabi_cdcmpeq               
00002239  __aeabi_cdcmple               
000022bf  __aeabi_cdrcmple              
00002699  __aeabi_d2iz                  
00002725  __aeabi_d2uiz                 
00001903  __aeabi_dadd                  
00001bed  __aeabi_ddiv                  
00001f59  __aeabi_dmul                  
000018f9  __aeabi_dsub                  
000029e9  __aeabi_errno_addr            
00002881  __aeabi_i2d                   
00000cbb  __aeabi_idiv0                 
00000cbb  __aeabi_ldiv0                 
00002345  __aeabi_memclr                
00002345  __aeabi_memclr4               
00002345  __aeabi_memclr8               
00002107  __aeabi_memcpy                
00002107  __aeabi_memcpy4               
00002107  __aeabi_memcpy8               
00002347  __aeabi_memset                
00002347  __aeabi_memset4               
00002347  __aeabi_memset8               
000028af  __aeabi_ui2d                  
000021a3  __aeabi_uldivmod              
ffffffff  __binit__                     
ffffffff  __c_args__                    
UNDEFED   __mpu_init                    
20000270  __stack                       
20000000  __start___llvm_prf_cnts       
20000000  __stop___llvm_prf_cnts        
0000281d  _c_int00_noargs               
000029f8  _ctypes_                      
200012ec  _running                      
UNDEFED   _system_post_cinit            
000029f1  _system_pre_init              
200012c4  _timeout_ticks                
000029f5  abort                         
0000264d  atoi                          
ffffffff  binit                         
0000115d  calcDist                      
00002907  copysign                      
00002907  copysignl                     
200012c8  current_time                  
200012cc  dist                          
200012e8  errno                         
200012d0  falling_time                  
00002495  frexp                         
00002495  frexpl                        
20000000  g_pfnRAMVectors               
00000000  g_pfnVectors                  
00001193  get_pulseWidth                
00001199  get_pulseWidth_millis         
200012d4  last_time                     
000029b1  lcd_clear                     
00000e91  lcd_gotoLine                  
00000cf9  lcd_init                      
00000ef7  lcd_printf                    
00000db9  lcd_putc                      
00000df1  lcd_puts                      
00000cbd  lcd_reverseNibble             
00000e0f  lcd_sendCommand               
00000e4d  lcd_sendNibble                
00000eb9  lcd_setCursorPos              
00001e49  ldexp                         
00001e49  ldexpl                        
000024f9  main                          
000028eb  memccpy                       
00002107  memcpy                        
0000234d  memset                        
200012d8  overflow                      
000011ab  overflowCalc                  
00001031  ping_init                     
00001147  ping_read                     
000010d5  ping_trigger                  
200012dc  rising_time                   
00001e49  scalbn                        
00001e49  scalbnl                       
200012e4  state                         
00002951  strchr                        
00002939  strcmp                        
00002967  strcpy                        
0000297b  strlen                        
200012e0  time_diff                     
000015ff  timer_getMicros               
000015a7  timer_getMillis               
000014e1  timer_init                    
00001583  timer_pause                   
00001595  timer_resume                  
00001559  timer_stop                    
00001659  timer_waitMicros              
0000168b  timer_waitMillis              
00002769  vsnprintf                     
0000298f  wcslen                        


GLOBAL SYMBOLS: SORTED BY Symbol Address 

address   name                          
-------   ----                          
00000000  __TI_static_base__            
00000000  g_pfnVectors                  
0000026d  __TI_printfi                  
00000cbb  __aeabi_idiv0                 
00000cbb  __aeabi_ldiv0                 
00000cbd  lcd_reverseNibble             
00000cf9  lcd_init                      
00000db9  lcd_putc                      
00000df1  lcd_puts                      
00000e0f  lcd_sendCommand               
00000e4d  lcd_sendNibble                
00000e91  lcd_gotoLine                  
00000eb9  lcd_setCursorPos              
00000ef7  lcd_printf                    
00000fe5  TIMER3B_HANDLER               
00001000  __STACK_SIZE                  
00001031  ping_init                     
000010d5  ping_trigger                  
00001147  ping_read                     
0000115d  calcDist                      
00001193  get_pulseWidth                
00001199  get_pulseWidth_millis         
000011ab  overflowCalc                  
000014e1  timer_init                    
00001559  timer_stop                    
00001583  timer_pause                   
00001595  timer_resume                  
000015a7  timer_getMillis               
000015ff  timer_getMicros               
00001659  timer_waitMicros              
0000168b  timer_waitMillis              
000018f9  __aeabi_dsub                  
00001903  __aeabi_dadd                  
00001bed  __aeabi_ddiv                  
00001e49  ldexp                         
00001e49  ldexpl                        
00001e49  scalbn                        
00001e49  scalbnl                       
00001f59  __aeabi_dmul                  
00002107  __aeabi_memcpy                
00002107  __aeabi_memcpy4               
00002107  __aeabi_memcpy8               
00002107  memcpy                        
000021a3  __aeabi_uldivmod              
00002239  __aeabi_cdcmpeq               
00002239  __aeabi_cdcmple               
000022bf  __aeabi_cdrcmple              
00002345  __aeabi_memclr                
00002345  __aeabi_memclr4               
00002345  __aeabi_memclr8               
00002347  __aeabi_memset                
00002347  __aeabi_memset4               
00002347  __aeabi_memset8               
0000234d  memset                        
0000242d  __TI_decompress_lzss          
00002495  frexp                         
00002495  frexpl                        
000024f9  main                          
000025a7  __TI_ltoa                     
0000264d  atoi                          
00002699  __aeabi_d2iz                  
000026e1  __TI_auto_init_nobinit_nopinit
00002725  __aeabi_d2uiz                 
00002769  vsnprintf                     
000027e9  IntRegister                   
0000281d  _c_int00_noargs               
00002881  __aeabi_i2d                   
000028af  __aeabi_ui2d                  
000028cf  __TI_zero_init_nomemset       
000028eb  memccpy                       
00002907  copysign                      
00002907  copysignl                     
00002939  strcmp                        
00002951  strchr                        
00002967  strcpy                        
0000297b  strlen                        
0000298f  wcslen                        
000029a1  IntMasterEnable               
000029b1  lcd_clear                     
000029c1  __TI_decompress_none          
000029cf  CPUcpsie                      
000029db  ResetISR                      
000029e9  __aeabi_errno_addr            
000029f1  _system_pre_init              
000029f5  C$$EXIT                       
000029f5  abort                         
000029f8  _ctypes_                      
00002b08  __TI_Handler_Table_Base       
00002b14  __TI_Handler_Table_Limit      
00002b30  __TI_CINIT_Base               
00002b48  __TI_CINIT_Limit              
20000000  __start___llvm_prf_cnts       
20000000  __stop___llvm_prf_cnts        
20000000  g_pfnRAMVectors               
20000270  __stack                       
20000470  __STACK_TOP                   
20001270  __STACK_END                   
200012c4  _timeout_ticks                
200012c8  current_time                  
200012cc  dist                          
200012d0  falling_time                  
200012d4  last_time                     
200012d8  overflow                      
200012dc  rising_time                   
200012e0  time_diff                     
200012e4  state                         
200012e8  errno                         
200012ec  _running                      
ffffffff  __TI_pprof_out_hndl           
ffffffff  __TI_prof_data_size           
ffffffff  __TI_prof_data_start          
ffffffff  __binit__                     
ffffffff  __c_args__                    
ffffffff  binit                         
UNDEFED   __mpu_init                    
UNDEFED   _system_post_cinit            

[116 symbols]
