******************************************************************************
                  TI ARM Linker PC v20.2.6                     
******************************************************************************
>> Linked Wed Apr 12 10:45:04 2023

OUTPUT FILE NAME:   <lab10.out>
ENTRY POINT SYMBOL: "_c_int00_noargs"  address: 000028e1


MEMORY CONFIGURATION

         name            origin    length      used     unused   attr    fill
----------------------  --------  ---------  --------  --------  ----  --------
  FLASH                 00000000   00040000  00002c1d  0003d3e3  R  X
  SRAM                  20000000   00008000  000012ee  00006d12  RW X


SEGMENT ALLOCATION MAP

run origin  load origin   length   init length attrs members
----------  ----------- ---------- ----------- ----- -------
00000000    00000000    00002c20   00002c20    r-x
  00000000    00000000    0000026c   0000026c    r-- .intvecs
  0000026c    0000026c    00002868   00002868    r-x .text
  00002ad4    00002ad4    00000109   00000109    r-- .const
  00002be0    00002be0    00000040   00000040    r-- .cinit
20000000    20000000    000012f5   00000000    rw-
  20000000    20000000    0000026c   00000000    rw- .vtable
  20000270    20000270    00001000   00000000    rw- .stack
  20001270    20001270    00000075   00000000    rw- .bss
  200012e8    200012e8    0000000d   00000000    rw- .data


SECTION ALLOCATION MAP

 output                                  attributes/
section   page    origin      length       input sections
--------  ----  ----------  ----------   ----------------
.intvecs   0    00000000    0000026c     
                  00000000    0000026c     tm4c123gh6pm_startup_ccs.obj (.intvecs)

.text      0    0000026c    00002868     
                  0000026c    00000a4e     rtsv7M4_T_le_v4SPD16_eabi.lib : _printfi.c.obj (.text:__TI_printfi)
                  00000cba    00000002                                   : div0.asm.obj (.text)
                  00000cbc    00000328     lcd.obj (.text)
                  00000fe4    0000028c     ping_template.obj (.text)
                  00001270    00000278     Timer.obj (.text)
                  000014e8    00000270     rtsv7M4_T_le_v4SPD16_eabi.lib : _printfi.c.obj (.text:_pconv_a)
                  00001758    000001d0                                   : _printfi.c.obj (.text:_pconv_g)
                  00001928    000001b6                                   : fd_add_t2.asm.obj (.text)
                  00001ade    00000002     --HOLE-- [fill = 0]
                  00001ae0    0000013c                                   : _printfi.c.obj (.text:_pconv_e)
                  00001c1c    00000136                                   : fd_div_t2.asm.obj (.text)
                  00001d52    00000002     --HOLE-- [fill = 0]
                  00001d54    00000124                                   : _printfi.c.obj (.text:fcvt)
                  00001e78    00000110                                   : s_scalbn.c.obj (.text:scalbn)
                  00001f88    000000fc                                   : fd_mul_t2.asm.obj (.text)
                  00002084    000000ec     servo.obj (.text)
                  00002170    000000b1     rtsv7M4_T_le_v4SPD16_eabi.lib : _printfi.c.obj (.text:_ltostr)
                  00002221    00000001     --HOLE-- [fill = 0]
                  00002222    0000009c                                   : memcpy_t2.asm.obj (.text)
                  000022be    00000096                                   : ull_div_t2.asm.obj (.text)
                  00002354    00000086                                   : fd_cmp_t2.asm.obj (.text:__aeabi_cdcmple)
                  000023da    00000086                                   : fd_cmp_t2.asm.obj (.text:__aeabi_cdrcmple)
                  00002460    0000007a                                   : memset_t2.asm.obj (.text)
                  000024da    0000006e                                   : _printfi.c.obj (.text:_mcpy)
                  00002548    00000068                                   : copy_decompress_lzss.c.obj (.text:decompress:lzss:__TI_decompress_lzss)
                  000025b0    00000064                                   : s_frexp.c.obj (.text:frexp)
                  00002614    00000056                                   : _printfi.c.obj (.text:_pconv_f)
                  0000266a    00000054                                   : _ltoa.c.obj (.text:__TI_ltoa)
                  000026be    00000052                                   : _printfi.c.obj (.text:_ecpy)
                  00002710    0000004c                                   : atoi.c.obj (.text:atoi)
                  0000275c    00000048                                   : fd_toi_t2.asm.obj (.text)
                  000027a4    00000044                                   : autoinit.c.obj (.text:__TI_auto_init_nobinit_nopinit:__TI_auto_init_nobinit_nopinit)
                  000027e8    00000044                                   : fd_tou_t2.asm.obj (.text)
                  0000282c    00000040                                   : vsnprintf.c.obj (.text:vsnprintf)
                  0000286c    0000003e                                   : _printfi.c.obj (.text:_fcpy)
                  000028aa    00000002     --HOLE-- [fill = 0]
                  000028ac    00000034     driverlib.lib : interrupt.obj (.text:IntRegister)
                  000028e0    00000034     rtsv7M4_T_le_v4SPD16_eabi.lib : boot_cortex_m.c.obj (.text:_c_int00_noargs:_c_int00_noargs)
                  00002914    00000030                                   : vsnprintf.c.obj (.text:_outs)
                  00002944    0000002e                                   : i_tofd_t2.asm.obj (.text)
                  00002972    00000020                                   : u_tofd_t2.asm.obj (.text)
                  00002992    0000001c                                   : copy_zero_init.c.obj (.text:decompress:ZI:__TI_zero_init_nomemset:__TI_zero_init_nomemset)
                  000029ae    0000001c                                   : memccpy.c.obj (.text:memccpy)
                  000029ca    0000001a                                   : s_copysign.c.obj (.text:copysign)
                  000029e4    00000018                                   : vsnprintf.c.obj (.text:_outc)
                  000029fc    00000018     main.obj (.text)
                  00002a14    00000018     rtsv7M4_T_le_v4SPD16_eabi.lib : strcmp.c.obj (.text:strcmp)
                  00002a2c    00000016                                   : strchr.c.obj (.text:strchr)
                  00002a42    00000014                                   : strcpy.c.obj (.text:strcpy)
                  00002a56    00000014                                   : strlen.c.obj (.text:strlen)
                  00002a6a    00000012                                   : wcslen.c.obj (.text:wcslen)
                  00002a7c    00000010     driverlib.lib : interrupt.obj (.text:IntMasterEnable)
                  00002a8c    00000010     lcd.obj (.text:lcd_clear)
                  00002a9c    0000000e     rtsv7M4_T_le_v4SPD16_eabi.lib : copy_decompress_none.c.obj (.text:decompress:none:__TI_decompress_none)
                  00002aaa    0000000c     driverlib.lib : cpu.obj (.text:CPUcpsie)
                  00002ab6    0000000c     tm4c123gh6pm_startup_ccs.obj (.text)
                  00002ac2    00000002     --HOLE-- [fill = 0]
                  00002ac4    00000008     rtsv7M4_T_le_v4SPD16_eabi.lib : errno.c.obj (.text:__aeabi_errno_addr)
                  00002acc    00000004                                   : pre_init.c.obj (.text:_system_pre_init)
                  00002ad0    00000004                                   : exit.c.obj (.text:abort:abort)

.const     0    00002ad4    00000109     
                  00002ad4    00000101     rtsv7M4_T_le_v4SPD16_eabi.lib : ctype.c.obj (.const:.string:_ctypes_)
                  00002bd5    00000004     lcd.obj (.const:.string:lineAddress$1)
                  00002bd9    00000004     lcd.obj (.const:.string:lineAddresses$2)

.cinit     0    00002be0    00000040     
                  00002be0    0000000c     (__TI_handler_table)
                  00002bec    0000000a     (.cinit..data.load) [load image, compression = lzss]
                  00002bf6    00000002     --HOLE-- [fill = 0]
                  00002bf8    00000008     (.cinit..bss.load) [load image, compression = zero_init]
                  00002c00    00000008     (.cinit..vtable.load) [load image, compression = zero_init]
                  00002c08    00000018     (__TI_cinit_table)

.init_array 
*          0    00000000    00000000     UNINITIALIZED

.vtable    0    20000000    0000026c     UNINITIALIZED
                  20000000    0000026c     driverlib.lib : interrupt.obj (.vtable)

.bss       0    20001270    00000075     UNINITIALIZED
                  20001270    00000054     lcd.obj (.bss:lastbuffer$3)
                  200012c4    00000004     (.common:_timeout_ticks)
                  200012c8    00000004     (.common:current_time)
                  200012cc    00000004     (.common:dist)
                  200012d0    00000004     (.common:falling_time)
                  200012d4    00000004     (.common:last_time)
                  200012d8    00000004     (.common:overflow)
                  200012dc    00000004     (.common:rising_time)
                  200012e0    00000004     (.common:time_diff)
                  200012e4    00000001     (.common:state)

.data      0    200012e8    0000000d     UNINITIALIZED
                  200012e8    00000008     servo.obj (.data)
                  200012f0    00000004     rtsv7M4_T_le_v4SPD16_eabi.lib : errno.c.obj (.data)
                  200012f4    00000001     Timer.obj (.data)

.stack     0    20000270    00001000     UNINITIALIZED
                  20000270    00000004     rtsv7M4_T_le_v4SPD16_eabi.lib : boot_cortex_m.c.obj (.stack)
                  20000274    00000ffc     --HOLE--

__llvm_prf_cnts 
*          0    20000000    00000000     UNINITIALIZED

MODULE SUMMARY

       Module                         code    ro data   rw data
       ------                         ----    -------   -------
    .\
       lcd.obj                        824     8         84     
       ping_template.obj              652     0         29     
       Timer.obj                      632     0         5      
       tm4c123gh6pm_startup_ccs.obj   12      620       0      
       servo.obj                      236     0         8      
       main.obj                       24      0         0      
    +--+------------------------------+-------+---------+---------+
       Total:                         2380    628       126    
                                                               
    C:/ti/TivaWare_C_Series-2.2.0.295/driverlib/ccs/Debug/driverlib.lib
       interrupt.obj                  68      0         620    
       cpu.obj                        12      0         0      
    +--+------------------------------+-------+---------+---------+
       Total:                         80      0         620    
                                                               
    C:\ti\ccs1200\ccs\tools\compiler\ti-cgt-arm_20.2.6.LTS\lib\rtsv7M4_T_le_v4SPD16_eabi.lib
       _printfi.c.obj                 4851    0         0      
       fd_add_t2.asm.obj              438     0         0      
       fd_div_t2.asm.obj              310     0         0      
       s_scalbn.c.obj                 272     0         0      
       fd_cmp_t2.asm.obj              268     0         0      
       ctype.c.obj                    0       257       0      
       fd_mul_t2.asm.obj              252     0         0      
       memcpy_t2.asm.obj              156     0         0      
       ull_div_t2.asm.obj             150     0         0      
       vsnprintf.c.obj                136     0         0      
       memset_t2.asm.obj              122     0         0      
       copy_decompress_lzss.c.obj     104     0         0      
       s_frexp.c.obj                  100     0         0      
       _ltoa.c.obj                    84      0         0      
       atoi.c.obj                     76      0         0      
       fd_toi_t2.asm.obj              72      0         0      
       autoinit.c.obj                 68      0         0      
       fd_tou_t2.asm.obj              68      0         0      
       boot_cortex_m.c.obj            52      0         0      
       i_tofd_t2.asm.obj              46      0         0      
       u_tofd_t2.asm.obj              32      0         0      
       copy_zero_init.c.obj           28      0         0      
       memccpy.c.obj                  28      0         0      
       s_copysign.c.obj               26      0         0      
       strcmp.c.obj                   24      0         0      
       strchr.c.obj                   22      0         0      
       strcpy.c.obj                   20      0         0      
       strlen.c.obj                   20      0         0      
       wcslen.c.obj                   18      0         0      
       copy_decompress_none.c.obj     14      0         0      
       errno.c.obj                    8       0         4      
       exit.c.obj                     4       0         0      
       pre_init.c.obj                 4       0         0      
       div0.asm.obj                   2       0         0      
    +--+------------------------------+-------+---------+---------+
       Total:                         7875    257       4      
                                                               
       Stack:                         0       0         4096   
       Linker Generated:              0       62        0      
    +--+------------------------------+-------+---------+---------+
       Grand Total:                   10335   947       4846   


LINKER GENERATED COPY TABLES

__TI_cinit_table @ 00002c08 records: 3, size/record: 8, table size: 24
	.data: load addr=00002bec, load size=0000000a bytes, run addr=200012e8, run size=0000000d bytes, compression=lzss
	.bss: load addr=00002bf8, load size=00000008 bytes, run addr=20001270, run size=00000075 bytes, compression=zero_init
	.vtable: load addr=00002c00, load size=00000008 bytes, run addr=20000000, run size=0000026c bytes, compression=zero_init


LINKER GENERATED HANDLER TABLE

__TI_handler_table @ 00002be0 records: 3, size/record: 4, table size: 12
	index: 0, handler: __TI_zero_init
	index: 1, handler: __TI_decompress_lzss
	index: 2, handler: __TI_decompress_none


GLOBAL SYMBOLS: SORTED ALPHABETICALLY BY Name 

address   name                          
-------   ----                          
00002ad1  C$$EXIT                       
00002aab  CPUcpsie                      
200012ec  DegreeToServoVal              
00002a7d  IntMasterEnable               
000028ad  IntRegister                   
00002ab7  ResetISR                      
00000fe5  TIMER3B_HANDLER               
20001270  __STACK_END                   
00001000  __STACK_SIZE                  
20000470  __STACK_TOP                   
00002c08  __TI_CINIT_Base               
00002c20  __TI_CINIT_Limit              
00002be0  __TI_Handler_Table_Base       
00002bec  __TI_Handler_Table_Limit      
000027a5  __TI_auto_init_nobinit_nopinit
00002549  __TI_decompress_lzss          
00002a9d  __TI_decompress_none          
0000266b  __TI_ltoa                     
ffffffff  __TI_pprof_out_hndl           
0000026d  __TI_printfi                  
ffffffff  __TI_prof_data_size           
ffffffff  __TI_prof_data_start          
00000000  __TI_static_base__            
00002993  __TI_zero_init_nomemset       
00002355  __aeabi_cdcmpeq               
00002355  __aeabi_cdcmple               
000023db  __aeabi_cdrcmple              
0000275d  __aeabi_d2iz                  
000027e9  __aeabi_d2uiz                 
00001933  __aeabi_dadd                  
00001c1d  __aeabi_ddiv                  
00001f89  __aeabi_dmul                  
00001929  __aeabi_dsub                  
00002ac5  __aeabi_errno_addr            
00002945  __aeabi_i2d                   
00000cbb  __aeabi_idiv0                 
00000cbb  __aeabi_ldiv0                 
00002461  __aeabi_memclr                
00002461  __aeabi_memclr4               
00002461  __aeabi_memclr8               
00002223  __aeabi_memcpy                
00002223  __aeabi_memcpy4               
00002223  __aeabi_memcpy8               
00002463  __aeabi_memset                
00002463  __aeabi_memset4               
00002463  __aeabi_memset8               
00002973  __aeabi_ui2d                  
000022bf  __aeabi_uldivmod              
ffffffff  __binit__                     
ffffffff  __c_args__                    
UNDEFED   __mpu_init                    
20000270  __stack                       
20000000  __start___llvm_prf_cnts       
20000000  __stop___llvm_prf_cnts        
000028e1  _c_int00_noargs               
00002ad4  _ctypes_                      
200012f4  _running                      
UNDEFED   _system_post_cinit            
00002acd  _system_pre_init              
200012c4  _timeout_ticks                
00002ad1  abort                         
00002711  atoi                          
ffffffff  binit                         
0000115d  calcDist                      
200012e8  conversion                    
000029cb  copysign                      
000029cb  copysignl                     
200012c8  current_time                  
200012cc  dist                          
200012f0  errno                         
200012d0  falling_time                  
000025b1  frexp                         
000025b1  frexpl                        
20000000  g_pfnRAMVectors               
00000000  g_pfnVectors                  
00001193  get_pulseWidth                
00001199  get_pulseWidth_millis         
200012d4  last_time                     
00002a8d  lcd_clear                     
00000e91  lcd_gotoLine                  
00000cf9  lcd_init                      
00000ef7  lcd_printf                    
00000db9  lcd_putc                      
00000df1  lcd_puts                      
00000cbd  lcd_reverseNibble             
00000e0f  lcd_sendCommand               
00000e4d  lcd_sendNibble                
00000eb9  lcd_setCursorPos              
00001e79  ldexp                         
00001e79  ldexpl                        
000029fd  main                          
000029af  memccpy                       
00002223  memcpy                        
00002469  memset                        
200012d8  overflow                      
000011ab  overflowCalc                  
00001031  ping_init                     
00001147  ping_read                     
000010d5  ping_trigger                  
200012dc  rising_time                   
00001e79  scalbn                        
00001e79  scalbnl                       
00002085  servo_init                    
00002107  servo_move                    
200012e4  state                         
00002a2d  strchr                        
00002a15  strcmp                        
00002a43  strcpy                        
00002a57  strlen                        
200012e0  time_diff                     
000013b7  timer_getMicros               
0000135f  timer_getMillis               
00001299  timer_init                    
00001271  timer_init2                   
0000133b  timer_pause                   
0000134d  timer_resume                  
00001311  timer_stop                    
00001411  timer_waitMicros              
00001443  timer_waitMillis              
0000282d  vsnprintf                     
00002a6b  wcslen                        


GLOBAL SYMBOLS: SORTED BY Symbol Address 

address   name                          
-------   ----                          
00000000  __TI_static_base__            
00000000  g_pfnVectors                  
0000026d  __TI_printfi                  
00000cbb  __aeabi_idiv0                 
00000cbb  __aeabi_ldiv0                 
00000cbd  lcd_reverseNibble             
00000cf9  lcd_init                      
00000db9  lcd_putc                      
00000df1  lcd_puts                      
00000e0f  lcd_sendCommand               
00000e4d  lcd_sendNibble                
00000e91  lcd_gotoLine                  
00000eb9  lcd_setCursorPos              
00000ef7  lcd_printf                    
00000fe5  TIMER3B_HANDLER               
00001000  __STACK_SIZE                  
00001031  ping_init                     
000010d5  ping_trigger                  
00001147  ping_read                     
0000115d  calcDist                      
00001193  get_pulseWidth                
00001199  get_pulseWidth_millis         
000011ab  overflowCalc                  
00001271  timer_init2                   
00001299  timer_init                    
00001311  timer_stop                    
0000133b  timer_pause                   
0000134d  timer_resume                  
0000135f  timer_getMillis               
000013b7  timer_getMicros               
00001411  timer_waitMicros              
00001443  timer_waitMillis              
00001929  __aeabi_dsub                  
00001933  __aeabi_dadd                  
00001c1d  __aeabi_ddiv                  
00001e79  ldexp                         
00001e79  ldexpl                        
00001e79  scalbn                        
00001e79  scalbnl                       
00001f89  __aeabi_dmul                  
00002085  servo_init                    
00002107  servo_move                    
00002223  __aeabi_memcpy                
00002223  __aeabi_memcpy4               
00002223  __aeabi_memcpy8               
00002223  memcpy                        
000022bf  __aeabi_uldivmod              
00002355  __aeabi_cdcmpeq               
00002355  __aeabi_cdcmple               
000023db  __aeabi_cdrcmple              
00002461  __aeabi_memclr                
00002461  __aeabi_memclr4               
00002461  __aeabi_memclr8               
00002463  __aeabi_memset                
00002463  __aeabi_memset4               
00002463  __aeabi_memset8               
00002469  memset                        
00002549  __TI_decompress_lzss          
000025b1  frexp                         
000025b1  frexpl                        
0000266b  __TI_ltoa                     
00002711  atoi                          
0000275d  __aeabi_d2iz                  
000027a5  __TI_auto_init_nobinit_nopinit
000027e9  __aeabi_d2uiz                 
0000282d  vsnprintf                     
000028ad  IntRegister                   
000028e1  _c_int00_noargs               
00002945  __aeabi_i2d                   
00002973  __aeabi_ui2d                  
00002993  __TI_zero_init_nomemset       
000029af  memccpy                       
000029cb  copysign                      
000029cb  copysignl                     
000029fd  main                          
00002a15  strcmp                        
00002a2d  strchr                        
00002a43  strcpy                        
00002a57  strlen                        
00002a6b  wcslen                        
00002a7d  IntMasterEnable               
00002a8d  lcd_clear                     
00002a9d  __TI_decompress_none          
00002aab  CPUcpsie                      
00002ab7  ResetISR                      
00002ac5  __aeabi_errno_addr            
00002acd  _system_pre_init              
00002ad1  C$$EXIT                       
00002ad1  abort                         
00002ad4  _ctypes_                      
00002be0  __TI_Handler_Table_Base       
00002bec  __TI_Handler_Table_Limit      
00002c08  __TI_CINIT_Base               
00002c20  __TI_CINIT_Limit              
20000000  __start___llvm_prf_cnts       
20000000  __stop___llvm_prf_cnts        
20000000  g_pfnRAMVectors               
20000270  __stack                       
20000470  __STACK_TOP                   
20001270  __STACK_END                   
200012c4  _timeout_ticks                
200012c8  current_time                  
200012cc  dist                          
200012d0  falling_time                  
200012d4  last_time                     
200012d8  overflow                      
200012dc  rising_time                   
200012e0  time_diff                     
200012e4  state                         
200012e8  conversion                    
200012ec  DegreeToServoVal              
200012f0  errno                         
200012f4  _running                      
ffffffff  __TI_pprof_out_hndl           
ffffffff  __TI_prof_data_size           
ffffffff  __TI_prof_data_start          
ffffffff  __binit__                     
ffffffff  __c_args__                    
ffffffff  binit                         
UNDEFED   __mpu_init                    
UNDEFED   _system_post_cinit            

[121 symbols]
