******************************************************************************
                  TI ARM Linker PC v20.2.6                     
******************************************************************************
>> Linked Fri Apr 28 18:18:29 2023

OUTPUT FILE NAME:   <final_project3.out>
ENTRY POINT SYMBOL: "_c_int00_noargs"  address: 000055e9


MEMORY CONFIGURATION

         name            origin    length      used     unused   attr    fill
----------------------  --------  ---------  --------  --------  ----  --------
  FLASH                 00000000   00040000  000059ef  0003a611  R  X
  SRAM                  20000000   00008000  0000233c  00005cc4  RW X


SEGMENT ALLOCATION MAP

run origin  load origin   length   init length attrs members
----------  ----------- ---------- ----------- ----- -------
00000000    00000000    000059f8   000059f8    r-x
  00000000    00000000    0000026c   0000026c    r-- .intvecs
  0000026c    0000026c    000055e0   000055e0    r-x .text
  00005850    00005850    0000014b   0000014b    r-- .const
  000059a0    000059a0    00000058   00000058    r-- .cinit
20000000    20000000    00002340   00000000    rw-
  20000000    20000000    0000026c   00000000    rw- .vtable
  20000270    20000270    00001000   00000000    rw- .stack
  20001270    20001270    00001000   00000000    rw- .sysmem
  20002270    20002270    00000080   00000000    rw- .bss
  200022f0    200022f0    00000050   00000000    rw- .data


SECTION ALLOCATION MAP

 output                                  attributes/
section   page    origin      length       input sections
--------  ----  ----------  ----------   ----------------
.intvecs   0    00000000    0000026c     
                  00000000    0000026c     tm4c123gh6pm_startup_ccs.obj (.intvecs)

.text      0    0000026c    000055e0     
                  0000026c    00000c20     open_interface.obj (.text)
                  00000e8c    00000ae8     commands.obj (.text)
                  00001974    00000a4e     rtsv7M4_T_le_v4SPD16_eabi.lib : _printfi.c.obj (.text:__TI_printfi)
                  000023c2    00000002                                   : _lock.c.obj (.text:_nop)
                  000023c4    000009d0                                   : e_pow.c.obj (.text:pow)
                  00002d94    00000328     lcd.obj (.text)
                  000030bc    000002f8     ping_template.obj (.text)
                  000033b4    00000270     rtsv7M4_T_le_v4SPD16_eabi.lib : _printfi.c.obj (.text:_pconv_a)
                  00003624    00000260     uart-interrupt.obj (.text)
                  00003884    00000248     Timer.obj (.text)
                  00003acc    00000238     servo.obj (.text)
                  00003d04    00000218     adc.obj (.text)
                  00003f1c    000001d0     rtsv7M4_T_le_v4SPD16_eabi.lib : _printfi.c.obj (.text:_pconv_g)
                  000040ec    000001b6                                   : fd_add_t2.asm.obj (.text)
                  000042a2    00000002                                   : div0.asm.obj (.text)
                  000042a4    00000158                                   : e_sqrt.c.obj (.text:sqrt)
                  000043fc    0000013c                                   : _printfi.c.obj (.text:_pconv_e)
                  00004538    00000136                                   : fd_div_t2.asm.obj (.text)
                  0000466e    00000002     --HOLE-- [fill = 0]
                  00004670    00000124                                   : _printfi.c.obj (.text:fcvt)
                  00004794    00000110                                   : s_scalbn.c.obj (.text:scalbn)
                  000048a4    00000100                                   : memory.c.obj (.text:aligned_alloc)
                  000049a4    000000fc                                   : fd_mul_t2.asm.obj (.text)
                  00004aa0    000000e4                                   : memory.c.obj (.text:free)
                  00004b84    000000e4     main.obj (.text)
                  00004c68    000000b1     rtsv7M4_T_le_v4SPD16_eabi.lib : _printfi.c.obj (.text:_ltostr)
                  00004d19    00000001     --HOLE-- [fill = 0]
                  00004d1a    0000009c                                   : memcpy_t2.asm.obj (.text)
                  00004db6    00000096                                   : ull_div_t2.asm.obj (.text)
                  00004e4c    00000086                                   : fd_cmp_t2.asm.obj (.text:__aeabi_cdcmple)
                  00004ed2    00000086                                   : fd_cmp_t2.asm.obj (.text:__aeabi_cdrcmple)
                  00004f58    00000080     button.obj (.text)
                  00004fd8    0000007a     rtsv7M4_T_le_v4SPD16_eabi.lib : memset_t2.asm.obj (.text)
                  00005052    00000002     --HOLE-- [fill = 0]
                  00005054    00000070                                   : memory.c.obj (.text:split)
                  000050c4    0000006e                                   : _printfi.c.obj (.text:_mcpy)
                  00005132    0000006e                                   : fd_tos_t2.asm.obj (.text)
                  000051a0    00000068                                   : copy_decompress_lzss.c.obj (.text:decompress:lzss:__TI_decompress_lzss)
                  00005208    00000064                                   : s_frexp.c.obj (.text:frexp)
                  0000526c    00000056                                   : _printfi.c.obj (.text:_pconv_f)
                  000052c2    00000054                                   : _ltoa.c.obj (.text:__TI_ltoa)
                  00005316    00000052                                   : _printfi.c.obj (.text:_ecpy)
                  00005368    0000004c                                   : atoi.c.obj (.text:atoi)
                  000053b4    00000048                                   : fd_toi_t2.asm.obj (.text)
                  000053fc    00000044                                   : autoinit.c.obj (.text:__TI_auto_init_nobinit_nopinit:__TI_auto_init_nobinit_nopinit)
                  00005440    00000044                                   : fd_tou_t2.asm.obj (.text)
                  00005484    00000040                                   : sprintf.c.obj (.text:sprintf)
                  000054c4    00000040                                   : vsnprintf.c.obj (.text:vsnprintf)
                  00005504    0000003e                                   : _printfi.c.obj (.text:_fcpy)
                  00005542    00000002     --HOLE-- [fill = 0]
                  00005544    00000038                                   : memory.c.obj (.text:calloc)
                  0000557c    00000038                                   : fs_tod_t2.asm.obj (.text)
                  000055b4    00000034     driverlib.lib : interrupt.obj (.text:IntRegister)
                  000055e8    00000034     rtsv7M4_T_le_v4SPD16_eabi.lib : boot_cortex_m.c.obj (.text:_c_int00_noargs:_c_int00_noargs)
                  0000561c    00000030                                   : vsnprintf.c.obj (.text:_outs)
                  0000564c    0000002e                                   : i_tofd_t2.asm.obj (.text)
                  0000567a    00000002     --HOLE-- [fill = 0]
                  0000567c    00000028                                   : memory.c.obj (.text:free_list_insert)
                  000056a4    00000020                                   : u_tofd_t2.asm.obj (.text)
                  000056c4    0000001c                                   : copy_zero_init.c.obj (.text:decompress:ZI:__TI_zero_init_nomemset:__TI_zero_init_nomemset)
                  000056e0    0000001c                                   : memory.c.obj (.text:free_list_remove)
                  000056fc    0000001c                                   : memccpy.c.obj (.text:memccpy)
                  00005718    0000001a                                   : s_copysign.c.obj (.text:copysign)
                  00005732    00000018                                   : vsnprintf.c.obj (.text:_outc)
                  0000574a    00000018                                   : sprintf.c.obj (.text:_outs)
                  00005762    00000018     open_interface.obj (.text:oi_parseInt)
                  0000577a    00000018     rtsv7M4_T_le_v4SPD16_eabi.lib : strcmp.c.obj (.text:strcmp)
                  00005792    00000016                                   : strchr.c.obj (.text:strchr)
                  000057a8    00000014                                   : strcpy.c.obj (.text:strcpy)
                  000057bc    00000014                                   : strlen.c.obj (.text:strlen)
                  000057d0    00000012                                   : wcslen.c.obj (.text:wcslen)
                  000057e2    00000010     driverlib.lib : interrupt.obj (.text:IntMasterEnable)
                  000057f2    00000010     lcd.obj (.text:lcd_clear)
                  00005802    0000000e     rtsv7M4_T_le_v4SPD16_eabi.lib : copy_decompress_none.c.obj (.text:decompress:none:__TI_decompress_none)
                  00005810    0000000c     driverlib.lib : cpu.obj (.text:CPUcpsie)
                  0000581c    0000000c     tm4c123gh6pm_startup_ccs.obj (.text)
                  00005828    0000000a     rtsv7M4_T_le_v4SPD16_eabi.lib : sprintf.c.obj (.text:_outc)
                  00005832    00000002     --HOLE-- [fill = 0]
                  00005834    00000008                                   : errno.c.obj (.text:__aeabi_errno_addr)
                  0000583c    00000008                                   : memory.c.obj (.text:malloc)
                  00005844    00000004                                   : pre_init.c.obj (.text:_system_pre_init)
                  00005848    00000004                                   : exit.c.obj (.text:abort:abort)

.const     0    00005850    0000014b     
                  00005850    00000101     rtsv7M4_T_le_v4SPD16_eabi.lib : ctype.c.obj (.const:.string:_ctypes_)
                  00005951    00000004     lcd.obj (.const:.string:lineAddress$1)
                  00005955    00000003     --HOLE-- [fill = 0]
                  00005958    00000030     rtsv7M4_T_le_v4SPD16_eabi.lib : e_pow.c.obj (.const:$O1$$)
                  00005988    0000000f     open_interface.obj (.const:.string:$P$T0$3)
                  00005997    00000004     lcd.obj (.const:.string:lineAddresses$2)

.cinit     0    000059a0    00000058     
                  000059a0    00000024     (.cinit..data.load) [load image, compression = lzss]
                  000059c4    0000000c     (__TI_handler_table)
                  000059d0    00000008     (.cinit..bss.load) [load image, compression = zero_init]
                  000059d8    00000008     (.cinit..vtable.load) [load image, compression = zero_init]
                  000059e0    00000018     (__TI_cinit_table)

.init_array 
*          0    00000000    00000000     UNINITIALIZED

.vtable    0    20000000    0000026c     UNINITIALIZED
                  20000000    0000026c     driverlib.lib : interrupt.obj (.vtable)

.stack     0    20000270    00001000     UNINITIALIZED
                  20000270    00000004     rtsv7M4_T_le_v4SPD16_eabi.lib : boot_cortex_m.c.obj (.stack)
                  20000274    00000ffc     --HOLE--

.sysmem    0    20001270    00001000     UNINITIALIZED
                  20001270    00000010     rtsv7M4_T_le_v4SPD16_eabi.lib : memory.c.obj (.sysmem)
                  20001280    00000ff0     --HOLE--

.bss       0    20002270    00000080     UNINITIALIZED
                  20002270    00000054     lcd.obj (.bss:lastbuffer$3)
                  200022c4    00000018     open_interface.obj (.bss:firmware$2)
                  200022dc    00000004     (.common:_timeout_ticks)
                  200022e0    00000004     (.common:boundary)
                  200022e4    00000004     (.common:bump)
                  200022e8    00000004     (.common:cliff)
                  200022ec    00000004     (.common:match_val)

.data      0    200022f0    00000050     UNINITIALIZED
                  200022f0    00000020     open_interface.obj (.data)
                  20002310    0000000d     ping_template.obj (.data)
                  2000231d    00000001     Timer.obj (.data)
                  2000231e    00000001     button.obj (.data)
                  2000231f    00000001     --HOLE--
                  20002320    00000008     rtsv7M4_T_le_v4SPD16_eabi.lib : _lock.c.obj (.data:$O1$$)
                  20002328    00000008                                   : memory.c.obj (.data:$O1$$)
                  20002330    00000008     uart-interrupt.obj (.data)
                  20002338    00000004     rtsv7M4_T_le_v4SPD16_eabi.lib : errno.c.obj (.data)
                  2000233c    00000004     servo.obj (.data)

__llvm_prf_cnts 
*          0    20000000    00000000     UNINITIALIZED

MODULE SUMMARY

       Module                         code    ro data   rw data
       ------                         ----    -------   -------
    .\
       open_interface.obj             3128    15        56     
       commands.obj                   2792    0         12     
       lcd.obj                        824     8         84     
       ping_template.obj              760     0         13     
       tm4c123gh6pm_startup_ccs.obj   12      620       0      
       uart-interrupt.obj             608     0         8      
       Timer.obj                      584     0         5      
       servo.obj                      568     0         8      
       adc.obj                        536     0         0      
       main.obj                       228     0         0      
       button.obj                     128     0         1      
    +--+------------------------------+-------+---------+---------+
       Total:                         10168   643       187    
                                                               
    C:/ti/TivaWare_C_Series-2.2.0.295/driverlib/ccs/Debug/driverlib.lib
       interrupt.obj                  68      0         620    
       cpu.obj                        12      0         0      
    +--+------------------------------+-------+---------+---------+
       Total:                         80      0         620    
                                                               
    C:\ti\ccs1200\ccs\tools\compiler\ti-cgt-arm_20.2.6.LTS\lib\rtsv7M4_T_le_v4SPD16_eabi.lib
       _printfi.c.obj                 4851    0         0      
       e_pow.c.obj                    2512    48        0      
       memory.c.obj                   728     0         8      
       fd_add_t2.asm.obj              438     0         0      
       e_sqrt.c.obj                   344     0         0      
       fd_div_t2.asm.obj              310     0         0      
       s_scalbn.c.obj                 272     0         0      
       fd_cmp_t2.asm.obj              268     0         0      
       ctype.c.obj                    0       257       0      
       fd_mul_t2.asm.obj              252     0         0      
       memcpy_t2.asm.obj              156     0         0      
       ull_div_t2.asm.obj             150     0         0      
       vsnprintf.c.obj                136     0         0      
       memset_t2.asm.obj              122     0         0      
       fd_tos_t2.asm.obj              110     0         0      
       copy_decompress_lzss.c.obj     104     0         0      
       s_frexp.c.obj                  100     0         0      
       sprintf.c.obj                  98      0         0      
       _ltoa.c.obj                    84      0         0      
       atoi.c.obj                     76      0         0      
       fd_toi_t2.asm.obj              72      0         0      
       autoinit.c.obj                 68      0         0      
       fd_tou_t2.asm.obj              68      0         0      
       fs_tod_t2.asm.obj              56      0         0      
       boot_cortex_m.c.obj            52      0         0      
       i_tofd_t2.asm.obj              46      0         0      
       u_tofd_t2.asm.obj              32      0         0      
       copy_zero_init.c.obj           28      0         0      
       memccpy.c.obj                  28      0         0      
       s_copysign.c.obj               26      0         0      
       strcmp.c.obj                   24      0         0      
       strchr.c.obj                   22      0         0      
       strcpy.c.obj                   20      0         0      
       strlen.c.obj                   20      0         0      
       wcslen.c.obj                   18      0         0      
       copy_decompress_none.c.obj     14      0         0      
       errno.c.obj                    8       0         4      
       _lock.c.obj                    2       0         8      
       exit.c.obj                     4       0         0      
       pre_init.c.obj                 4       0         0      
       div0.asm.obj                   2       0         0      
    +--+------------------------------+-------+---------+---------+
       Total:                         11725   305       20     
                                                               
       Heap:                          0       0         4096   
       Stack:                         0       0         4096   
       Linker Generated:              0       88        0      
    +--+------------------------------+-------+---------+---------+
       Grand Total:                   21973   1036      9019   


LINKER GENERATED COPY TABLES

__TI_cinit_table @ 000059e0 records: 3, size/record: 8, table size: 24
	.data: load addr=000059a0, load size=00000024 bytes, run addr=200022f0, run size=00000050 bytes, compression=lzss
	.bss: load addr=000059d0, load size=00000008 bytes, run addr=20002270, run size=00000080 bytes, compression=zero_init
	.vtable: load addr=000059d8, load size=00000008 bytes, run addr=20000000, run size=0000026c bytes, compression=zero_init


LINKER GENERATED HANDLER TABLE

__TI_handler_table @ 000059c4 records: 3, size/record: 4, table size: 12
	index: 0, handler: __TI_zero_init
	index: 1, handler: __TI_decompress_lzss
	index: 2, handler: __TI_decompress_none


GLOBAL SYMBOLS: SORTED ALPHABETICALLY BY Name 

address   name                          
-------   ----                          
00005849  C$$EXIT                       
00005811  CPUcpsie                      
20002318  CURRENT_TIME                  
20002314  END_TIME                      
00000bc3  GPIOF_Handler                 
000057e3  IntMasterEnable               
000055b5  IntRegister                   
0000581d  ResetISR                      
20002310  START_TIME                    
2000231c  STATE                         
0000323b  TIMER3B_Handler               
0000375d  UART1_Handler                 
20001270  __STACK_END                   
00001000  __STACK_SIZE                  
20000470  __STACK_TOP                   
00001000  __SYSMEM_SIZE                 
000059e0  __TI_CINIT_Base               
000059f8  __TI_CINIT_Limit              
000059c4  __TI_Handler_Table_Base       
000059d0  __TI_Handler_Table_Limit      
000053fd  __TI_auto_init_nobinit_nopinit
000051a1  __TI_decompress_lzss          
00005803  __TI_decompress_none          
000052c3  __TI_ltoa                     
ffffffff  __TI_pprof_out_hndl           
00001975  __TI_printfi                  
ffffffff  __TI_prof_data_size           
ffffffff  __TI_prof_data_start          
00000000  __TI_static_base__            
000056c5  __TI_zero_init_nomemset       
00004e4d  __aeabi_cdcmpeq               
00004e4d  __aeabi_cdcmple               
00004ed3  __aeabi_cdrcmple              
00005133  __aeabi_d2f                   
000053b5  __aeabi_d2iz                  
00005441  __aeabi_d2uiz                 
000040f7  __aeabi_dadd                  
00004539  __aeabi_ddiv                  
000049a5  __aeabi_dmul                  
000040ed  __aeabi_dsub                  
00005835  __aeabi_errno_addr            
0000557d  __aeabi_f2d                   
0000564d  __aeabi_i2d                   
000042a3  __aeabi_idiv0                 
000042a3  __aeabi_ldiv0                 
00004fd9  __aeabi_memclr                
00004fd9  __aeabi_memclr4               
00004fd9  __aeabi_memclr8               
00004d1b  __aeabi_memcpy                
00004d1b  __aeabi_memcpy4               
00004d1b  __aeabi_memcpy8               
00004fdb  __aeabi_memset                
00004fdb  __aeabi_memset4               
00004fdb  __aeabi_memset8               
000056a5  __aeabi_ui2d                  
00004db7  __aeabi_uldivmod              
ffffffff  __binit__                     
ffffffff  __c_args__                    
UNDEFED   __mpu_init                    
20000270  __stack                       
20000000  __start___llvm_prf_cnts       
20000000  __stop___llvm_prf_cnts        
000055e9  _c_int00_noargs               
00005850  _ctypes_                      
20002320  _lock                         
000023c3  _nop                          
2000231d  _running                      
20001270  _sys_memory                   
UNDEFED   _system_post_cinit            
00005845  _system_pre_init              
200022dc  _timeout_ticks                
20002324  _unlock                       
00005849  abort                         
00003d05  adc_init                      
00003d89  adc_read                      
000048a5  aligned_alloc                 
00005369  atoi                          
ffffffff  binit                         
0000102d  boost                         
200022e0  boundary                      
200022e4  bump                          
00004f8b  button_getButton              
00004f59  button_init                   
00005545  calloc                        
000013e3  check_boundary                
000013ad  check_bump                    
00001445  check_cliff                   
200022e8  cliff                         
20002330  command_byte                  
20002334  command_flag                  
00005719  copysign                      
00005719  copysignl                     
00001395  emergency_brake               
20002338  errno                         
00004aa1  free                          
00005209  frexp                         
00005209  frexpl                        
20000000  g_pfnRAMVectors               
00000000  g_pfnVectors                  
000032a7  get_pulseWidth                
000032b3  get_pulseWidth_millis         
0000097f  go_charge                     
00003db5  ir_getDistance                
0000157d  ir_ping_scan                  
00003e97  ir_scan                       
0000149b  ir_sweep                      
000057f3  lcd_clear                     
00002f69  lcd_gotoLine                  
00002dd1  lcd_init                      
00002fcf  lcd_printf                    
00002e91  lcd_putc                      
00002ec9  lcd_puts                      
00002d95  lcd_reverseNibble             
00002ee7  lcd_sendCommand               
00002f25  lcd_sendNibble                
00002f91  lcd_setCursorPos              
00004795  ldexp                         
00004795  ldexpl                        
00004b85  main                          
0000583d  malloc                        
200022ec  match_val                     
000048a5  memalign                      
000056fd  memccpy                       
00004d1b  memcpy                        
00004fe1  memset                        
200022f0  motor_cal_factor_L            
200022f4  motor_cal_factor_R            
00000e8d  move_forward                  
0000130d  move_reverse                  
0000164f  object_detect                 
0000026d  oi_alloc                      
00000aa9  oi_checkFirmware              
000002c7  oi_close                      
00000279  oi_free                       
00000ded  oi_getMotorCalibrationLeft    
00000e01  oi_getMotorCalibrationRight   
000002b1  oi_init                       
00000289  oi_init_noupdate              
00000915  oi_loadSong                   
00005763  oi_parseInt                   
0000032b  oi_parsePacket                
0000096b  oi_play_song                  
0000084b  oi_setLeds                    
00000db1  oi_setMotorCalibration        
0000088f  oi_setWheels                  
00000b51  oi_shutoff_init               
0000098d  oi_uartInit                   
00000a31  oi_uartReceive                
00000a77  oi_uartSendBuff               
00000a15  oi_uartSendChar               
00000a59  oi_uartSendStr                
000002d9  oi_update                     
00003277  ping_getDistance              
000030bd  ping_init                     
000032d3  ping_scan                     
00001505  ping_sweep                    
0000319b  ping_trigger                  
000023c5  pow                           
000023c5  powl                          
2000233c  pwm_period                    
00004795  scalbn                        
00004795  scalbnl                       
00003ba1  servo_calibrate               
00003acd  servo_init                    
00003b5b  servo_move                    
00005485  sprintf                       
000042a5  sqrt                          
000042a5  sqrtl                         
00005793  strchr                        
0000577b  strcmp                        
000057a9  strcpy                        
000057bd  strlen                        
000039a3  timer_getMicros               
0000394b  timer_getMillis               
00003885  timer_init                    
00003927  timer_pause                   
00003939  timer_resume                  
000038fd  timer_stop                    
000039fd  timer_waitMicros              
00003a2f  timer_waitMillis              
00001333  turn_left                     
00001371  turn_right                    
00003625  uart_interrupt_init           
0000370f  uart_receive                  
000036f3  uart_sendChar                 
00003735  uart_sendStr                  
000054c5  vsnprintf                     
000057d1  wcslen                        


GLOBAL SYMBOLS: SORTED BY Symbol Address 

address   name                          
-------   ----                          
00000000  __TI_static_base__            
00000000  g_pfnVectors                  
0000026d  oi_alloc                      
00000279  oi_free                       
00000289  oi_init_noupdate              
000002b1  oi_init                       
000002c7  oi_close                      
000002d9  oi_update                     
0000032b  oi_parsePacket                
0000084b  oi_setLeds                    
0000088f  oi_setWheels                  
00000915  oi_loadSong                   
0000096b  oi_play_song                  
0000097f  go_charge                     
0000098d  oi_uartInit                   
00000a15  oi_uartSendChar               
00000a31  oi_uartReceive                
00000a59  oi_uartSendStr                
00000a77  oi_uartSendBuff               
00000aa9  oi_checkFirmware              
00000b51  oi_shutoff_init               
00000bc3  GPIOF_Handler                 
00000db1  oi_setMotorCalibration        
00000ded  oi_getMotorCalibrationLeft    
00000e01  oi_getMotorCalibrationRight   
00000e8d  move_forward                  
00001000  __STACK_SIZE                  
00001000  __SYSMEM_SIZE                 
0000102d  boost                         
0000130d  move_reverse                  
00001333  turn_left                     
00001371  turn_right                    
00001395  emergency_brake               
000013ad  check_bump                    
000013e3  check_boundary                
00001445  check_cliff                   
0000149b  ir_sweep                      
00001505  ping_sweep                    
0000157d  ir_ping_scan                  
0000164f  object_detect                 
00001975  __TI_printfi                  
000023c3  _nop                          
000023c5  pow                           
000023c5  powl                          
00002d95  lcd_reverseNibble             
00002dd1  lcd_init                      
00002e91  lcd_putc                      
00002ec9  lcd_puts                      
00002ee7  lcd_sendCommand               
00002f25  lcd_sendNibble                
00002f69  lcd_gotoLine                  
00002f91  lcd_setCursorPos              
00002fcf  lcd_printf                    
000030bd  ping_init                     
0000319b  ping_trigger                  
0000323b  TIMER3B_Handler               
00003277  ping_getDistance              
000032a7  get_pulseWidth                
000032b3  get_pulseWidth_millis         
000032d3  ping_scan                     
00003625  uart_interrupt_init           
000036f3  uart_sendChar                 
0000370f  uart_receive                  
00003735  uart_sendStr                  
0000375d  UART1_Handler                 
00003885  timer_init                    
000038fd  timer_stop                    
00003927  timer_pause                   
00003939  timer_resume                  
0000394b  timer_getMillis               
000039a3  timer_getMicros               
000039fd  timer_waitMicros              
00003a2f  timer_waitMillis              
00003acd  servo_init                    
00003b5b  servo_move                    
00003ba1  servo_calibrate               
00003d05  adc_init                      
00003d89  adc_read                      
00003db5  ir_getDistance                
00003e97  ir_scan                       
000040ed  __aeabi_dsub                  
000040f7  __aeabi_dadd                  
000042a3  __aeabi_idiv0                 
000042a3  __aeabi_ldiv0                 
000042a5  sqrt                          
000042a5  sqrtl                         
00004539  __aeabi_ddiv                  
00004795  ldexp                         
00004795  ldexpl                        
00004795  scalbn                        
00004795  scalbnl                       
000048a5  aligned_alloc                 
000048a5  memalign                      
000049a5  __aeabi_dmul                  
00004aa1  free                          
00004b85  main                          
00004d1b  __aeabi_memcpy                
00004d1b  __aeabi_memcpy4               
00004d1b  __aeabi_memcpy8               
00004d1b  memcpy                        
00004db7  __aeabi_uldivmod              
00004e4d  __aeabi_cdcmpeq               
00004e4d  __aeabi_cdcmple               
00004ed3  __aeabi_cdrcmple              
00004f59  button_init                   
00004f8b  button_getButton              
00004fd9  __aeabi_memclr                
00004fd9  __aeabi_memclr4               
00004fd9  __aeabi_memclr8               
00004fdb  __aeabi_memset                
00004fdb  __aeabi_memset4               
00004fdb  __aeabi_memset8               
00004fe1  memset                        
00005133  __aeabi_d2f                   
000051a1  __TI_decompress_lzss          
00005209  frexp                         
00005209  frexpl                        
000052c3  __TI_ltoa                     
00005369  atoi                          
000053b5  __aeabi_d2iz                  
000053fd  __TI_auto_init_nobinit_nopinit
00005441  __aeabi_d2uiz                 
00005485  sprintf                       
000054c5  vsnprintf                     
00005545  calloc                        
0000557d  __aeabi_f2d                   
000055b5  IntRegister                   
000055e9  _c_int00_noargs               
0000564d  __aeabi_i2d                   
000056a5  __aeabi_ui2d                  
000056c5  __TI_zero_init_nomemset       
000056fd  memccpy                       
00005719  copysign                      
00005719  copysignl                     
00005763  oi_parseInt                   
0000577b  strcmp                        
00005793  strchr                        
000057a9  strcpy                        
000057bd  strlen                        
000057d1  wcslen                        
000057e3  IntMasterEnable               
000057f3  lcd_clear                     
00005803  __TI_decompress_none          
00005811  CPUcpsie                      
0000581d  ResetISR                      
00005835  __aeabi_errno_addr            
0000583d  malloc                        
00005845  _system_pre_init              
00005849  C$$EXIT                       
00005849  abort                         
00005850  _ctypes_                      
000059c4  __TI_Handler_Table_Base       
000059d0  __TI_Handler_Table_Limit      
000059e0  __TI_CINIT_Base               
000059f8  __TI_CINIT_Limit              
20000000  __start___llvm_prf_cnts       
20000000  __stop___llvm_prf_cnts        
20000000  g_pfnRAMVectors               
20000270  __stack                       
20000470  __STACK_TOP                   
20001270  __STACK_END                   
20001270  _sys_memory                   
200022dc  _timeout_ticks                
200022e0  boundary                      
200022e4  bump                          
200022e8  cliff                         
200022ec  match_val                     
200022f0  motor_cal_factor_L            
200022f4  motor_cal_factor_R            
20002310  START_TIME                    
20002314  END_TIME                      
20002318  CURRENT_TIME                  
2000231c  STATE                         
2000231d  _running                      
20002320  _lock                         
20002324  _unlock                       
20002330  command_byte                  
20002334  command_flag                  
20002338  errno                         
2000233c  pwm_period                    
ffffffff  __TI_pprof_out_hndl           
ffffffff  __TI_prof_data_size           
ffffffff  __TI_prof_data_start          
ffffffff  __binit__                     
ffffffff  __c_args__                    
ffffffff  binit                         
UNDEFED   __mpu_init                    
UNDEFED   _system_post_cinit            

[188 symbols]
