******************************************************************************
                  TI ARM Linker PC v20.2.6                     
******************************************************************************
>> Linked Tue Apr 25 20:21:41 2023

OUTPUT FILE NAME:   <final_project2.out>
ENTRY POINT SYMBOL: "_c_int00_noargs"  address: 0000569d


MEMORY CONFIGURATION

         name            origin    length      used     unused   attr    fill
----------------------  --------  ---------  --------  --------  ----  --------
  FLASH                 00000000   00040000  00005aa3  0003a55d  R  X
  SRAM                  20000000   00008000  00002330  00005cd0  RW X


SEGMENT ALLOCATION MAP

run origin  load origin   length   init length attrs members
----------  ----------- ---------- ----------- ----- -------
00000000    00000000    00005aa8   00005aa8    r-x
  00000000    00000000    0000026c   0000026c    r-- .intvecs
  0000026c    0000026c    00005694   00005694    r-x .text
  00005900    00005900    0000014b   0000014b    r-- .const
  00005a50    00005a50    00000058   00000058    r-- .cinit
20000000    20000000    00002334   00000000    rw-
  20000000    20000000    0000026c   00000000    rw- .vtable
  20000270    20000270    00001000   00000000    rw- .stack
  20001270    20001270    00001000   00000000    rw- .sysmem
  20002270    20002270    00000074   00000000    rw- .bss
  200022e4    200022e4    00000050   00000000    rw- .data


SECTION ALLOCATION MAP

 output                                  attributes/
section   page    origin      length       input sections
--------  ----  ----------  ----------   ----------------
.intvecs   0    00000000    0000026c     
                  00000000    0000026c     tm4c123gh6pm_startup_ccs.obj (.intvecs)

.text      0    0000026c    00005694     
                  0000026c    00000c20     open_interface.obj (.text)
                  00000e8c    00000a4e     rtsv7M4_T_le_v4SPD16_eabi.lib : _printfi.c.obj (.text:__TI_printfi)
                  000018da    00000002                                   : _lock.c.obj (.text:_nop)
                  000018dc    000009ec     movement.obj (.text)
                  000022c8    000009d0     rtsv7M4_T_le_v4SPD16_eabi.lib : e_pow.c.obj (.text:pow)
                  00002c98    00000328     lcd.obj (.text)
                  00002fc0    000002f8     ping_template.obj (.text)
                  000032b8    000002a4     main.obj (.text)
                  0000355c    00000270     rtsv7M4_T_le_v4SPD16_eabi.lib : _printfi.c.obj (.text:_pconv_a)
                  000037cc    00000250     uart-interrupt.obj (.text)
                  00003a1c    00000248     Timer.obj (.text)
                  00003c64    00000238     servo.obj (.text)
                  00003e9c    00000218     adc.obj (.text)
                  000040b4    000001d0     rtsv7M4_T_le_v4SPD16_eabi.lib : _printfi.c.obj (.text:_pconv_g)
                  00004284    000001b6                                   : fd_add_t2.asm.obj (.text)
                  0000443a    00000002                                   : div0.asm.obj (.text)
                  0000443c    00000158                                   : e_sqrt.c.obj (.text:sqrt)
                  00004594    0000013c                                   : _printfi.c.obj (.text:_pconv_e)
                  000046d0    00000136                                   : fd_div_t2.asm.obj (.text)
                  00004806    00000002     --HOLE-- [fill = 0]
                  00004808    00000124                                   : _printfi.c.obj (.text:fcvt)
                  0000492c    00000110                                   : s_scalbn.c.obj (.text:scalbn)
                  00004a3c    00000100                                   : memory.c.obj (.text:aligned_alloc)
                  00004b3c    000000fc                                   : fd_mul_t2.asm.obj (.text)
                  00004c38    000000e4                                   : memory.c.obj (.text:free)
                  00004d1c    000000b1                                   : _printfi.c.obj (.text:_ltostr)
                  00004dcd    00000001     --HOLE-- [fill = 0]
                  00004dce    0000009c                                   : memcpy_t2.asm.obj (.text)
                  00004e6a    00000096                                   : ull_div_t2.asm.obj (.text)
                  00004f00    00000086                                   : fd_cmp_t2.asm.obj (.text:__aeabi_cdcmple)
                  00004f86    00000086                                   : fd_cmp_t2.asm.obj (.text:__aeabi_cdrcmple)
                  0000500c    00000080     button.obj (.text)
                  0000508c    0000007a     rtsv7M4_T_le_v4SPD16_eabi.lib : memset_t2.asm.obj (.text)
                  00005106    00000002     --HOLE-- [fill = 0]
                  00005108    00000070                                   : memory.c.obj (.text:split)
                  00005178    0000006e                                   : _printfi.c.obj (.text:_mcpy)
                  000051e6    0000006e                                   : fd_tos_t2.asm.obj (.text)
                  00005254    00000068                                   : copy_decompress_lzss.c.obj (.text:decompress:lzss:__TI_decompress_lzss)
                  000052bc    00000064                                   : s_frexp.c.obj (.text:frexp)
                  00005320    00000056                                   : _printfi.c.obj (.text:_pconv_f)
                  00005376    00000054                                   : _ltoa.c.obj (.text:__TI_ltoa)
                  000053ca    00000052                                   : _printfi.c.obj (.text:_ecpy)
                  0000541c    0000004c                                   : atoi.c.obj (.text:atoi)
                  00005468    00000048                                   : fd_toi_t2.asm.obj (.text)
                  000054b0    00000044                                   : autoinit.c.obj (.text:__TI_auto_init_nobinit_nopinit:__TI_auto_init_nobinit_nopinit)
                  000054f4    00000044                                   : fd_tou_t2.asm.obj (.text)
                  00005538    00000040                                   : sprintf.c.obj (.text:sprintf)
                  00005578    00000040                                   : vsnprintf.c.obj (.text:vsnprintf)
                  000055b8    0000003e                                   : _printfi.c.obj (.text:_fcpy)
                  000055f6    00000002     --HOLE-- [fill = 0]
                  000055f8    00000038                                   : memory.c.obj (.text:calloc)
                  00005630    00000038                                   : fs_tod_t2.asm.obj (.text)
                  00005668    00000034     driverlib.lib : interrupt.obj (.text:IntRegister)
                  0000569c    00000034     rtsv7M4_T_le_v4SPD16_eabi.lib : boot_cortex_m.c.obj (.text:_c_int00_noargs:_c_int00_noargs)
                  000056d0    00000030                                   : vsnprintf.c.obj (.text:_outs)
                  00005700    0000002e                                   : i_tofd_t2.asm.obj (.text)
                  0000572e    00000002     --HOLE-- [fill = 0]
                  00005730    00000028                                   : memory.c.obj (.text:free_list_insert)
                  00005758    00000020                                   : u_tofd_t2.asm.obj (.text)
                  00005778    0000001c                                   : copy_zero_init.c.obj (.text:decompress:ZI:__TI_zero_init_nomemset:__TI_zero_init_nomemset)
                  00005794    0000001c                                   : memory.c.obj (.text:free_list_remove)
                  000057b0    0000001c                                   : memccpy.c.obj (.text:memccpy)
                  000057cc    0000001a                                   : s_copysign.c.obj (.text:copysign)
                  000057e6    00000018                                   : vsnprintf.c.obj (.text:_outc)
                  000057fe    00000018                                   : sprintf.c.obj (.text:_outs)
                  00005816    00000018     open_interface.obj (.text:oi_parseInt)
                  0000582e    00000018     rtsv7M4_T_le_v4SPD16_eabi.lib : strcmp.c.obj (.text:strcmp)
                  00005846    00000016                                   : strchr.c.obj (.text:strchr)
                  0000585c    00000014                                   : strcpy.c.obj (.text:strcpy)
                  00005870    00000014                                   : strlen.c.obj (.text:strlen)
                  00005884    00000012                                   : wcslen.c.obj (.text:wcslen)
                  00005896    00000010     driverlib.lib : interrupt.obj (.text:IntMasterEnable)
                  000058a6    00000010     lcd.obj (.text:lcd_clear)
                  000058b6    0000000e     rtsv7M4_T_le_v4SPD16_eabi.lib : copy_decompress_none.c.obj (.text:decompress:none:__TI_decompress_none)
                  000058c4    0000000c     driverlib.lib : cpu.obj (.text:CPUcpsie)
                  000058d0    0000000c     tm4c123gh6pm_startup_ccs.obj (.text)
                  000058dc    0000000a     rtsv7M4_T_le_v4SPD16_eabi.lib : sprintf.c.obj (.text:_outc)
                  000058e6    00000002     --HOLE-- [fill = 0]
                  000058e8    00000008                                   : errno.c.obj (.text:__aeabi_errno_addr)
                  000058f0    00000008                                   : memory.c.obj (.text:malloc)
                  000058f8    00000004                                   : pre_init.c.obj (.text:_system_pre_init)
                  000058fc    00000004                                   : exit.c.obj (.text:abort:abort)

.const     0    00005900    0000014b     
                  00005900    00000101     rtsv7M4_T_le_v4SPD16_eabi.lib : ctype.c.obj (.const:.string:_ctypes_)
                  00005a01    00000004     lcd.obj (.const:.string:lineAddress$1)
                  00005a05    00000003     --HOLE-- [fill = 0]
                  00005a08    00000030     rtsv7M4_T_le_v4SPD16_eabi.lib : e_pow.c.obj (.const:$O1$$)
                  00005a38    0000000f     open_interface.obj (.const:.string:$P$T0$3)
                  00005a47    00000004     lcd.obj (.const:.string:lineAddresses$2)

.cinit     0    00005a50    00000058     
                  00005a50    00000024     (.cinit..data.load) [load image, compression = lzss]
                  00005a74    0000000c     (__TI_handler_table)
                  00005a80    00000008     (.cinit..bss.load) [load image, compression = zero_init]
                  00005a88    00000008     (.cinit..vtable.load) [load image, compression = zero_init]
                  00005a90    00000018     (__TI_cinit_table)

.init_array 
*          0    00000000    00000000     UNINITIALIZED

.vtable    0    20000000    0000026c     UNINITIALIZED
                  20000000    0000026c     driverlib.lib : interrupt.obj (.vtable)

.stack     0    20000270    00001000     UNINITIALIZED
                  20000270    00000004     rtsv7M4_T_le_v4SPD16_eabi.lib : boot_cortex_m.c.obj (.stack)
                  20000274    00000ffc     --HOLE--

.sysmem    0    20001270    00001000     UNINITIALIZED
                  20001270    00000010     rtsv7M4_T_le_v4SPD16_eabi.lib : memory.c.obj (.sysmem)
                  20001280    00000ff0     --HOLE--

.bss       0    20002270    00000074     UNINITIALIZED
                  20002270    00000054     lcd.obj (.bss:lastbuffer$3)
                  200022c4    00000018     open_interface.obj (.bss:firmware$2)
                  200022dc    00000004     (.common:_timeout_ticks)
                  200022e0    00000004     (.common:match_val)

.data      0    200022e4    00000050     UNINITIALIZED
                  200022e4    00000020     open_interface.obj (.data)
                  20002304    0000000d     ping_template.obj (.data)
                  20002311    00000001     Timer.obj (.data)
                  20002312    00000001     button.obj (.data)
                  20002313    00000001     --HOLE--
                  20002314    00000008     rtsv7M4_T_le_v4SPD16_eabi.lib : _lock.c.obj (.data:$O1$$)
                  2000231c    00000008                                   : memory.c.obj (.data:$O1$$)
                  20002324    00000008     uart-interrupt.obj (.data)
                  2000232c    00000004     rtsv7M4_T_le_v4SPD16_eabi.lib : errno.c.obj (.data)
                  20002330    00000004     servo.obj (.data)

__llvm_prf_cnts 
*          0    20000000    00000000     UNINITIALIZED

MODULE SUMMARY

       Module                         code    ro data   rw data
       ------                         ----    -------   -------
    .\
       open_interface.obj             3128    15        56     
       movement.obj                   2540    0         0      
       lcd.obj                        824     8         84     
       ping_template.obj              760     0         13     
       main.obj                       676     0         0      
       tm4c123gh6pm_startup_ccs.obj   12      620       0      
       uart-interrupt.obj             592     0         8      
       Timer.obj                      584     0         5      
       servo.obj                      568     0         8      
       adc.obj                        536     0         0      
       button.obj                     128     0         1      
    +--+------------------------------+-------+---------+---------+
       Total:                         10348   643       175    
                                                               
    C:/ti/TivaWare_C_Series-2.2.0.295/driverlib/ccs/Debug/driverlib.lib
       interrupt.obj                  68      0         620    
       cpu.obj                        12      0         0      
    +--+------------------------------+-------+---------+---------+
       Total:                         80      0         620    
                                                               
    C:\ti\ccs1200\ccs\tools\compiler\ti-cgt-arm_20.2.6.LTS\lib\rtsv7M4_T_le_v4SPD16_eabi.lib
       _printfi.c.obj                 4851    0         0      
       e_pow.c.obj                    2512    48        0      
       memory.c.obj                   728     0         8      
       fd_add_t2.asm.obj              438     0         0      
       e_sqrt.c.obj                   344     0         0      
       fd_div_t2.asm.obj              310     0         0      
       s_scalbn.c.obj                 272     0         0      
       fd_cmp_t2.asm.obj              268     0         0      
       ctype.c.obj                    0       257       0      
       fd_mul_t2.asm.obj              252     0         0      
       memcpy_t2.asm.obj              156     0         0      
       ull_div_t2.asm.obj             150     0         0      
       vsnprintf.c.obj                136     0         0      
       memset_t2.asm.obj              122     0         0      
       fd_tos_t2.asm.obj              110     0         0      
       copy_decompress_lzss.c.obj     104     0         0      
       s_frexp.c.obj                  100     0         0      
       sprintf.c.obj                  98      0         0      
       _ltoa.c.obj                    84      0         0      
       atoi.c.obj                     76      0         0      
       fd_toi_t2.asm.obj              72      0         0      
       autoinit.c.obj                 68      0         0      
       fd_tou_t2.asm.obj              68      0         0      
       fs_tod_t2.asm.obj              56      0         0      
       boot_cortex_m.c.obj            52      0         0      
       i_tofd_t2.asm.obj              46      0         0      
       u_tofd_t2.asm.obj              32      0         0      
       copy_zero_init.c.obj           28      0         0      
       memccpy.c.obj                  28      0         0      
       s_copysign.c.obj               26      0         0      
       strcmp.c.obj                   24      0         0      
       strchr.c.obj                   22      0         0      
       strcpy.c.obj                   20      0         0      
       strlen.c.obj                   20      0         0      
       wcslen.c.obj                   18      0         0      
       copy_decompress_none.c.obj     14      0         0      
       errno.c.obj                    8       0         4      
       _lock.c.obj                    2       0         8      
       exit.c.obj                     4       0         0      
       pre_init.c.obj                 4       0         0      
       div0.asm.obj                   2       0         0      
    +--+------------------------------+-------+---------+---------+
       Total:                         11725   305       20     
                                                               
       Heap:                          0       0         4096   
       Stack:                         0       0         4096   
       Linker Generated:              0       88        0      
    +--+------------------------------+-------+---------+---------+
       Grand Total:                   22153   1036      9007   


LINKER GENERATED COPY TABLES

__TI_cinit_table @ 00005a90 records: 3, size/record: 8, table size: 24
	.data: load addr=00005a50, load size=00000024 bytes, run addr=200022e4, run size=00000050 bytes, compression=lzss
	.bss: load addr=00005a80, load size=00000008 bytes, run addr=20002270, run size=00000074 bytes, compression=zero_init
	.vtable: load addr=00005a88, load size=00000008 bytes, run addr=20000000, run size=0000026c bytes, compression=zero_init


LINKER GENERATED HANDLER TABLE

__TI_handler_table @ 00005a74 records: 3, size/record: 4, table size: 12
	index: 0, handler: __TI_zero_init
	index: 1, handler: __TI_decompress_lzss
	index: 2, handler: __TI_decompress_none


GLOBAL SYMBOLS: SORTED ALPHABETICALLY BY Name 

address   name                          
-------   ----                          
000058fd  C$$EXIT                       
000058c5  CPUcpsie                      
2000230c  CURRENT_TIME                  
20002308  END_TIME                      
00000bc3  GPIOF_Handler                 
00005897  IntMasterEnable               
00005669  IntRegister                   
000058d1  ResetISR                      
20002304  START_TIME                    
20002310  STATE                         
0000313f  TIMER3B_Handler               
00003905  UART1_Handler                 
20001270  __STACK_END                   
00001000  __STACK_SIZE                  
20000470  __STACK_TOP                   
00001000  __SYSMEM_SIZE                 
00005a90  __TI_CINIT_Base               
00005aa8  __TI_CINIT_Limit              
00005a74  __TI_Handler_Table_Base       
00005a80  __TI_Handler_Table_Limit      
000054b1  __TI_auto_init_nobinit_nopinit
00005255  __TI_decompress_lzss          
000058b7  __TI_decompress_none          
00005377  __TI_ltoa                     
ffffffff  __TI_pprof_out_hndl           
00000e8d  __TI_printfi                  
ffffffff  __TI_prof_data_size           
ffffffff  __TI_prof_data_start          
00000000  __TI_static_base__            
00005779  __TI_zero_init_nomemset       
00004f01  __aeabi_cdcmpeq               
00004f01  __aeabi_cdcmple               
00004f87  __aeabi_cdrcmple              
000051e7  __aeabi_d2f                   
00005469  __aeabi_d2iz                  
000054f5  __aeabi_d2uiz                 
0000428f  __aeabi_dadd                  
000046d1  __aeabi_ddiv                  
00004b3d  __aeabi_dmul                  
00004285  __aeabi_dsub                  
000058e9  __aeabi_errno_addr            
00005631  __aeabi_f2d                   
00005701  __aeabi_i2d                   
0000443b  __aeabi_idiv0                 
0000443b  __aeabi_ldiv0                 
0000508d  __aeabi_memclr                
0000508d  __aeabi_memclr4               
0000508d  __aeabi_memclr8               
00004dcf  __aeabi_memcpy                
00004dcf  __aeabi_memcpy4               
00004dcf  __aeabi_memcpy8               
0000508f  __aeabi_memset                
0000508f  __aeabi_memset4               
0000508f  __aeabi_memset8               
00005759  __aeabi_ui2d                  
00004e6b  __aeabi_uldivmod              
ffffffff  __binit__                     
ffffffff  __c_args__                    
UNDEFED   __mpu_init                    
20000270  __stack                       
20000000  __start___llvm_prf_cnts       
20000000  __stop___llvm_prf_cnts        
0000569d  _c_int00_noargs               
00005900  _ctypes_                      
20002314  _lock                         
000018db  _nop                          
20002311  _running                      
20001270  _sys_memory                   
UNDEFED   _system_post_cinit            
000058f9  _system_pre_init              
200022dc  _timeout_ticks                
20002318  _unlock                       
000058fd  abort                         
00003e9d  adc_init                      
00003f21  adc_read                      
00004a3d  aligned_alloc                 
0000541d  atoi                          
ffffffff  binit                         
0000503f  button_getButton              
0000500d  button_init                   
000055f9  calloc                        
00001fad  check_boundary                
00001f77  check_bump                    
00002015  check_cliff                   
00002089  collision_detect              
20002324  command_byte                  
20002328  command_flag                  
000057cd  copysign                      
000057cd  copysignl                     
2000232c  errno                         
00004c39  free                          
000052bd  frexp                         
000052bd  frexpl                        
20000000  g_pfnRAMVectors               
00000000  g_pfnVectors                  
000031ab  get_pulseWidth                
000031b7  get_pulseWidth_millis         
0000097f  go_charge                     
00003f4d  ir_getDistance                
00004031  ir_scan                       
000058a7  lcd_clear                     
00002e6d  lcd_gotoLine                  
00002cd5  lcd_init                      
00002ed3  lcd_printf                    
00002d95  lcd_putc                      
00002dcd  lcd_puts                      
00002c99  lcd_reverseNibble             
00002deb  lcd_sendCommand               
00002e29  lcd_sendNibble                
00002e95  lcd_setCursorPos              
0000492d  ldexp                         
0000492d  ldexpl                        
000032b9  main                          
000058f1  malloc                        
200022e0  match_val                     
00004a3d  memalign                      
000057b1  memccpy                       
00004dcf  memcpy                        
00005095  memset                        
200022e4  motor_cal_factor_L            
200022e8  motor_cal_factor_R            
00001d91  move_backward                 
00001e23  move_backward_manual          
000018dd  move_forward                  
00001ac5  move_forward_manual           
0000026d  oi_alloc                      
00000aa9  oi_checkFirmware              
000002c7  oi_close                      
00000279  oi_free                       
00000ded  oi_getMotorCalibrationLeft    
00000e01  oi_getMotorCalibrationRight   
000002b1  oi_init                       
00000289  oi_init_noupdate              
00000915  oi_loadSong                   
00005817  oi_parseInt                   
0000032b  oi_parsePacket                
0000096b  oi_play_song                  
0000084b  oi_setLeds                    
00000db1  oi_setMotorCalibration        
0000088f  oi_setWheels                  
00000b51  oi_shutoff_init               
0000098d  oi_uartInit                   
00000a31  oi_uartReceive                
00000a77  oi_uartSendBuff               
00000a15  oi_uartSendChar               
00000a59  oi_uartSendStr                
000002d9  oi_update                     
0000317b  ping_getDistance              
00002fc1  ping_init                     
000031d7  ping_scan                     
0000309f  ping_trigger                  
000022c9  pow                           
000022c9  powl                          
20002330  pwm_period                    
0000492d  scalbn                        
0000492d  scalbnl                       
00003d39  servo_calibrate               
00003c65  servo_init                    
00003cf3  servo_move                    
00005539  sprintf                       
0000443d  sqrt                          
0000443d  sqrtl                         
00001f69  stop_manual                   
00005847  strchr                        
0000582f  strcmp                        
0000585d  strcpy                        
00005871  strlen                        
00003b3b  timer_getMicros               
00003ae3  timer_getMillis               
00003a1d  timer_init                    
00003abf  timer_pause                   
00003ad1  timer_resume                  
00003a95  timer_stop                    
00003b95  timer_waitMicros              
00003bc7  timer_waitMillis              
00001e35  turn_left                     
00001ebf  turn_left_manual              
00001ecf  turn_right                    
00001f59  turn_right_manual             
000037cd  uart_interrupt_init           
000038b7  uart_receive                  
0000389b  uart_sendChar                 
000038dd  uart_sendStr                  
00005579  vsnprintf                     
00005885  wcslen                        


GLOBAL SYMBOLS: SORTED BY Symbol Address 

address   name                          
-------   ----                          
00000000  __TI_static_base__            
00000000  g_pfnVectors                  
0000026d  oi_alloc                      
00000279  oi_free                       
00000289  oi_init_noupdate              
000002b1  oi_init                       
000002c7  oi_close                      
000002d9  oi_update                     
0000032b  oi_parsePacket                
0000084b  oi_setLeds                    
0000088f  oi_setWheels                  
00000915  oi_loadSong                   
0000096b  oi_play_song                  
0000097f  go_charge                     
0000098d  oi_uartInit                   
00000a15  oi_uartSendChar               
00000a31  oi_uartReceive                
00000a59  oi_uartSendStr                
00000a77  oi_uartSendBuff               
00000aa9  oi_checkFirmware              
00000b51  oi_shutoff_init               
00000bc3  GPIOF_Handler                 
00000db1  oi_setMotorCalibration        
00000ded  oi_getMotorCalibrationLeft    
00000e01  oi_getMotorCalibrationRight   
00000e8d  __TI_printfi                  
00001000  __STACK_SIZE                  
00001000  __SYSMEM_SIZE                 
000018db  _nop                          
000018dd  move_forward                  
00001ac5  move_forward_manual           
00001d91  move_backward                 
00001e23  move_backward_manual          
00001e35  turn_left                     
00001ebf  turn_left_manual              
00001ecf  turn_right                    
00001f59  turn_right_manual             
00001f69  stop_manual                   
00001f77  check_bump                    
00001fad  check_boundary                
00002015  check_cliff                   
00002089  collision_detect              
000022c9  pow                           
000022c9  powl                          
00002c99  lcd_reverseNibble             
00002cd5  lcd_init                      
00002d95  lcd_putc                      
00002dcd  lcd_puts                      
00002deb  lcd_sendCommand               
00002e29  lcd_sendNibble                
00002e6d  lcd_gotoLine                  
00002e95  lcd_setCursorPos              
00002ed3  lcd_printf                    
00002fc1  ping_init                     
0000309f  ping_trigger                  
0000313f  TIMER3B_Handler               
0000317b  ping_getDistance              
000031ab  get_pulseWidth                
000031b7  get_pulseWidth_millis         
000031d7  ping_scan                     
000032b9  main                          
000037cd  uart_interrupt_init           
0000389b  uart_sendChar                 
000038b7  uart_receive                  
000038dd  uart_sendStr                  
00003905  UART1_Handler                 
00003a1d  timer_init                    
00003a95  timer_stop                    
00003abf  timer_pause                   
00003ad1  timer_resume                  
00003ae3  timer_getMillis               
00003b3b  timer_getMicros               
00003b95  timer_waitMicros              
00003bc7  timer_waitMillis              
00003c65  servo_init                    
00003cf3  servo_move                    
00003d39  servo_calibrate               
00003e9d  adc_init                      
00003f21  adc_read                      
00003f4d  ir_getDistance                
00004031  ir_scan                       
00004285  __aeabi_dsub                  
0000428f  __aeabi_dadd                  
0000443b  __aeabi_idiv0                 
0000443b  __aeabi_ldiv0                 
0000443d  sqrt                          
0000443d  sqrtl                         
000046d1  __aeabi_ddiv                  
0000492d  ldexp                         
0000492d  ldexpl                        
0000492d  scalbn                        
0000492d  scalbnl                       
00004a3d  aligned_alloc                 
00004a3d  memalign                      
00004b3d  __aeabi_dmul                  
00004c39  free                          
00004dcf  __aeabi_memcpy                
00004dcf  __aeabi_memcpy4               
00004dcf  __aeabi_memcpy8               
00004dcf  memcpy                        
00004e6b  __aeabi_uldivmod              
00004f01  __aeabi_cdcmpeq               
00004f01  __aeabi_cdcmple               
00004f87  __aeabi_cdrcmple              
0000500d  button_init                   
0000503f  button_getButton              
0000508d  __aeabi_memclr                
0000508d  __aeabi_memclr4               
0000508d  __aeabi_memclr8               
0000508f  __aeabi_memset                
0000508f  __aeabi_memset4               
0000508f  __aeabi_memset8               
00005095  memset                        
000051e7  __aeabi_d2f                   
00005255  __TI_decompress_lzss          
000052bd  frexp                         
000052bd  frexpl                        
00005377  __TI_ltoa                     
0000541d  atoi                          
00005469  __aeabi_d2iz                  
000054b1  __TI_auto_init_nobinit_nopinit
000054f5  __aeabi_d2uiz                 
00005539  sprintf                       
00005579  vsnprintf                     
000055f9  calloc                        
00005631  __aeabi_f2d                   
00005669  IntRegister                   
0000569d  _c_int00_noargs               
00005701  __aeabi_i2d                   
00005759  __aeabi_ui2d                  
00005779  __TI_zero_init_nomemset       
000057b1  memccpy                       
000057cd  copysign                      
000057cd  copysignl                     
00005817  oi_parseInt                   
0000582f  strcmp                        
00005847  strchr                        
0000585d  strcpy                        
00005871  strlen                        
00005885  wcslen                        
00005897  IntMasterEnable               
000058a7  lcd_clear                     
000058b7  __TI_decompress_none          
000058c5  CPUcpsie                      
000058d1  ResetISR                      
000058e9  __aeabi_errno_addr            
000058f1  malloc                        
000058f9  _system_pre_init              
000058fd  C$$EXIT                       
000058fd  abort                         
00005900  _ctypes_                      
00005a74  __TI_Handler_Table_Base       
00005a80  __TI_Handler_Table_Limit      
00005a90  __TI_CINIT_Base               
00005aa8  __TI_CINIT_Limit              
20000000  __start___llvm_prf_cnts       
20000000  __stop___llvm_prf_cnts        
20000000  g_pfnRAMVectors               
20000270  __stack                       
20000470  __STACK_TOP                   
20001270  __STACK_END                   
20001270  _sys_memory                   
200022dc  _timeout_ticks                
200022e0  match_val                     
200022e4  motor_cal_factor_L            
200022e8  motor_cal_factor_R            
20002304  START_TIME                    
20002308  END_TIME                      
2000230c  CURRENT_TIME                  
20002310  STATE                         
20002311  _running                      
20002314  _lock                         
20002318  _unlock                       
20002324  command_byte                  
20002328  command_flag                  
2000232c  errno                         
20002330  pwm_period                    
ffffffff  __TI_pprof_out_hndl           
ffffffff  __TI_prof_data_size           
ffffffff  __TI_prof_data_start          
ffffffff  __binit__                     
ffffffff  __c_args__                    
ffffffff  binit                         
UNDEFED   __mpu_init                    
UNDEFED   _system_post_cinit            

[185 symbols]
