<?xml version="1.0" encoding="ISO-8859-1" ?>
<link_info>
   <banner>TI ARM Linker PC v20.2.6.LTS</banner>
   <copyright>Copyright (c) 1996-2018 Texas Instruments Incorporated</copyright>
   <link_time>0x64500dad</link_time>
   <link_errors>0x0</link_errors>
   <output_file>ROVER_RACERS.out</output_file>
   <entry_point>
      <name>_c_int00_noargs</name>
      <address>0x738d</address>
   </entry_point>
   <input_file_list>
      <input_file id="fl-2">
         <path>.\</path>
         <kind>object</kind>
         <file>Timer.obj</file>
         <name>Timer.obj</name>
      </input_file>
      <input_file id="fl-3">
         <path>.\</path>
         <kind>object</kind>
         <file>adc.obj</file>
         <name>adc.obj</name>
      </input_file>
      <input_file id="fl-4">
         <path>.\</path>
         <kind>object</kind>
         <file>bno055.obj</file>
         <name>bno055.obj</name>
      </input_file>
      <input_file id="fl-5">
         <path>.\</path>
         <kind>object</kind>
         <file>button.obj</file>
         <name>button.obj</name>
      </input_file>
      <input_file id="fl-6">
         <path>.\</path>
         <kind>object</kind>
         <file>calibration.obj</file>
         <name>calibration.obj</name>
      </input_file>
      <input_file id="fl-7">
         <path>.\</path>
         <kind>object</kind>
         <file>functions.obj</file>
         <name>functions.obj</name>
      </input_file>
      <input_file id="fl-8">
         <path>.\</path>
         <kind>object</kind>
         <file>imu.obj</file>
         <name>imu.obj</name>
      </input_file>
      <input_file id="fl-9">
         <path>.\</path>
         <kind>object</kind>
         <file>lcd.obj</file>
         <name>lcd.obj</name>
      </input_file>
      <input_file id="fl-a">
         <path>.\</path>
         <kind>object</kind>
         <file>main.obj</file>
         <name>main.obj</name>
      </input_file>
      <input_file id="fl-b">
         <path>.\</path>
         <kind>object</kind>
         <file>open_interface.obj</file>
         <name>open_interface.obj</name>
      </input_file>
      <input_file id="fl-c">
         <path>.\</path>
         <kind>object</kind>
         <file>ping_template.obj</file>
         <name>ping_template.obj</name>
      </input_file>
      <input_file id="fl-d">
         <path>.\</path>
         <kind>object</kind>
         <file>servo.obj</file>
         <name>servo.obj</name>
      </input_file>
      <input_file id="fl-e">
         <path>.\</path>
         <kind>object</kind>
         <file>tm4c123gh6pm_startup_ccs.obj</file>
         <name>tm4c123gh6pm_startup_ccs.obj</name>
      </input_file>
      <input_file id="fl-f">
         <path>.\</path>
         <kind>object</kind>
         <file>uart-interrupt.obj</file>
         <name>uart-interrupt.obj</name>
      </input_file>
      <input_file id="fl-10">
         <path>.\</path>
         <kind>object</kind>
         <file>uart.obj</file>
         <name>uart.obj</name>
      </input_file>
      <input_file id="fl-15">
         <kind>object</kind>
         <file>&lt;internal&gt;</file>
         <name>&lt;internal&gt;</name>
      </input_file>
      <input_file id="fl-cb">
         <path>C:\ti\ccs1200\ccs\tools\compiler\ti-cgt-arm_20.2.6.LTS\lib\</path>
         <kind>archive</kind>
         <file>rtsv7M4_T_le_v4SPD16_eabi.lib</file>
         <name>e_pow.c.obj</name>
      </input_file>
      <input_file id="fl-cc">
         <path>C:\ti\ccs1200\ccs\tools\compiler\ti-cgt-arm_20.2.6.LTS\lib\</path>
         <kind>archive</kind>
         <file>rtsv7M4_T_le_v4SPD16_eabi.lib</file>
         <name>e_sqrt.c.obj</name>
      </input_file>
      <input_file id="fl-cd">
         <path>C:\ti\ccs1200\ccs\tools\compiler\ti-cgt-arm_20.2.6.LTS\lib\</path>
         <kind>archive</kind>
         <file>rtsv7M4_T_le_v4SPD16_eabi.lib</file>
         <name>s_scalbn.c.obj</name>
      </input_file>
      <input_file id="fl-ce">
         <path>C:\ti\ccs1200\ccs\tools\compiler\ti-cgt-arm_20.2.6.LTS\lib\</path>
         <kind>archive</kind>
         <file>rtsv7M4_T_le_v4SPD16_eabi.lib</file>
         <name>s_tan.c.obj</name>
      </input_file>
      <input_file id="fl-cf">
         <path>C:\ti\ccs1200\ccs\tools\compiler\ti-cgt-arm_20.2.6.LTS\lib\</path>
         <kind>archive</kind>
         <file>rtsv7M4_T_le_v4SPD16_eabi.lib</file>
         <name>s_copysign.c.obj</name>
      </input_file>
      <input_file id="fl-d0">
         <path>C:\ti\ccs1200\ccs\tools\compiler\ti-cgt-arm_20.2.6.LTS\lib\</path>
         <kind>archive</kind>
         <file>rtsv7M4_T_le_v4SPD16_eabi.lib</file>
         <name>e_remainderf.c.obj</name>
      </input_file>
      <input_file id="fl-d1">
         <path>C:\ti\ccs1200\ccs\tools\compiler\ti-cgt-arm_20.2.6.LTS\lib\</path>
         <kind>archive</kind>
         <file>rtsv7M4_T_le_v4SPD16_eabi.lib</file>
         <name>sprintf.c.obj</name>
      </input_file>
      <input_file id="fl-d2">
         <path>C:\ti\ccs1200\ccs\tools\compiler\ti-cgt-arm_20.2.6.LTS\lib\</path>
         <kind>archive</kind>
         <file>rtsv7M4_T_le_v4SPD16_eabi.lib</file>
         <name>vsnprintf.c.obj</name>
      </input_file>
      <input_file id="fl-d3">
         <path>C:\ti\ccs1200\ccs\tools\compiler\ti-cgt-arm_20.2.6.LTS\lib\</path>
         <kind>archive</kind>
         <file>rtsv7M4_T_le_v4SPD16_eabi.lib</file>
         <name>fd_add_t2.asm.obj</name>
      </input_file>
      <input_file id="fl-d4">
         <path>C:\ti\ccs1200\ccs\tools\compiler\ti-cgt-arm_20.2.6.LTS\lib\</path>
         <kind>archive</kind>
         <file>rtsv7M4_T_le_v4SPD16_eabi.lib</file>
         <name>fd_cmp_t2.asm.obj</name>
      </input_file>
      <input_file id="fl-d5">
         <path>C:\ti\ccs1200\ccs\tools\compiler\ti-cgt-arm_20.2.6.LTS\lib\</path>
         <kind>archive</kind>
         <file>rtsv7M4_T_le_v4SPD16_eabi.lib</file>
         <name>fd_div_t2.asm.obj</name>
      </input_file>
      <input_file id="fl-d6">
         <path>C:\ti\ccs1200\ccs\tools\compiler\ti-cgt-arm_20.2.6.LTS\lib\</path>
         <kind>archive</kind>
         <file>rtsv7M4_T_le_v4SPD16_eabi.lib</file>
         <name>fd_mul_t2.asm.obj</name>
      </input_file>
      <input_file id="fl-d7">
         <path>C:\ti\ccs1200\ccs\tools\compiler\ti-cgt-arm_20.2.6.LTS\lib\</path>
         <kind>archive</kind>
         <file>rtsv7M4_T_le_v4SPD16_eabi.lib</file>
         <name>fd_toi_t2.asm.obj</name>
      </input_file>
      <input_file id="fl-d8">
         <path>C:\ti\ccs1200\ccs\tools\compiler\ti-cgt-arm_20.2.6.LTS\lib\</path>
         <kind>archive</kind>
         <file>rtsv7M4_T_le_v4SPD16_eabi.lib</file>
         <name>fd_tos_t2.asm.obj</name>
      </input_file>
      <input_file id="fl-d9">
         <path>C:\ti\ccs1200\ccs\tools\compiler\ti-cgt-arm_20.2.6.LTS\lib\</path>
         <kind>archive</kind>
         <file>rtsv7M4_T_le_v4SPD16_eabi.lib</file>
         <name>fd_tou_t2.asm.obj</name>
      </input_file>
      <input_file id="fl-da">
         <path>C:\ti\ccs1200\ccs\tools\compiler\ti-cgt-arm_20.2.6.LTS\lib\</path>
         <kind>archive</kind>
         <file>rtsv7M4_T_le_v4SPD16_eabi.lib</file>
         <name>fs_tod_t2.asm.obj</name>
      </input_file>
      <input_file id="fl-db">
         <path>C:\ti\ccs1200\ccs\tools\compiler\ti-cgt-arm_20.2.6.LTS\lib\</path>
         <kind>archive</kind>
         <file>rtsv7M4_T_le_v4SPD16_eabi.lib</file>
         <name>i_tofd_t2.asm.obj</name>
      </input_file>
      <input_file id="fl-dc">
         <path>C:\ti\ccs1200\ccs\tools\compiler\ti-cgt-arm_20.2.6.LTS\lib\</path>
         <kind>archive</kind>
         <file>rtsv7M4_T_le_v4SPD16_eabi.lib</file>
         <name>memcpy_t2.asm.obj</name>
      </input_file>
      <input_file id="fl-dd">
         <path>C:\ti\ccs1200\ccs\tools\compiler\ti-cgt-arm_20.2.6.LTS\lib\</path>
         <kind>archive</kind>
         <file>rtsv7M4_T_le_v4SPD16_eabi.lib</file>
         <name>u_tofd_t2.asm.obj</name>
      </input_file>
      <input_file id="fl-de">
         <path>C:\ti\ccs1200\ccs\tools\compiler\ti-cgt-arm_20.2.6.LTS\lib\</path>
         <kind>archive</kind>
         <file>rtsv7M4_T_le_v4SPD16_eabi.lib</file>
         <name>memset_t2.asm.obj</name>
      </input_file>
      <input_file id="fl-df">
         <path>C:\ti\ccs1200\ccs\tools\compiler\ti-cgt-arm_20.2.6.LTS\lib\</path>
         <kind>archive</kind>
         <file>rtsv7M4_T_le_v4SPD16_eabi.lib</file>
         <name>copy_zero_init.c.obj</name>
      </input_file>
      <input_file id="fl-e0">
         <path>C:\ti\ccs1200\ccs\tools\compiler\ti-cgt-arm_20.2.6.LTS\lib\</path>
         <kind>archive</kind>
         <file>rtsv7M4_T_le_v4SPD16_eabi.lib</file>
         <name>copy_decompress_none.c.obj</name>
      </input_file>
      <input_file id="fl-e1">
         <path>C:\ti\ccs1200\ccs\tools\compiler\ti-cgt-arm_20.2.6.LTS\lib\</path>
         <kind>archive</kind>
         <file>rtsv7M4_T_le_v4SPD16_eabi.lib</file>
         <name>copy_decompress_lzss.c.obj</name>
      </input_file>
      <input_file id="fl-e2">
         <path>C:\ti\ccs1200\ccs\tools\compiler\ti-cgt-arm_20.2.6.LTS\lib\</path>
         <kind>archive</kind>
         <file>rtsv7M4_T_le_v4SPD16_eabi.lib</file>
         <name>k_rem_pio2.c.obj</name>
      </input_file>
      <input_file id="fl-e3">
         <path>C:\ti\ccs1200\ccs\tools\compiler\ti-cgt-arm_20.2.6.LTS\lib\</path>
         <kind>archive</kind>
         <file>rtsv7M4_T_le_v4SPD16_eabi.lib</file>
         <name>memory.c.obj</name>
      </input_file>
      <input_file id="fl-e4">
         <path>C:\ti\ccs1200\ccs\tools\compiler\ti-cgt-arm_20.2.6.LTS\lib\</path>
         <kind>archive</kind>
         <file>rtsv7M4_T_le_v4SPD16_eabi.lib</file>
         <name>strcmp.c.obj</name>
      </input_file>
      <input_file id="fl-e5">
         <path>C:\ti\ccs1200\ccs\tools\compiler\ti-cgt-arm_20.2.6.LTS\lib\</path>
         <kind>archive</kind>
         <file>rtsv7M4_T_le_v4SPD16_eabi.lib</file>
         <name>strcpy.c.obj</name>
      </input_file>
      <input_file id="fl-e6">
         <path>C:\ti\ccs1200\ccs\tools\compiler\ti-cgt-arm_20.2.6.LTS\lib\</path>
         <kind>archive</kind>
         <file>rtsv7M4_T_le_v4SPD16_eabi.lib</file>
         <name>strlen.c.obj</name>
      </input_file>
      <input_file id="fl-e7">
         <path>C:\ti\ccs1200\ccs\tools\compiler\ti-cgt-arm_20.2.6.LTS\lib\</path>
         <kind>archive</kind>
         <file>rtsv7M4_T_le_v4SPD16_eabi.lib</file>
         <name>errno.c.obj</name>
      </input_file>
      <input_file id="fl-e8">
         <path>C:\ti\ccs1200\ccs\tools\compiler\ti-cgt-arm_20.2.6.LTS\lib\</path>
         <kind>archive</kind>
         <file>rtsv7M4_T_le_v4SPD16_eabi.lib</file>
         <name>boot_cortex_m.c.obj</name>
      </input_file>
      <input_file id="fl-e9">
         <path>C:\ti\ccs1200\ccs\tools\compiler\ti-cgt-arm_20.2.6.LTS\lib\</path>
         <kind>archive</kind>
         <file>rtsv7M4_T_le_v4SPD16_eabi.lib</file>
         <name>k_tan.c.obj</name>
      </input_file>
      <input_file id="fl-ea">
         <path>C:\ti\ccs1200\ccs\tools\compiler\ti-cgt-arm_20.2.6.LTS\lib\</path>
         <kind>archive</kind>
         <file>rtsv7M4_T_le_v4SPD16_eabi.lib</file>
         <name>s_floor.c.obj</name>
      </input_file>
      <input_file id="fl-eb">
         <path>C:\ti\ccs1200\ccs\tools\compiler\ti-cgt-arm_20.2.6.LTS\lib\</path>
         <kind>archive</kind>
         <file>rtsv7M4_T_le_v4SPD16_eabi.lib</file>
         <name>e_fmodf.c.obj</name>
      </input_file>
      <input_file id="fl-ec">
         <path>C:\ti\ccs1200\ccs\tools\compiler\ti-cgt-arm_20.2.6.LTS\lib\</path>
         <kind>archive</kind>
         <file>rtsv7M4_T_le_v4SPD16_eabi.lib</file>
         <name>_printfi.c.obj</name>
      </input_file>
      <input_file id="fl-ed">
         <path>C:\ti\ccs1200\ccs\tools\compiler\ti-cgt-arm_20.2.6.LTS\lib\</path>
         <kind>archive</kind>
         <file>rtsv7M4_T_le_v4SPD16_eabi.lib</file>
         <name>ull_div_t2.asm.obj</name>
      </input_file>
      <input_file id="fl-ee">
         <path>C:\ti\ccs1200\ccs\tools\compiler\ti-cgt-arm_20.2.6.LTS\lib\</path>
         <kind>archive</kind>
         <file>rtsv7M4_T_le_v4SPD16_eabi.lib</file>
         <name>autoinit.c.obj</name>
      </input_file>
      <input_file id="fl-ef">
         <path>C:\ti\ccs1200\ccs\tools\compiler\ti-cgt-arm_20.2.6.LTS\lib\</path>
         <kind>archive</kind>
         <file>rtsv7M4_T_le_v4SPD16_eabi.lib</file>
         <name>pre_init.c.obj</name>
      </input_file>
      <input_file id="fl-f0">
         <path>C:\ti\ccs1200\ccs\tools\compiler\ti-cgt-arm_20.2.6.LTS\lib\</path>
         <kind>archive</kind>
         <file>rtsv7M4_T_le_v4SPD16_eabi.lib</file>
         <name>cpy_tbl.c.obj</name>
      </input_file>
      <input_file id="fl-f1">
         <path>C:\ti\ccs1200\ccs\tools\compiler\ti-cgt-arm_20.2.6.LTS\lib\</path>
         <kind>archive</kind>
         <file>rtsv7M4_T_le_v4SPD16_eabi.lib</file>
         <name>exit.c.obj</name>
      </input_file>
      <input_file id="fl-f2">
         <path>C:\ti\ccs1200\ccs\tools\compiler\ti-cgt-arm_20.2.6.LTS\lib\</path>
         <kind>archive</kind>
         <file>rtsv7M4_T_le_v4SPD16_eabi.lib</file>
         <name>_lock.c.obj</name>
      </input_file>
      <input_file id="fl-f3">
         <path>C:\ti\ccs1200\ccs\tools\compiler\ti-cgt-arm_20.2.6.LTS\lib\</path>
         <kind>archive</kind>
         <file>rtsv7M4_T_le_v4SPD16_eabi.lib</file>
         <name>_ltoa.c.obj</name>
      </input_file>
      <input_file id="fl-f4">
         <path>C:\ti\ccs1200\ccs\tools\compiler\ti-cgt-arm_20.2.6.LTS\lib\</path>
         <kind>archive</kind>
         <file>rtsv7M4_T_le_v4SPD16_eabi.lib</file>
         <name>args_main.c.obj</name>
      </input_file>
      <input_file id="fl-f5">
         <path>C:\ti\ccs1200\ccs\tools\compiler\ti-cgt-arm_20.2.6.LTS\lib\</path>
         <kind>archive</kind>
         <file>rtsv7M4_T_le_v4SPD16_eabi.lib</file>
         <name>atoi.c.obj</name>
      </input_file>
      <input_file id="fl-f6">
         <path>C:\ti\ccs1200\ccs\tools\compiler\ti-cgt-arm_20.2.6.LTS\lib\</path>
         <kind>archive</kind>
         <file>rtsv7M4_T_le_v4SPD16_eabi.lib</file>
         <name>ctype.c.obj</name>
      </input_file>
      <input_file id="fl-f7">
         <path>C:\ti\ccs1200\ccs\tools\compiler\ti-cgt-arm_20.2.6.LTS\lib\</path>
         <kind>archive</kind>
         <file>rtsv7M4_T_le_v4SPD16_eabi.lib</file>
         <name>memccpy.c.obj</name>
      </input_file>
      <input_file id="fl-f8">
         <path>C:\ti\ccs1200\ccs\tools\compiler\ti-cgt-arm_20.2.6.LTS\lib\</path>
         <kind>archive</kind>
         <file>rtsv7M4_T_le_v4SPD16_eabi.lib</file>
         <name>strchr.c.obj</name>
      </input_file>
      <input_file id="fl-f9">
         <path>C:\ti\ccs1200\ccs\tools\compiler\ti-cgt-arm_20.2.6.LTS\lib\</path>
         <kind>archive</kind>
         <file>rtsv7M4_T_le_v4SPD16_eabi.lib</file>
         <name>s_frexp.c.obj</name>
      </input_file>
      <input_file id="fl-fa">
         <path>C:\ti\ccs1200\ccs\tools\compiler\ti-cgt-arm_20.2.6.LTS\lib\</path>
         <kind>archive</kind>
         <file>rtsv7M4_T_le_v4SPD16_eabi.lib</file>
         <name>wcslen.c.obj</name>
      </input_file>
      <input_file id="fl-fb">
         <path>C:\ti\ccs1200\ccs\tools\compiler\ti-cgt-arm_20.2.6.LTS\lib\</path>
         <kind>archive</kind>
         <file>rtsv7M4_T_le_v4SPD16_eabi.lib</file>
         <name>div0.asm.obj</name>
      </input_file>
      <input_file id="fl-fc">
         <path>C:\ti\TivaWare_C_Series-2.2.0.295\driverlib\ccs\Debug\</path>
         <kind>archive</kind>
         <file>driverlib.lib</file>
         <name>interrupt.obj</name>
      </input_file>
      <input_file id="fl-fd">
         <path>C:\ti\TivaWare_C_Series-2.2.0.295\driverlib\ccs\Debug\</path>
         <kind>archive</kind>
         <file>driverlib.lib</file>
         <name>cpu.obj</name>
      </input_file>
   </input_file_list>
   <object_component_list>
      <object_component id="oc-12">
         <name>.intvecs</name>
         <load_address>0x0</load_address>
         <run_address>0x0</run_address>
         <size>0x26c</size>
         <input_file_ref idref="fl-e"/>
      </object_component>
      <object_component id="oc-101">
         <name>.text</name>
         <load_address>0x26c</load_address>
         <run_address>0x26c</run_address>
         <size>0xedc</size>
         <input_file_ref idref="fl-7"/>
      </object_component>
      <object_component id="oc-d7">
         <name>.text</name>
         <load_address>0x1148</load_address>
         <run_address>0x1148</run_address>
         <size>0xc20</size>
         <input_file_ref idref="fl-b"/>
      </object_component>
      <object_component id="oc-288">
         <name>.text:__TI_printfi</name>
         <load_address>0x1d68</load_address>
         <run_address>0x1d68</run_address>
         <size>0xa4e</size>
         <input_file_ref idref="fl-ec"/>
      </object_component>
      <object_component id="oc-310">
         <name>.text:_nop</name>
         <load_address>0x27b6</load_address>
         <run_address>0x27b6</run_address>
         <size>0x2</size>
         <input_file_ref idref="fl-f2"/>
      </object_component>
      <object_component id="oc-1ee">
         <name>.text:pow</name>
         <load_address>0x27b8</load_address>
         <run_address>0x27b8</run_address>
         <size>0x9d0</size>
         <input_file_ref idref="fl-cb"/>
      </object_component>
      <object_component id="oc-2e7">
         <name>.text:__kernel_rem_pio2</name>
         <load_address>0x3188</load_address>
         <run_address>0x3188</run_address>
         <size>0x738</size>
         <input_file_ref idref="fl-e2"/>
      </object_component>
      <object_component id="oc-20a">
         <name>.text</name>
         <load_address>0x38c0</load_address>
         <run_address>0x38c0</run_address>
         <size>0x6dc</size>
         <input_file_ref idref="fl-4"/>
      </object_component>
      <object_component id="oc-204">
         <name>.text:tan</name>
         <load_address>0x3f9c</load_address>
         <run_address>0x3f9c</run_address>
         <size>0x508</size>
         <input_file_ref idref="fl-ce"/>
      </object_component>
      <object_component id="oc-e3">
         <name>.text</name>
         <load_address>0x44a4</load_address>
         <run_address>0x44a4</run_address>
         <size>0x328</size>
         <input_file_ref idref="fl-9"/>
      </object_component>
      <object_component id="oc-2ed">
         <name>.text:__kernel_tan</name>
         <load_address>0x47cc</load_address>
         <run_address>0x47cc</run_address>
         <size>0x31c</size>
         <input_file_ref idref="fl-e9"/>
      </object_component>
      <object_component id="oc-ef">
         <name>.text</name>
         <load_address>0x4ae8</load_address>
         <run_address>0x4ae8</run_address>
         <size>0x2f8</size>
         <input_file_ref idref="fl-c"/>
      </object_component>
      <object_component id="oc-e9">
         <name>.text</name>
         <load_address>0x4de0</load_address>
         <run_address>0x4de0</run_address>
         <size>0x278</size>
         <input_file_ref idref="fl-f"/>
      </object_component>
      <object_component id="oc-36b">
         <name>.text:_pconv_a</name>
         <load_address>0x5058</load_address>
         <run_address>0x5058</run_address>
         <size>0x270</size>
         <input_file_ref idref="fl-ec"/>
      </object_component>
      <object_component id="oc-dd">
         <name>.text</name>
         <load_address>0x52c8</load_address>
         <run_address>0x52c8</run_address>
         <size>0x248</size>
         <input_file_ref idref="fl-2"/>
      </object_component>
      <object_component id="oc-f5">
         <name>.text</name>
         <load_address>0x5510</load_address>
         <run_address>0x5510</run_address>
         <size>0x238</size>
         <input_file_ref idref="fl-d"/>
      </object_component>
      <object_component id="oc-fb">
         <name>.text</name>
         <load_address>0x5748</load_address>
         <run_address>0x5748</run_address>
         <size>0x218</size>
         <input_file_ref idref="fl-3"/>
      </object_component>
      <object_component id="oc-359">
         <name>.text:_pconv_g</name>
         <load_address>0x5960</load_address>
         <run_address>0x5960</run_address>
         <size>0x1d0</size>
         <input_file_ref idref="fl-ec"/>
      </object_component>
      <object_component id="oc-189">
         <name>.text</name>
         <load_address>0x5b30</load_address>
         <run_address>0x5b30</run_address>
         <size>0x1b6</size>
         <input_file_ref idref="fl-d3"/>
      </object_component>
      <object_component id="oc-468">
         <name>.text</name>
         <load_address>0x5ce6</load_address>
         <run_address>0x5ce6</run_address>
         <size>0x2</size>
         <input_file_ref idref="fl-fb"/>
      </object_component>
      <object_component id="oc-2c7">
         <name>.text:sqrt</name>
         <load_address>0x5ce8</load_address>
         <run_address>0x5ce8</run_address>
         <size>0x158</size>
         <input_file_ref idref="fl-cc"/>
      </object_component>
      <object_component id="oc-365">
         <name>.text:_pconv_e</name>
         <load_address>0x5e40</load_address>
         <run_address>0x5e40</run_address>
         <size>0x13c</size>
         <input_file_ref idref="fl-ec"/>
      </object_component>
      <object_component id="oc-17f">
         <name>.text</name>
         <load_address>0x5f7c</load_address>
         <run_address>0x5f7c</run_address>
         <size>0x136</size>
         <input_file_ref idref="fl-d5"/>
      </object_component>
      <object_component id="oc-a2">
         <name>.text</name>
         <load_address>0x60b4</load_address>
         <run_address>0x60b4</run_address>
         <size>0x130</size>
         <input_file_ref idref="fl-a"/>
      </object_component>
      <object_component id="oc-416">
         <name>.text:fcvt</name>
         <load_address>0x61e4</load_address>
         <run_address>0x61e4</run_address>
         <size>0x124</size>
         <input_file_ref idref="fl-ec"/>
      </object_component>
      <object_component id="oc-2fd">
         <name>.text:fmodf</name>
         <load_address>0x6308</load_address>
         <run_address>0x6308</run_address>
         <size>0x118</size>
         <input_file_ref idref="fl-eb"/>
      </object_component>
      <object_component id="oc-2d6">
         <name>.text:scalbn</name>
         <load_address>0x6420</load_address>
         <run_address>0x6420</run_address>
         <size>0x110</size>
         <input_file_ref idref="fl-cd"/>
      </object_component>
      <object_component id="oc-210">
         <name>.text:remainderf</name>
         <load_address>0x6530</load_address>
         <run_address>0x6530</run_address>
         <size>0x104</size>
         <input_file_ref idref="fl-d0"/>
      </object_component>
      <object_component id="oc-32f">
         <name>.text:aligned_alloc</name>
         <load_address>0x6634</load_address>
         <run_address>0x6634</run_address>
         <size>0x100</size>
         <input_file_ref idref="fl-e3"/>
      </object_component>
      <object_component id="oc-17a">
         <name>.text</name>
         <load_address>0x6734</load_address>
         <run_address>0x6734</run_address>
         <size>0xfc</size>
         <input_file_ref idref="fl-d6"/>
      </object_component>
      <object_component id="oc-3b8">
         <name>.text:floor</name>
         <load_address>0x6830</load_address>
         <run_address>0x6830</run_address>
         <size>0xf8</size>
         <input_file_ref idref="fl-ea"/>
      </object_component>
      <object_component id="oc-158">
         <name>.text:free</name>
         <load_address>0x6928</load_address>
         <run_address>0x6928</run_address>
         <size>0xe4</size>
         <input_file_ref idref="fl-e3"/>
      </object_component>
      <object_component id="oc-353">
         <name>.text:_ltostr</name>
         <load_address>0x6a0c</load_address>
         <run_address>0x6a0c</run_address>
         <size>0xb1</size>
         <input_file_ref idref="fl-ec"/>
      </object_component>
      <object_component id="oc-3e">
         <name>.text</name>
         <load_address>0x6abe</load_address>
         <run_address>0x6abe</run_address>
         <size>0x9c</size>
         <input_file_ref idref="fl-dc"/>
      </object_component>
      <object_component id="oc-3fd">
         <name>.text</name>
         <load_address>0x6b5a</load_address>
         <run_address>0x6b5a</run_address>
         <size>0x96</size>
         <input_file_ref idref="fl-ed"/>
      </object_component>
      <object_component id="oc-1fa">
         <name>.text:__aeabi_cdcmple</name>
         <load_address>0x6bf0</load_address>
         <run_address>0x6bf0</run_address>
         <size>0x86</size>
         <input_file_ref idref="fl-d4"/>
      </object_component>
      <object_component id="oc-1f5">
         <name>.text:__aeabi_cdrcmple</name>
         <load_address>0x6c76</load_address>
         <run_address>0x6c76</run_address>
         <size>0x86</size>
         <input_file_ref idref="fl-d4"/>
      </object_component>
      <object_component id="oc-1db">
         <name>.text</name>
         <load_address>0x6cfc</load_address>
         <run_address>0x6cfc</run_address>
         <size>0x80</size>
         <input_file_ref idref="fl-5"/>
      </object_component>
      <object_component id="oc-96">
         <name>.text</name>
         <load_address>0x6d7c</load_address>
         <run_address>0x6d7c</run_address>
         <size>0x7a</size>
         <input_file_ref idref="fl-de"/>
      </object_component>
      <object_component id="oc-3ed">
         <name>.text:split</name>
         <load_address>0x6df8</load_address>
         <run_address>0x6df8</run_address>
         <size>0x70</size>
         <input_file_ref idref="fl-e3"/>
      </object_component>
      <object_component id="oc-40f">
         <name>.text:_mcpy</name>
         <load_address>0x6e68</load_address>
         <run_address>0x6e68</run_address>
         <size>0x6e</size>
         <input_file_ref idref="fl-ec"/>
      </object_component>
      <object_component id="oc-191">
         <name>.text</name>
         <load_address>0x6ed6</load_address>
         <run_address>0x6ed6</run_address>
         <size>0x6e</size>
         <input_file_ref idref="fl-d8"/>
      </object_component>
      <object_component id="oc-15">
         <name>.text:decompress:lzss:__TI_decompress_lzss</name>
         <load_address>0x6f44</load_address>
         <run_address>0x6f44</run_address>
         <size>0x68</size>
         <input_file_ref idref="fl-e1"/>
      </object_component>
      <object_component id="oc-424">
         <name>.text:frexp</name>
         <load_address>0x6fac</load_address>
         <run_address>0x6fac</run_address>
         <size>0x64</size>
         <input_file_ref idref="fl-f9"/>
      </object_component>
      <object_component id="oc-35f">
         <name>.text:_pconv_f</name>
         <load_address>0x7010</load_address>
         <run_address>0x7010</run_address>
         <size>0x56</size>
         <input_file_ref idref="fl-ec"/>
      </object_component>
      <object_component id="oc-403">
         <name>.text:__TI_ltoa</name>
         <load_address>0x7066</load_address>
         <run_address>0x7066</run_address>
         <size>0x54</size>
         <input_file_ref idref="fl-f3"/>
      </object_component>
      <object_component id="oc-409">
         <name>.text:_ecpy</name>
         <load_address>0x70ba</load_address>
         <run_address>0x70ba</run_address>
         <size>0x52</size>
         <input_file_ref idref="fl-ec"/>
      </object_component>
      <object_component id="oc-34d">
         <name>.text:atoi</name>
         <load_address>0x710c</load_address>
         <run_address>0x710c</run_address>
         <size>0x4c</size>
         <input_file_ref idref="fl-f5"/>
      </object_component>
      <object_component id="oc-1ff">
         <name>.text</name>
         <load_address>0x7158</load_address>
         <run_address>0x7158</run_address>
         <size>0x48</size>
         <input_file_ref idref="fl-d7"/>
      </object_component>
      <object_component id="oc-11e">
         <name>.text:__TI_auto_init_nobinit_nopinit:__TI_auto_init_nobinit_nopinit</name>
         <load_address>0x71a0</load_address>
         <run_address>0x71a0</run_address>
         <size>0x44</size>
         <input_file_ref idref="fl-ee"/>
      </object_component>
      <object_component id="oc-1d2">
         <name>.text</name>
         <load_address>0x71e4</load_address>
         <run_address>0x71e4</run_address>
         <size>0x44</size>
         <input_file_ref idref="fl-d9"/>
      </object_component>
      <object_component id="oc-1e1">
         <name>.text:sprintf</name>
         <load_address>0x7228</load_address>
         <run_address>0x7228</run_address>
         <size>0x40</size>
         <input_file_ref idref="fl-d1"/>
      </object_component>
      <object_component id="oc-1af">
         <name>.text:vsnprintf</name>
         <load_address>0x7268</load_address>
         <run_address>0x7268</run_address>
         <size>0x40</size>
         <input_file_ref idref="fl-d2"/>
      </object_component>
      <object_component id="oc-41c">
         <name>.text:_fcpy</name>
         <load_address>0x72a8</load_address>
         <run_address>0x72a8</run_address>
         <size>0x3e</size>
         <input_file_ref idref="fl-ec"/>
      </object_component>
      <object_component id="oc-152">
         <name>.text:calloc</name>
         <load_address>0x72e8</load_address>
         <run_address>0x72e8</run_address>
         <size>0x38</size>
         <input_file_ref idref="fl-e3"/>
      </object_component>
      <object_component id="oc-196">
         <name>.text</name>
         <load_address>0x7320</load_address>
         <run_address>0x7320</run_address>
         <size>0x38</size>
         <input_file_ref idref="fl-da"/>
      </object_component>
      <object_component id="oc-16b">
         <name>.text:IntRegister</name>
         <load_address>0x7358</load_address>
         <run_address>0x7358</run_address>
         <size>0x34</size>
         <input_file_ref idref="fl-fc"/>
      </object_component>
      <object_component id="oc-5c">
         <name>.text:_c_int00_noargs:_c_int00_noargs</name>
         <load_address>0x738c</load_address>
         <run_address>0x738c</run_address>
         <size>0x34</size>
         <input_file_ref idref="fl-e8"/>
      </object_component>
      <object_component id="oc-28e">
         <name>.text:_outs</name>
         <load_address>0x73c0</load_address>
         <run_address>0x73c0</run_address>
         <size>0x30</size>
         <input_file_ref idref="fl-d2"/>
      </object_component>
      <object_component id="oc-184">
         <name>.text</name>
         <load_address>0x73f0</load_address>
         <run_address>0x73f0</run_address>
         <size>0x2e</size>
         <input_file_ref idref="fl-db"/>
      </object_component>
      <object_component id="oc-25b">
         <name>.text:free_list_insert</name>
         <load_address>0x7420</load_address>
         <run_address>0x7420</run_address>
         <size>0x28</size>
         <input_file_ref idref="fl-e3"/>
      </object_component>
      <object_component id="oc-1cd">
         <name>.text</name>
         <load_address>0x7448</load_address>
         <run_address>0x7448</run_address>
         <size>0x20</size>
         <input_file_ref idref="fl-dd"/>
      </object_component>
      <object_component id="oc-4a">
         <name>.text:decompress:ZI:__TI_zero_init_nomemset:__TI_zero_init_nomemset</name>
         <load_address>0x7468</load_address>
         <run_address>0x7468</run_address>
         <size>0x1c</size>
         <input_file_ref idref="fl-df"/>
      </object_component>
      <object_component id="oc-255">
         <name>.text:free_list_remove</name>
         <load_address>0x7484</load_address>
         <run_address>0x7484</run_address>
         <size>0x1c</size>
         <input_file_ref idref="fl-e3"/>
      </object_component>
      <object_component id="oc-371">
         <name>.text:memccpy</name>
         <load_address>0x74a0</load_address>
         <run_address>0x74a0</run_address>
         <size>0x1c</size>
         <input_file_ref idref="fl-f7"/>
      </object_component>
      <object_component id="oc-3a4">
         <name>.text:copysign</name>
         <load_address>0x74bc</load_address>
         <run_address>0x74bc</run_address>
         <size>0x1a</size>
         <input_file_ref idref="fl-cf"/>
      </object_component>
      <object_component id="oc-294">
         <name>.text:_outc</name>
         <load_address>0x74d6</load_address>
         <run_address>0x74d6</run_address>
         <size>0x18</size>
         <input_file_ref idref="fl-d2"/>
      </object_component>
      <object_component id="oc-2b5">
         <name>.text:_outs</name>
         <load_address>0x74ee</load_address>
         <run_address>0x74ee</run_address>
         <size>0x18</size>
         <input_file_ref idref="fl-d1"/>
      </object_component>
      <object_component id="oc-15e">
         <name>.text:oi_parseInt</name>
         <load_address>0x7506</load_address>
         <run_address>0x7506</run_address>
         <size>0x18</size>
         <input_file_ref idref="fl-b"/>
      </object_component>
      <object_component id="oc-165">
         <name>.text:strcmp</name>
         <load_address>0x751e</load_address>
         <run_address>0x751e</run_address>
         <size>0x18</size>
         <input_file_ref idref="fl-e4"/>
      </object_component>
      <object_component id="oc-42a">
         <name>.text:strchr</name>
         <load_address>0x7536</load_address>
         <run_address>0x7536</run_address>
         <size>0x16</size>
         <input_file_ref idref="fl-f8"/>
      </object_component>
      <object_component id="oc-1b5">
         <name>.text:strcpy</name>
         <load_address>0x754c</load_address>
         <run_address>0x754c</run_address>
         <size>0x14</size>
         <input_file_ref idref="fl-e5"/>
      </object_component>
      <object_component id="oc-1c5">
         <name>.text:strlen</name>
         <load_address>0x7560</load_address>
         <run_address>0x7560</run_address>
         <size>0x14</size>
         <input_file_ref idref="fl-e6"/>
      </object_component>
      <object_component id="oc-377">
         <name>.text:wcslen</name>
         <load_address>0x7574</load_address>
         <run_address>0x7574</run_address>
         <size>0x12</size>
         <input_file_ref idref="fl-fa"/>
      </object_component>
      <object_component id="oc-171">
         <name>.text:IntMasterEnable</name>
         <load_address>0x7586</load_address>
         <run_address>0x7586</run_address>
         <size>0x10</size>
         <input_file_ref idref="fl-fc"/>
      </object_component>
      <object_component id="oc-1a8">
         <name>.text:lcd_clear</name>
         <load_address>0x7596</load_address>
         <run_address>0x7596</run_address>
         <size>0x10</size>
         <input_file_ref idref="fl-9"/>
      </object_component>
      <object_component id="oc-1b">
         <name>.text:decompress:none:__TI_decompress_none</name>
         <load_address>0x75a6</load_address>
         <run_address>0x75a6</run_address>
         <size>0xe</size>
         <input_file_ref idref="fl-e0"/>
      </object_component>
      <object_component id="oc-26e">
         <name>.text:CPUcpsie</name>
         <load_address>0x75b4</load_address>
         <run_address>0x75b4</run_address>
         <size>0xc</size>
         <input_file_ref idref="fl-fd"/>
      </object_component>
      <object_component id="oc-2a">
         <name>.text</name>
         <load_address>0x75c0</load_address>
         <run_address>0x75c0</run_address>
         <size>0xc</size>
         <input_file_ref idref="fl-e"/>
      </object_component>
      <object_component id="oc-2bb">
         <name>.text:_outc</name>
         <load_address>0x75cc</load_address>
         <run_address>0x75cc</run_address>
         <size>0xa</size>
         <input_file_ref idref="fl-d1"/>
      </object_component>
      <object_component id="oc-2cd">
         <name>.text:__aeabi_errno_addr</name>
         <load_address>0x75d8</load_address>
         <run_address>0x75d8</run_address>
         <size>0x8</size>
         <input_file_ref idref="fl-e7"/>
      </object_component>
      <object_component id="oc-24e">
         <name>.text:malloc</name>
         <load_address>0x75e0</load_address>
         <run_address>0x75e0</run_address>
         <size>0x8</size>
         <input_file_ref idref="fl-e3"/>
      </object_component>
      <object_component id="oc-9c">
         <name>.text:_system_pre_init</name>
         <load_address>0x75e8</load_address>
         <run_address>0x75e8</run_address>
         <size>0x4</size>
         <input_file_ref idref="fl-ef"/>
      </object_component>
      <object_component id="oc-112">
         <name>.text:abort:abort</name>
         <load_address>0x75ec</load_address>
         <run_address>0x75ec</run_address>
         <size>0x4</size>
         <input_file_ref idref="fl-f1"/>
      </object_component>
      <object_component id="oc-3be">
         <name>.const:$O1$$</name>
         <load_address>0x75f0</load_address>
         <run_address>0x75f0</run_address>
         <size>0x158</size>
         <input_file_ref idref="fl-e2"/>
      </object_component>
      <object_component id="oc-3f8">
         <name>.const:.string:_ctypes_</name>
         <load_address>0x7748</load_address>
         <run_address>0x7748</run_address>
         <size>0x101</size>
         <input_file_ref idref="fl-f6"/>
      </object_component>
      <object_component id="oc-1bb">
         <name>.const:.string:lineAddress$1</name>
         <load_address>0x7849</load_address>
         <run_address>0x7849</run_address>
         <size>0x4</size>
         <input_file_ref idref="fl-9"/>
      </object_component>
      <object_component id="oc-3c4">
         <name>.const:xxx</name>
         <load_address>0x7850</load_address>
         <run_address>0x7850</run_address>
         <size>0x80</size>
         <input_file_ref idref="fl-e9"/>
      </object_component>
      <object_component id="oc-3cd">
         <name>.const:.string</name>
         <load_address>0x78d0</load_address>
         <run_address>0x78d0</run_address>
         <size>0x3a</size>
         <input_file_ref idref="fl-4"/>
      </object_component>
      <object_component id="oc-1bc">
         <name>.const:.string:lineAddresses$2</name>
         <load_address>0x790a</load_address>
         <run_address>0x790a</run_address>
         <size>0x4</size>
         <input_file_ref idref="fl-9"/>
      </object_component>
      <object_component id="oc-2d3">
         <name>.const:$O1$$</name>
         <load_address>0x7910</load_address>
         <run_address>0x7910</run_address>
         <size>0x30</size>
         <input_file_ref idref="fl-cb"/>
      </object_component>
      <object_component id="oc-18e">
         <name>.const:.string:$P$T0$3</name>
         <load_address>0x7940</load_address>
         <run_address>0x7940</run_address>
         <size>0xf</size>
         <input_file_ref idref="fl-b"/>
      </object_component>
      <object_component id="oc-3d7">
         <name>.const:Zero</name>
         <load_address>0x7950</load_address>
         <run_address>0x7950</run_address>
         <size>0x8</size>
         <input_file_ref idref="fl-eb"/>
      </object_component>
      <object_component id="oc-4bd">
         <name>.cinit..data.load</name>
         <load_address>0x7958</load_address>
         <run_address>0x7958</run_address>
         <size>0x3c</size>
      </object_component>
      <object_component id="oc-4ba">
         <name>__TI_handler_table</name>
         <load_address>0x7994</load_address>
         <run_address>0x7994</run_address>
         <size>0xc</size>
      </object_component>
      <object_component id="oc-4be">
         <name>.cinit..bss.load</name>
         <load_address>0x79a0</load_address>
         <run_address>0x79a0</run_address>
         <size>0x8</size>
      </object_component>
      <object_component id="oc-4bc">
         <name>.cinit..vtable.load</name>
         <load_address>0x79a8</load_address>
         <run_address>0x79a8</run_address>
         <size>0x8</size>
      </object_component>
      <object_component id="oc-4bb">
         <name>__TI_cinit_table</name>
         <load_address>0x79b0</load_address>
         <run_address>0x79b0</run_address>
         <size>0x18</size>
      </object_component>
      <object_component id="oc-264">
         <name>.vtable</name>
         <uninitialized>true</uninitialized>
         <run_address>0x20000000</run_address>
         <size>0x26c</size>
         <input_file_ref idref="fl-fc"/>
      </object_component>
      <object_component id="oc-1a3">
         <name>.data</name>
         <load_address>0x20002323</load_address>
         <run_address>0x20002323</run_address>
         <size>0x1</size>
         <input_file_ref idref="fl-2"/>
      </object_component>
      <object_component id="oc-2f5">
         <name>.data</name>
         <load_address>0x2000234a</load_address>
         <run_address>0x2000234a</run_address>
         <size>0x1</size>
         <input_file_ref idref="fl-4"/>
      </object_component>
      <object_component id="oc-2f8">
         <name>.data:statuses</name>
         <load_address>0x20002304</load_address>
         <run_address>0x20002304</run_address>
         <size>0x10</size>
         <input_file_ref idref="fl-4"/>
      </object_component>
      <object_component id="oc-2b3">
         <name>.data</name>
         <load_address>0x2000234b</load_address>
         <run_address>0x2000234b</run_address>
         <size>0x1</size>
         <input_file_ref idref="fl-5"/>
      </object_component>
      <object_component id="oc-216">
         <name>.data</name>
         <load_address>0x2000233c</load_address>
         <run_address>0x2000233c</run_address>
         <size>0x4</size>
         <input_file_ref idref="fl-7"/>
      </object_component>
      <object_component id="oc-107">
         <name>.data:car_honk_notes</name>
         <load_address>0x20002348</load_address>
         <run_address>0x20002348</run_address>
         <size>0x2</size>
         <input_file_ref idref="fl-a"/>
      </object_component>
      <object_component id="oc-10a">
         <name>.data:car_honk_duration</name>
         <load_address>0x20002321</load_address>
         <run_address>0x20002321</run_address>
         <size>0x2</size>
         <input_file_ref idref="fl-a"/>
      </object_component>
      <object_component id="oc-177">
         <name>.data</name>
         <load_address>0x200022e4</load_address>
         <run_address>0x200022e4</run_address>
         <size>0x20</size>
         <input_file_ref idref="fl-b"/>
      </object_component>
      <object_component id="oc-1d7">
         <name>.data</name>
         <load_address>0x20002314</load_address>
         <run_address>0x20002314</run_address>
         <size>0xd</size>
         <input_file_ref idref="fl-c"/>
      </object_component>
      <object_component id="oc-1e7">
         <name>.data</name>
         <load_address>0x20002344</load_address>
         <run_address>0x20002344</run_address>
         <size>0x4</size>
         <input_file_ref idref="fl-d"/>
      </object_component>
      <object_component id="oc-10d">
         <name>.data</name>
         <load_address>0x20002334</load_address>
         <run_address>0x20002334</run_address>
         <size>0x8</size>
         <input_file_ref idref="fl-f"/>
      </object_component>
      <object_component id="oc-336">
         <name>.data:$O1$$</name>
         <load_address>0x2000232c</load_address>
         <run_address>0x2000232c</run_address>
         <size>0x8</size>
         <input_file_ref idref="fl-e3"/>
      </object_component>
      <object_component id="oc-39d">
         <name>.data</name>
         <load_address>0x20002340</load_address>
         <run_address>0x20002340</run_address>
         <size>0x4</size>
         <input_file_ref idref="fl-e7"/>
      </object_component>
      <object_component id="oc-232">
         <name>.data:$O1$$</name>
         <load_address>0x20002324</load_address>
         <run_address>0x20002324</run_address>
         <size>0x8</size>
         <input_file_ref idref="fl-f2"/>
      </object_component>
      <object_component id="oc-1bd">
         <name>.bss:lastbuffer$3</name>
         <uninitialized>true</uninitialized>
         <run_address>0x20002270</run_address>
         <size>0x54</size>
         <input_file_ref idref="fl-9"/>
      </object_component>
      <object_component id="oc-19b">
         <name>.bss:firmware$2</name>
         <uninitialized>true</uninitialized>
         <run_address>0x200022c4</run_address>
         <size>0x18</size>
         <input_file_ref idref="fl-b"/>
      </object_component>
      <object_component id="oc-1a6">
         <name>.common:_timeout_ticks</name>
         <uninitialized>true</uninitialized>
         <run_address>0x200022dc</run_address>
         <size>0x4</size>
      </object_component>
      <object_component id="oc-1ea">
         <name>.common:match_val</name>
         <uninitialized>true</uninitialized>
         <run_address>0x200022e0</run_address>
         <size>0x4</size>
      </object_component>
      <object_component id="oc-24">
         <name>.sysmem</name>
         <uninitialized>true</uninitialized>
         <run_address>0x20001270</run_address>
         <size>0x10</size>
         <input_file_ref idref="fl-e3"/>
      </object_component>
      <object_component id="oc-4c1">
         <name>.sysmem</name>
         <uninitialized>true</uninitialized>
         <run_address>0x20001270</run_address>
         <size>0x0</size>
      </object_component>
      <object_component id="oc-27">
         <name>.stack</name>
         <uninitialized>true</uninitialized>
         <run_address>0x20000270</run_address>
         <size>0x4</size>
         <input_file_ref idref="fl-e8"/>
      </object_component>
      <object_component id="oc-4c0">
         <name>.stack</name>
         <uninitialized>true</uninitialized>
         <run_address>0x20000270</run_address>
         <size>0x0</size>
      </object_component>
      <object_component id="oc-c5">
         <name>.debug_info</name>
         <load_address>0x0</load_address>
         <run_address>0x0</run_address>
         <size>0x2b9</size>
         <input_file_ref idref="fl-2"/>
      </object_component>
      <object_component id="oc-1a4">
         <name>.debug_info</name>
         <load_address>0x2b9</load_address>
         <run_address>0x2b9</run_address>
         <size>0xc7</size>
         <input_file_ref idref="fl-2"/>
      </object_component>
      <object_component id="oc-de">
         <name>.debug_info</name>
         <load_address>0x380</load_address>
         <run_address>0x380</run_address>
         <size>0x50f</size>
         <input_file_ref idref="fl-2"/>
      </object_component>
      <object_component id="oc-77">
         <name>.debug_info</name>
         <load_address>0x88f</load_address>
         <run_address>0x88f</run_address>
         <size>0x26b</size>
         <input_file_ref idref="fl-2"/>
      </object_component>
      <object_component id="oc-39">
         <name>.debug_info</name>
         <load_address>0xafa</load_address>
         <run_address>0xafa</run_address>
         <size>0x84</size>
         <input_file_ref idref="fl-2"/>
      </object_component>
      <object_component id="oc-c0">
         <name>.debug_info</name>
         <load_address>0xb7e</load_address>
         <run_address>0xb7e</run_address>
         <size>0x2a4</size>
         <input_file_ref idref="fl-2"/>
      </object_component>
      <object_component id="oc-7c">
         <name>.debug_info</name>
         <load_address>0xe22</load_address>
         <run_address>0xe22</run_address>
         <size>0xbb</size>
         <input_file_ref idref="fl-2"/>
      </object_component>
      <object_component id="oc-30d">
         <name>.debug_info</name>
         <load_address>0xedd</load_address>
         <run_address>0xedd</run_address>
         <size>0x2c4</size>
         <input_file_ref idref="fl-3"/>
      </object_component>
      <object_component id="oc-fd">
         <name>.debug_info</name>
         <load_address>0x11a1</load_address>
         <run_address>0x11a1</run_address>
         <size>0x3df</size>
         <input_file_ref idref="fl-3"/>
      </object_component>
      <object_component id="oc-ce">
         <name>.debug_info</name>
         <load_address>0x1580</load_address>
         <run_address>0x1580</run_address>
         <size>0x2c</size>
         <input_file_ref idref="fl-3"/>
      </object_component>
      <object_component id="oc-229">
         <name>.debug_info</name>
         <load_address>0x15ac</load_address>
         <run_address>0x15ac</run_address>
         <size>0x35</size>
         <input_file_ref idref="fl-3"/>
      </object_component>
      <object_component id="oc-2fc">
         <name>.debug_info</name>
         <load_address>0x15e1</load_address>
         <run_address>0x15e1</run_address>
         <size>0x3f0</size>
         <input_file_ref idref="fl-4"/>
      </object_component>
      <object_component id="oc-2f6">
         <name>.debug_info</name>
         <load_address>0x19d1</load_address>
         <run_address>0x19d1</run_address>
         <size>0xe6</size>
         <input_file_ref idref="fl-4"/>
      </object_component>
      <object_component id="oc-2f9">
         <name>.debug_info</name>
         <load_address>0x1ab7</load_address>
         <run_address>0x1ab7</run_address>
         <size>0xc8</size>
         <input_file_ref idref="fl-4"/>
      </object_component>
      <object_component id="oc-20b">
         <name>.debug_info</name>
         <load_address>0x1b7f</load_address>
         <run_address>0x1b7f</run_address>
         <size>0xa17</size>
         <input_file_ref idref="fl-4"/>
      </object_component>
      <object_component id="oc-308">
         <name>.debug_info</name>
         <load_address>0x2596</load_address>
         <run_address>0x2596</run_address>
         <size>0x25e</size>
         <input_file_ref idref="fl-4"/>
      </object_component>
      <object_component id="oc-3d2">
         <name>.debug_info</name>
         <load_address>0x27f4</load_address>
         <run_address>0x27f4</run_address>
         <size>0x110</size>
         <input_file_ref idref="fl-4"/>
      </object_component>
      <object_component id="oc-19e">
         <name>.debug_info</name>
         <load_address>0x2904</load_address>
         <run_address>0x2904</run_address>
         <size>0x8b</size>
         <input_file_ref idref="fl-4"/>
      </object_component>
      <object_component id="oc-1c0">
         <name>.debug_info</name>
         <load_address>0x298f</load_address>
         <run_address>0x298f</run_address>
         <size>0x2c</size>
         <input_file_ref idref="fl-4"/>
      </object_component>
      <object_component id="oc-1dc">
         <name>.debug_info</name>
         <load_address>0x29bb</load_address>
         <run_address>0x29bb</run_address>
         <size>0x17c</size>
         <input_file_ref idref="fl-5"/>
      </object_component>
      <object_component id="oc-34c">
         <name>.debug_info</name>
         <load_address>0x2b37</load_address>
         <run_address>0x2b37</run_address>
         <size>0x326</size>
         <input_file_ref idref="fl-6"/>
      </object_component>
      <object_component id="oc-224">
         <name>.debug_info</name>
         <load_address>0x2e5d</load_address>
         <run_address>0x2e5d</run_address>
         <size>0x5aa</size>
         <input_file_ref idref="fl-6"/>
      </object_component>
      <object_component id="oc-281">
         <name>.debug_info</name>
         <load_address>0x3407</load_address>
         <run_address>0x3407</run_address>
         <size>0xcc</size>
         <input_file_ref idref="fl-6"/>
      </object_component>
      <object_component id="oc-21a">
         <name>.debug_info</name>
         <load_address>0x34d3</load_address>
         <run_address>0x34d3</run_address>
         <size>0x63e</size>
         <input_file_ref idref="fl-7"/>
      </object_component>
      <object_component id="oc-217">
         <name>.debug_info</name>
         <load_address>0x3b11</load_address>
         <run_address>0x3b11</run_address>
         <size>0xd9</size>
         <input_file_ref idref="fl-7"/>
      </object_component>
      <object_component id="oc-103">
         <name>.debug_info</name>
         <load_address>0x3bea</load_address>
         <run_address>0x3bea</run_address>
         <size>0x1b35</size>
         <input_file_ref idref="fl-7"/>
      </object_component>
      <object_component id="oc-1bf">
         <name>.debug_info</name>
         <load_address>0x571f</load_address>
         <run_address>0x571f</run_address>
         <size>0x387</size>
         <input_file_ref idref="fl-9"/>
      </object_component>
      <object_component id="oc-1a9">
         <name>.debug_info</name>
         <load_address>0x5aa6</load_address>
         <run_address>0x5aa6</run_address>
         <size>0x11c</size>
         <input_file_ref idref="fl-9"/>
      </object_component>
      <object_component id="oc-e5">
         <name>.debug_info</name>
         <load_address>0x5bc2</load_address>
         <run_address>0x5bc2</run_address>
         <size>0x8a8</size>
         <input_file_ref idref="fl-9"/>
      </object_component>
      <object_component id="oc-111">
         <name>.debug_info</name>
         <load_address>0x646a</load_address>
         <run_address>0x646a</run_address>
         <size>0x5f6</size>
         <input_file_ref idref="fl-a"/>
      </object_component>
      <object_component id="oc-108">
         <name>.debug_info</name>
         <load_address>0x6a60</load_address>
         <run_address>0x6a60</run_address>
         <size>0xd2</size>
         <input_file_ref idref="fl-a"/>
      </object_component>
      <object_component id="oc-10b">
         <name>.debug_info</name>
         <load_address>0x6b32</load_address>
         <run_address>0x6b32</run_address>
         <size>0xd8</size>
         <input_file_ref idref="fl-a"/>
      </object_component>
      <object_component id="oc-a4">
         <name>.debug_info</name>
         <load_address>0x6c0a</load_address>
         <run_address>0x6c0a</run_address>
         <size>0x2ee</size>
         <input_file_ref idref="fl-a"/>
      </object_component>
      <object_component id="oc-19d">
         <name>.debug_info</name>
         <load_address>0x6ef8</load_address>
         <run_address>0x6ef8</run_address>
         <size>0x404</size>
         <input_file_ref idref="fl-b"/>
      </object_component>
      <object_component id="oc-178">
         <name>.debug_info</name>
         <load_address>0x72fc</load_address>
         <run_address>0x72fc</run_address>
         <size>0x119</size>
         <input_file_ref idref="fl-b"/>
      </object_component>
      <object_component id="oc-18f">
         <name>.debug_info</name>
         <load_address>0x7415</load_address>
         <run_address>0x7415</run_address>
         <size>0xce</size>
         <input_file_ref idref="fl-b"/>
      </object_component>
      <object_component id="oc-15f">
         <name>.debug_info</name>
         <load_address>0x74e3</load_address>
         <run_address>0x74e3</run_address>
         <size>0x146</size>
         <input_file_ref idref="fl-b"/>
      </object_component>
      <object_component id="oc-d8">
         <name>.debug_info</name>
         <load_address>0x7629</load_address>
         <run_address>0x7629</run_address>
         <size>0x1990</size>
         <input_file_ref idref="fl-b"/>
      </object_component>
      <object_component id="oc-2b2">
         <name>.debug_info</name>
         <load_address>0x8fb9</load_address>
         <run_address>0x8fb9</run_address>
         <size>0x34d</size>
         <input_file_ref idref="fl-c"/>
      </object_component>
      <object_component id="oc-1d8">
         <name>.debug_info</name>
         <load_address>0x9306</load_address>
         <run_address>0x9306</run_address>
         <size>0x138</size>
         <input_file_ref idref="fl-c"/>
      </object_component>
      <object_component id="oc-f0">
         <name>.debug_info</name>
         <load_address>0x943e</load_address>
         <run_address>0x943e</run_address>
         <size>0x541</size>
         <input_file_ref idref="fl-c"/>
      </object_component>
      <object_component id="oc-393">
         <name>.debug_info</name>
         <load_address>0x997f</load_address>
         <run_address>0x997f</run_address>
         <size>0x44</size>
         <input_file_ref idref="fl-c"/>
      </object_component>
      <object_component id="oc-1eb">
         <name>.debug_info</name>
         <load_address>0x99c3</load_address>
         <run_address>0x99c3</run_address>
         <size>0x31a</size>
         <input_file_ref idref="fl-d"/>
      </object_component>
      <object_component id="oc-1e8">
         <name>.debug_info</name>
         <load_address>0x9cdd</load_address>
         <run_address>0x9cdd</run_address>
         <size>0xcb</size>
         <input_file_ref idref="fl-d"/>
      </object_component>
      <object_component id="oc-f8">
         <name>.debug_info</name>
         <load_address>0x9da8</load_address>
         <run_address>0x9da8</run_address>
         <size>0x30d</size>
         <input_file_ref idref="fl-d"/>
      </object_component>
      <object_component id="oc-32">
         <name>.debug_info</name>
         <load_address>0xa0b5</load_address>
         <run_address>0xa0b5</run_address>
         <size>0x2a3</size>
         <input_file_ref idref="fl-e"/>
      </object_component>
      <object_component id="oc-13">
         <name>.debug_info</name>
         <load_address>0xa358</load_address>
         <run_address>0xa358</run_address>
         <size>0xe2</size>
         <input_file_ref idref="fl-e"/>
      </object_component>
      <object_component id="oc-2d">
         <name>.debug_info</name>
         <load_address>0xa43a</load_address>
         <run_address>0xa43a</run_address>
         <size>0x25e</size>
         <input_file_ref idref="fl-e"/>
      </object_component>
      <object_component id="oc-1cc">
         <name>.debug_info</name>
         <load_address>0xa698</load_address>
         <run_address>0xa698</run_address>
         <size>0x2e7</size>
         <input_file_ref idref="fl-f"/>
      </object_component>
      <object_component id="oc-10e">
         <name>.debug_info</name>
         <load_address>0xa97f</load_address>
         <run_address>0xa97f</run_address>
         <size>0x101</size>
         <input_file_ref idref="fl-f"/>
      </object_component>
      <object_component id="oc-eb">
         <name>.debug_info</name>
         <load_address>0xaa80</load_address>
         <run_address>0xaa80</run_address>
         <size>0x3c7</size>
         <input_file_ref idref="fl-f"/>
      </object_component>
      <object_component id="oc-2e2">
         <name>.debug_info</name>
         <load_address>0xae47</load_address>
         <run_address>0xae47</run_address>
         <size>0x35e</size>
         <input_file_ref idref="fl-cb"/>
      </object_component>
      <object_component id="oc-2d4">
         <name>.debug_info</name>
         <load_address>0xb1a5</load_address>
         <run_address>0xb1a5</run_address>
         <size>0x128</size>
         <input_file_ref idref="fl-cb"/>
      </object_component>
      <object_component id="oc-1ef">
         <name>.debug_info</name>
         <load_address>0xb2cd</load_address>
         <run_address>0xb2cd</run_address>
         <size>0xbf2</size>
         <input_file_ref idref="fl-cb"/>
      </object_component>
      <object_component id="oc-3b1">
         <name>.debug_info</name>
         <load_address>0xbebf</load_address>
         <run_address>0xbebf</run_address>
         <size>0x46</size>
         <input_file_ref idref="fl-cb"/>
      </object_component>
      <object_component id="oc-2dd">
         <name>.debug_info</name>
         <load_address>0xbf05</load_address>
         <run_address>0xbf05</run_address>
         <size>0x39</size>
         <input_file_ref idref="fl-cb"/>
      </object_component>
      <object_component id="oc-39c">
         <name>.debug_info</name>
         <load_address>0xbf3e</load_address>
         <run_address>0xbf3e</run_address>
         <size>0x2c5</size>
         <input_file_ref idref="fl-cc"/>
      </object_component>
      <object_component id="oc-2c8">
         <name>.debug_info</name>
         <load_address>0xc203</load_address>
         <run_address>0xc203</run_address>
         <size>0x24e</size>
         <input_file_ref idref="fl-cc"/>
      </object_component>
      <object_component id="oc-3ab">
         <name>.debug_info</name>
         <load_address>0xc451</load_address>
         <run_address>0xc451</run_address>
         <size>0x2f8</size>
         <input_file_ref idref="fl-cd"/>
      </object_component>
      <object_component id="oc-2da">
         <name>.debug_info</name>
         <load_address>0xc749</load_address>
         <run_address>0xc749</run_address>
         <size>0x225</size>
         <input_file_ref idref="fl-cd"/>
      </object_component>
      <object_component id="oc-44f">
         <name>.debug_info</name>
         <load_address>0xc96e</load_address>
         <run_address>0xc96e</run_address>
         <size>0x39</size>
         <input_file_ref idref="fl-cd"/>
      </object_component>
      <object_component id="oc-3ac">
         <name>.debug_info</name>
         <load_address>0xc9a7</load_address>
         <run_address>0xc9a7</run_address>
         <size>0x2c</size>
         <input_file_ref idref="fl-cd"/>
      </object_component>
      <object_component id="oc-2f4">
         <name>.debug_info</name>
         <load_address>0xc9d3</load_address>
         <run_address>0xc9d3</run_address>
         <size>0x36a</size>
         <input_file_ref idref="fl-ce"/>
      </object_component>
      <object_component id="oc-205">
         <name>.debug_info</name>
         <load_address>0xcd3d</load_address>
         <run_address>0xcd3d</run_address>
         <size>0x5d4</size>
         <input_file_ref idref="fl-ce"/>
      </object_component>
      <object_component id="oc-3a5">
         <name>.debug_info</name>
         <load_address>0xd311</load_address>
         <run_address>0xd311</run_address>
         <size>0x161</size>
         <input_file_ref idref="fl-cf"/>
      </object_component>
      <object_component id="oc-214">
         <name>.debug_info</name>
         <load_address>0xd472</load_address>
         <run_address>0xd472</run_address>
         <size>0x21f</size>
         <input_file_ref idref="fl-d0"/>
      </object_component>
      <object_component id="oc-2c2">
         <name>.debug_info</name>
         <load_address>0xd691</load_address>
         <run_address>0xd691</run_address>
         <size>0x333</size>
         <input_file_ref idref="fl-d1"/>
      </object_component>
      <object_component id="oc-1e2">
         <name>.debug_info</name>
         <load_address>0xd9c4</load_address>
         <run_address>0xd9c4</run_address>
         <size>0x1d1</size>
         <input_file_ref idref="fl-d1"/>
      </object_component>
      <object_component id="oc-2b7">
         <name>.debug_info</name>
         <load_address>0xdb95</load_address>
         <run_address>0xdb95</run_address>
         <size>0x18d</size>
         <input_file_ref idref="fl-d1"/>
      </object_component>
      <object_component id="oc-2bc">
         <name>.debug_info</name>
         <load_address>0xdd22</load_address>
         <run_address>0xdd22</run_address>
         <size>0x16d</size>
         <input_file_ref idref="fl-d1"/>
      </object_component>
      <object_component id="oc-29c">
         <name>.debug_info</name>
         <load_address>0xde8f</load_address>
         <run_address>0xde8f</run_address>
         <size>0x2c</size>
         <input_file_ref idref="fl-d1"/>
      </object_component>
      <object_component id="oc-29b">
         <name>.debug_info</name>
         <load_address>0xdebb</load_address>
         <run_address>0xdebb</run_address>
         <size>0x340</size>
         <input_file_ref idref="fl-d2"/>
      </object_component>
      <object_component id="oc-1b3">
         <name>.debug_info</name>
         <load_address>0xe1fb</load_address>
         <run_address>0xe1fb</run_address>
         <size>0x208</size>
         <input_file_ref idref="fl-d2"/>
      </object_component>
      <object_component id="oc-292">
         <name>.debug_info</name>
         <load_address>0xe403</load_address>
         <run_address>0xe403</run_address>
         <size>0x1c6</size>
         <input_file_ref idref="fl-d2"/>
      </object_component>
      <object_component id="oc-298">
         <name>.debug_info</name>
         <load_address>0xe5c9</load_address>
         <run_address>0xe5c9</run_address>
         <size>0x179</size>
         <input_file_ref idref="fl-d2"/>
      </object_component>
      <object_component id="oc-2a1">
         <name>.debug_info</name>
         <load_address>0xe742</load_address>
         <run_address>0xe742</run_address>
         <size>0x69</size>
         <input_file_ref idref="fl-d2"/>
      </object_component>
      <object_component id="oc-18a">
         <name>.debug_info</name>
         <load_address>0xe7ab</load_address>
         <run_address>0xe7ab</run_address>
         <size>0x14c</size>
         <input_file_ref idref="fl-d3"/>
      </object_component>
      <object_component id="oc-1fc">
         <name>.debug_info</name>
         <load_address>0xe8f7</load_address>
         <run_address>0xe8f7</run_address>
         <size>0x128</size>
         <input_file_ref idref="fl-d4"/>
      </object_component>
      <object_component id="oc-1f6">
         <name>.debug_info</name>
         <load_address>0xea1f</load_address>
         <run_address>0xea1f</run_address>
         <size>0x12a</size>
         <input_file_ref idref="fl-d4"/>
      </object_component>
      <object_component id="oc-180">
         <name>.debug_info</name>
         <load_address>0xeb49</load_address>
         <run_address>0xeb49</run_address>
         <size>0x13a</size>
         <input_file_ref idref="fl-d5"/>
      </object_component>
      <object_component id="oc-17b">
         <name>.debug_info</name>
         <load_address>0xec83</load_address>
         <run_address>0xec83</run_address>
         <size>0x13a</size>
         <input_file_ref idref="fl-d6"/>
      </object_component>
      <object_component id="oc-202">
         <name>.debug_info</name>
         <load_address>0xedbd</load_address>
         <run_address>0xedbd</run_address>
         <size>0x12e</size>
         <input_file_ref idref="fl-d7"/>
      </object_component>
      <object_component id="oc-193">
         <name>.debug_info</name>
         <load_address>0xeeeb</load_address>
         <run_address>0xeeeb</run_address>
         <size>0x13e</size>
         <input_file_ref idref="fl-d8"/>
      </object_component>
      <object_component id="oc-1d3">
         <name>.debug_info</name>
         <load_address>0xf029</load_address>
         <run_address>0xf029</run_address>
         <size>0x139</size>
         <input_file_ref idref="fl-d9"/>
      </object_component>
      <object_component id="oc-197">
         <name>.debug_info</name>
         <load_address>0xf162</load_address>
         <run_address>0xf162</run_address>
         <size>0x12c</size>
         <input_file_ref idref="fl-da"/>
      </object_component>
      <object_component id="oc-185">
         <name>.debug_info</name>
         <load_address>0xf28e</load_address>
         <run_address>0xf28e</run_address>
         <size>0x12c</size>
         <input_file_ref idref="fl-db"/>
      </object_component>
      <object_component id="oc-41">
         <name>.debug_info</name>
         <load_address>0xf3ba</load_address>
         <run_address>0xf3ba</run_address>
         <size>0x119</size>
         <input_file_ref idref="fl-dc"/>
      </object_component>
      <object_component id="oc-1cf">
         <name>.debug_info</name>
         <load_address>0xf4d3</load_address>
         <run_address>0xf4d3</run_address>
         <size>0x12e</size>
         <input_file_ref idref="fl-dd"/>
      </object_component>
      <object_component id="oc-97">
         <name>.debug_info</name>
         <load_address>0xf601</load_address>
         <run_address>0xf601</run_address>
         <size>0x147</size>
         <input_file_ref idref="fl-de"/>
      </object_component>
      <object_component id="oc-95">
         <name>.debug_info</name>
         <load_address>0xf748</load_address>
         <run_address>0xf748</run_address>
         <size>0x2d4</size>
         <input_file_ref idref="fl-df"/>
      </object_component>
      <object_component id="oc-4e">
         <name>.debug_info</name>
         <load_address>0xfa1c</load_address>
         <run_address>0xfa1c</run_address>
         <size>0x1d2</size>
         <input_file_ref idref="fl-df"/>
      </object_component>
      <object_component id="oc-90">
         <name>.debug_info</name>
         <load_address>0xfbee</load_address>
         <run_address>0xfbee</run_address>
         <size>0x46</size>
         <input_file_ref idref="fl-df"/>
      </object_component>
      <object_component id="oc-49">
         <name>.debug_info</name>
         <load_address>0xfc34</load_address>
         <run_address>0xfc34</run_address>
         <size>0x2a8</size>
         <input_file_ref idref="fl-e0"/>
      </object_component>
      <object_component id="oc-1c">
         <name>.debug_info</name>
         <load_address>0xfedc</load_address>
         <run_address>0xfedc</run_address>
         <size>0x1ea</size>
         <input_file_ref idref="fl-e0"/>
      </object_component>
      <object_component id="oc-44">
         <name>.debug_info</name>
         <load_address>0x100c6</load_address>
         <run_address>0x100c6</run_address>
         <size>0x46</size>
         <input_file_ref idref="fl-e0"/>
      </object_component>
      <object_component id="oc-88">
         <name>.debug_info</name>
         <load_address>0x1010c</load_address>
         <run_address>0x1010c</run_address>
         <size>0x2c</size>
         <input_file_ref idref="fl-e0"/>
      </object_component>
      <object_component id="oc-86">
         <name>.debug_info</name>
         <load_address>0x10138</load_address>
         <run_address>0x10138</run_address>
         <size>0x29e</size>
         <input_file_ref idref="fl-e1"/>
      </object_component>
      <object_component id="oc-17">
         <name>.debug_info</name>
         <load_address>0x103d6</load_address>
         <run_address>0x103d6</run_address>
         <size>0x250</size>
         <input_file_ref idref="fl-e1"/>
      </object_component>
      <object_component id="oc-34">
         <name>.debug_info</name>
         <load_address>0x10626</load_address>
         <run_address>0x10626</run_address>
         <size>0x60</size>
         <input_file_ref idref="fl-e1"/>
      </object_component>
      <object_component id="oc-c7">
         <name>.debug_info</name>
         <load_address>0x10686</load_address>
         <run_address>0x10686</run_address>
         <size>0x46</size>
         <input_file_ref idref="fl-e1"/>
      </object_component>
      <object_component id="oc-81">
         <name>.debug_info</name>
         <load_address>0x106cc</load_address>
         <run_address>0x106cc</run_address>
         <size>0x39</size>
         <input_file_ref idref="fl-e1"/>
      </object_component>
      <object_component id="oc-3c2">
         <name>.debug_info</name>
         <load_address>0x10705</load_address>
         <run_address>0x10705</run_address>
         <size>0x3aa</size>
         <input_file_ref idref="fl-e2"/>
      </object_component>
      <object_component id="oc-3bf">
         <name>.debug_info</name>
         <load_address>0x10aaf</load_address>
         <run_address>0x10aaf</run_address>
         <size>0x13a</size>
         <input_file_ref idref="fl-e2"/>
      </object_component>
      <object_component id="oc-2e9">
         <name>.debug_info</name>
         <load_address>0x10be9</load_address>
         <run_address>0x10be9</run_address>
         <size>0x72f</size>
         <input_file_ref idref="fl-e2"/>
      </object_component>
      <object_component id="oc-70">
         <name>.debug_info</name>
         <load_address>0x11318</load_address>
         <run_address>0x11318</run_address>
         <size>0x3b2</size>
         <input_file_ref idref="fl-e3"/>
      </object_component>
      <object_component id="oc-25">
         <name>.debug_info</name>
         <load_address>0x116ca</load_address>
         <run_address>0x116ca</run_address>
         <size>0x10c</size>
         <input_file_ref idref="fl-e3"/>
      </object_component>
      <object_component id="oc-337">
         <name>.debug_info</name>
         <load_address>0x117d6</load_address>
         <run_address>0x117d6</run_address>
         <size>0x13f</size>
         <input_file_ref idref="fl-e3"/>
      </object_component>
      <object_component id="oc-252">
         <name>.debug_info</name>
         <load_address>0x11915</load_address>
         <run_address>0x11915</run_address>
         <size>0x168</size>
         <input_file_ref idref="fl-e3"/>
      </object_component>
      <object_component id="oc-259">
         <name>.debug_info</name>
         <load_address>0x11a7d</load_address>
         <run_address>0x11a7d</run_address>
         <size>0x18e</size>
         <input_file_ref idref="fl-e3"/>
      </object_component>
      <object_component id="oc-25f">
         <name>.debug_info</name>
         <load_address>0x11c0b</load_address>
         <run_address>0x11c0b</run_address>
         <size>0x19f</size>
         <input_file_ref idref="fl-e3"/>
      </object_component>
      <object_component id="oc-15c">
         <name>.debug_info</name>
         <load_address>0x11daa</load_address>
         <run_address>0x11daa</run_address>
         <size>0x203</size>
         <input_file_ref idref="fl-e3"/>
      </object_component>
      <object_component id="oc-3f1">
         <name>.debug_info</name>
         <load_address>0x11fad</load_address>
         <run_address>0x11fad</run_address>
         <size>0x1db</size>
         <input_file_ref idref="fl-e3"/>
      </object_component>
      <object_component id="oc-156">
         <name>.debug_info</name>
         <load_address>0x12188</load_address>
         <run_address>0x12188</run_address>
         <size>0x1a5</size>
         <input_file_ref idref="fl-e3"/>
      </object_component>
      <object_component id="oc-333">
         <name>.debug_info</name>
         <load_address>0x1232d</load_address>
         <run_address>0x1232d</run_address>
         <size>0x299</size>
         <input_file_ref idref="fl-e3"/>
      </object_component>
      <object_component id="oc-bb">
         <name>.debug_info</name>
         <load_address>0x125c6</load_address>
         <run_address>0x125c6</run_address>
         <size>0xb2</size>
         <input_file_ref idref="fl-e3"/>
      </object_component>
      <object_component id="oc-b6">
         <name>.debug_info</name>
         <load_address>0x12678</load_address>
         <run_address>0x12678</run_address>
         <size>0x2c</size>
         <input_file_ref idref="fl-e3"/>
      </object_component>
      <object_component id="oc-263">
         <name>.debug_info</name>
         <load_address>0x126a4</load_address>
         <run_address>0x126a4</run_address>
         <size>0x28a</size>
         <input_file_ref idref="fl-e4"/>
      </object_component>
      <object_component id="oc-166">
         <name>.debug_info</name>
         <load_address>0x1292e</load_address>
         <run_address>0x1292e</run_address>
         <size>0x273</size>
         <input_file_ref idref="fl-e4"/>
      </object_component>
      <object_component id="oc-2a7">
         <name>.debug_info</name>
         <load_address>0x12ba1</load_address>
         <run_address>0x12ba1</run_address>
         <size>0x2a4</size>
         <input_file_ref idref="fl-e5"/>
      </object_component>
      <object_component id="oc-1b9">
         <name>.debug_info</name>
         <load_address>0x12e45</load_address>
         <run_address>0x12e45</run_address>
         <size>0x24d</size>
         <input_file_ref idref="fl-e5"/>
      </object_component>
      <object_component id="oc-2ab">
         <name>.debug_info</name>
         <load_address>0x13092</load_address>
         <run_address>0x13092</run_address>
         <size>0x28f</size>
         <input_file_ref idref="fl-e6"/>
      </object_component>
      <object_component id="oc-1c8">
         <name>.debug_info</name>
         <load_address>0x13321</load_address>
         <run_address>0x13321</run_address>
         <size>0x245</size>
         <input_file_ref idref="fl-e6"/>
      </object_component>
      <object_component id="oc-3a1">
         <name>.debug_info</name>
         <load_address>0x13566</load_address>
         <run_address>0x13566</run_address>
         <size>0x289</size>
         <input_file_ref idref="fl-e7"/>
      </object_component>
      <object_component id="oc-39e">
         <name>.debug_info</name>
         <load_address>0x137ef</load_address>
         <run_address>0x137ef</run_address>
         <size>0x10e</size>
         <input_file_ref idref="fl-e7"/>
      </object_component>
      <object_component id="oc-2ce">
         <name>.debug_info</name>
         <load_address>0x138fd</load_address>
         <run_address>0x138fd</run_address>
         <size>0x14e</size>
         <input_file_ref idref="fl-e7"/>
      </object_component>
      <object_component id="oc-28">
         <name>.debug_info</name>
         <load_address>0x13a4b</load_address>
         <run_address>0x13a4b</run_address>
         <size>0x10b</size>
         <input_file_ref idref="fl-e8"/>
      </object_component>
      <object_component id="oc-5f">
         <name>.debug_info</name>
         <load_address>0x13b56</load_address>
         <run_address>0x13b56</run_address>
         <size>0x1a9</size>
         <input_file_ref idref="fl-e8"/>
      </object_component>
      <object_component id="oc-3c8">
         <name>.debug_info</name>
         <load_address>0x13cff</load_address>
         <run_address>0x13cff</run_address>
         <size>0x29b</size>
         <input_file_ref idref="fl-e9"/>
      </object_component>
      <object_component id="oc-3c5">
         <name>.debug_info</name>
         <load_address>0x13f9a</load_address>
         <run_address>0x13f9a</run_address>
         <size>0xfa</size>
         <input_file_ref idref="fl-e9"/>
      </object_component>
      <object_component id="oc-2f0">
         <name>.debug_info</name>
         <load_address>0x14094</load_address>
         <run_address>0x14094</run_address>
         <size>0x5d3</size>
         <input_file_ref idref="fl-e9"/>
      </object_component>
      <object_component id="oc-455">
         <name>.debug_info</name>
         <load_address>0x14667</load_address>
         <run_address>0x14667</run_address>
         <size>0x28a</size>
         <input_file_ref idref="fl-ea"/>
      </object_component>
      <object_component id="oc-3b9">
         <name>.debug_info</name>
         <load_address>0x148f1</load_address>
[...]
         <name>motor_cal_factor_R</name>
         <value>0x200022e8</value>
         <object_component_ref idref="oc-177"/>
      </symbol>
      <symbol id="sm-35a">
         <name>oi_parseInt</name>
         <value>0x7507</value>
         <object_component_ref idref="oc-15e"/>
      </symbol>
      <symbol id="sm-35b">
         <name>oi_setMotorCalibration</name>
         <value>0x1c8d</value>
         <object_component_ref idref="oc-d7"/>
      </symbol>
      <symbol id="sm-35c">
         <name>oi_uartSendStr</name>
         <value>0x1935</value>
         <object_component_ref idref="oc-d7"/>
      </symbol>
      <symbol id="sm-35d">
         <name>oi_close</name>
         <value>0x11a3</value>
         <object_component_ref idref="oc-d7"/>
      </symbol>
      <symbol id="sm-35e">
         <name>oi_uartSendBuff</name>
         <value>0x1953</value>
         <object_component_ref idref="oc-d7"/>
      </symbol>
      <symbol id="sm-35f">
         <name>oi_checkFirmware</name>
         <value>0x1985</value>
         <object_component_ref idref="oc-d7"/>
      </symbol>
      <symbol id="sm-360">
         <name>oi_init_noupdate</name>
         <value>0x1165</value>
         <object_component_ref idref="oc-d7"/>
      </symbol>
      <symbol id="sm-361">
         <name>oi_uartSendChar</name>
         <value>0x18f1</value>
         <object_component_ref idref="oc-d7"/>
      </symbol>
      <symbol id="sm-362">
         <name>oi_alloc</name>
         <value>0x1149</value>
         <object_component_ref idref="oc-d7"/>
      </symbol>
      <symbol id="sm-363">
         <name>oi_getMotorCalibrationLeft</name>
         <value>0x1cc9</value>
         <object_component_ref idref="oc-d7"/>
      </symbol>
      <symbol id="sm-364">
         <name>oi_loadSong</name>
         <value>0x17f1</value>
         <object_component_ref idref="oc-d7"/>
      </symbol>
      <symbol id="sm-365">
         <name>oi_play_song</name>
         <value>0x1847</value>
         <object_component_ref idref="oc-d7"/>
      </symbol>
      <symbol id="sm-366">
         <name>oi_parsePacket</name>
         <value>0x1207</value>
         <object_component_ref idref="oc-d7"/>
      </symbol>
      <symbol id="sm-367">
         <name>oi_setLeds</name>
         <value>0x1727</value>
         <object_component_ref idref="oc-d7"/>
      </symbol>
      <symbol id="sm-368">
         <name>oi_init</name>
         <value>0x118d</value>
         <object_component_ref idref="oc-d7"/>
      </symbol>
      <symbol id="sm-369">
         <name>oi_update</name>
         <value>0x11b5</value>
         <object_component_ref idref="oc-d7"/>
      </symbol>
      <symbol id="sm-36a">
         <name>oi_uartInit</name>
         <value>0x1869</value>
         <object_component_ref idref="oc-d7"/>
      </symbol>
      <symbol id="sm-3ae">
         <name>CURRENT_TIME</name>
         <value>0x2000231c</value>
         <object_component_ref idref="oc-1d7"/>
      </symbol>
      <symbol id="sm-3af">
         <name>get_pulseWidth</name>
         <value>0x4cd3</value>
         <object_component_ref idref="oc-ef"/>
      </symbol>
      <symbol id="sm-3b0">
         <name>ping_scan</name>
         <value>0x4cff</value>
         <object_component_ref idref="oc-ef"/>
      </symbol>
      <symbol id="sm-3b1">
         <name>END_TIME</name>
         <value>0x20002318</value>
         <object_component_ref idref="oc-1d7"/>
      </symbol>
      <symbol id="sm-3b2">
         <name>START_TIME</name>
         <value>0x20002314</value>
         <object_component_ref idref="oc-1d7"/>
      </symbol>
      <symbol id="sm-3b3">
         <name>get_pulseWidth_millis</name>
         <value>0x4cdf</value>
         <object_component_ref idref="oc-ef"/>
      </symbol>
      <symbol id="sm-3b4">
         <name>STATE</name>
         <value>0x20002320</value>
         <object_component_ref idref="oc-1d7"/>
      </symbol>
      <symbol id="sm-3b5">
         <name>TIMER3B_Handler</name>
         <value>0x4c67</value>
         <object_component_ref idref="oc-ef"/>
      </symbol>
      <symbol id="sm-3b6">
         <name>ping_init</name>
         <value>0x4ae9</value>
         <object_component_ref idref="oc-ef"/>
      </symbol>
      <symbol id="sm-3b7">
         <name>ping_getDistance</name>
         <value>0x4ca3</value>
         <object_component_ref idref="oc-ef"/>
      </symbol>
      <symbol id="sm-3b8">
         <name>ping_trigger</name>
         <value>0x4bc7</value>
         <object_component_ref idref="oc-ef"/>
      </symbol>
      <symbol id="sm-3ed">
         <name>match_val</name>
         <value>0x200022e0</value>
      </symbol>
      <symbol id="sm-3ee">
         <name>servo_move</name>
         <value>0x559f</value>
         <object_component_ref idref="oc-f5"/>
      </symbol>
      <symbol id="sm-3ef">
         <name>servo_init</name>
         <value>0x5511</value>
         <object_component_ref idref="oc-f5"/>
      </symbol>
      <symbol id="sm-3f0">
         <name>pwm_period</name>
         <value>0x20002344</value>
         <object_component_ref idref="oc-1e7"/>
      </symbol>
      <symbol id="sm-3f1">
         <name>servo_calibrate</name>
         <value>0x55e5</value>
         <object_component_ref idref="oc-f5"/>
      </symbol>
      <symbol id="sm-40d">
         <name>ResetISR</name>
         <value>0x75c1</value>
         <object_component_ref idref="oc-2a"/>
      </symbol>
      <symbol id="sm-40e">
         <name>g_pfnVectors</name>
         <value>0x0</value>
         <object_component_ref idref="oc-12"/>
      </symbol>
      <symbol id="sm-44f">
         <name>UART1_Handler</name>
         <value>0x4f19</value>
         <object_component_ref idref="oc-e9"/>
      </symbol>
      <symbol id="sm-450">
         <name>command_byte</name>
         <value>0x20002334</value>
         <object_component_ref idref="oc-10d"/>
      </symbol>
      <symbol id="sm-451">
         <name>uart_sendChar</name>
         <value>0x4eaf</value>
         <object_component_ref idref="oc-e9"/>
      </symbol>
      <symbol id="sm-452">
         <name>uart_interrupt_init</name>
         <value>0x4de1</value>
         <object_component_ref idref="oc-e9"/>
      </symbol>
      <symbol id="sm-453">
         <name>command_flag</name>
         <value>0x20002338</value>
         <object_component_ref idref="oc-10d"/>
      </symbol>
      <symbol id="sm-454">
         <name>uart_receive</name>
         <value>0x4ecb</value>
         <object_component_ref idref="oc-e9"/>
      </symbol>
      <symbol id="sm-455">
         <name>uart_sendStr</name>
         <value>0x4ef1</value>
         <object_component_ref idref="oc-e9"/>
      </symbol>
      <symbol id="sm-4ec">
         <name>pow</name>
         <value>0x27b9</value>
         <object_component_ref idref="oc-1ee"/>
      </symbol>
      <symbol id="sm-4ed">
         <name>powl</name>
         <value>0x27b9</value>
         <object_component_ref idref="oc-1ee"/>
      </symbol>
      <symbol id="sm-50f">
         <name>sqrtl</name>
         <value>0x5ce9</value>
         <object_component_ref idref="oc-2c7"/>
      </symbol>
      <symbol id="sm-510">
         <name>sqrt</name>
         <value>0x5ce9</value>
         <object_component_ref idref="oc-2c7"/>
      </symbol>
      <symbol id="sm-537">
         <name>scalbn</name>
         <value>0x6421</value>
         <object_component_ref idref="oc-2d6"/>
      </symbol>
      <symbol id="sm-538">
         <name>scalbnl</name>
         <value>0x6421</value>
         <object_component_ref idref="oc-2d6"/>
      </symbol>
      <symbol id="sm-539">
         <name>ldexpl</name>
         <value>0x6421</value>
         <object_component_ref idref="oc-2d6"/>
      </symbol>
      <symbol id="sm-53a">
         <name>ldexp</name>
         <value>0x6421</value>
         <object_component_ref idref="oc-2d6"/>
      </symbol>
      <symbol id="sm-58b">
         <name>tanl</name>
         <value>0x3f9d</value>
         <object_component_ref idref="oc-204"/>
      </symbol>
      <symbol id="sm-58c">
         <name>tan</name>
         <value>0x3f9d</value>
         <object_component_ref idref="oc-204"/>
      </symbol>
      <symbol id="sm-596">
         <name>copysign</name>
         <value>0x74bd</value>
         <object_component_ref idref="oc-3a4"/>
      </symbol>
      <symbol id="sm-597">
         <name>copysignl</name>
         <value>0x74bd</value>
         <object_component_ref idref="oc-3a4"/>
      </symbol>
      <symbol id="sm-5ab">
         <name>remainderf</name>
         <value>0x6531</value>
         <object_component_ref idref="oc-210"/>
      </symbol>
      <symbol id="sm-5d2">
         <name>sprintf</name>
         <value>0x7229</value>
         <object_component_ref idref="oc-1e1"/>
      </symbol>
      <symbol id="sm-5fc">
         <name>vsnprintf</name>
         <value>0x7269</value>
         <object_component_ref idref="oc-1af"/>
      </symbol>
      <symbol id="sm-613">
         <name>__aeabi_dsub</name>
         <value>0x5b31</value>
         <object_component_ref idref="oc-189"/>
      </symbol>
      <symbol id="sm-614">
         <name>__aeabi_dadd</name>
         <value>0x5b3b</value>
         <object_component_ref idref="oc-189"/>
      </symbol>
      <symbol id="sm-636">
         <name>__aeabi_cdcmpeq</name>
         <value>0x6bf1</value>
         <object_component_ref idref="oc-1fa"/>
      </symbol>
      <symbol id="sm-637">
         <name>__aeabi_cdcmple</name>
         <value>0x6bf1</value>
         <object_component_ref idref="oc-1fa"/>
      </symbol>
      <symbol id="sm-638">
         <name>__aeabi_cdrcmple</name>
         <value>0x6c77</value>
         <object_component_ref idref="oc-1f5"/>
      </symbol>
      <symbol id="sm-64c">
         <name>__aeabi_ddiv</name>
         <value>0x5f7d</value>
         <object_component_ref idref="oc-17f"/>
      </symbol>
      <symbol id="sm-657">
         <name>__aeabi_dmul</name>
         <value>0x6735</value>
         <object_component_ref idref="oc-17a"/>
      </symbol>
      <symbol id="sm-661">
         <name>__aeabi_d2iz</name>
         <value>0x7159</value>
         <object_component_ref idref="oc-1ff"/>
      </symbol>
      <symbol id="sm-66d">
         <name>__aeabi_d2f</name>
         <value>0x6ed7</value>
         <object_component_ref idref="oc-191"/>
      </symbol>
      <symbol id="sm-677">
         <name>__aeabi_d2uiz</name>
         <value>0x71e5</value>
         <object_component_ref idref="oc-1d2"/>
      </symbol>
      <symbol id="sm-682">
         <name>__aeabi_f2d</name>
         <value>0x7321</value>
         <object_component_ref idref="oc-196"/>
      </symbol>
      <symbol id="sm-68c">
         <name>__aeabi_i2d</name>
         <value>0x73f1</value>
         <object_component_ref idref="oc-184"/>
      </symbol>
      <symbol id="sm-6a7">
         <name>memcpy</name>
         <value>0x6abf</value>
         <object_component_ref idref="oc-3e"/>
      </symbol>
      <symbol id="sm-6a8">
         <name>__aeabi_memcpy</name>
         <value>0x6abf</value>
         <object_component_ref idref="oc-3e"/>
      </symbol>
      <symbol id="sm-6a9">
         <name>__aeabi_memcpy8</name>
         <value>0x6abf</value>
         <object_component_ref idref="oc-3e"/>
      </symbol>
      <symbol id="sm-6aa">
         <name>__aeabi_memcpy4</name>
         <value>0x6abf</value>
         <object_component_ref idref="oc-3e"/>
      </symbol>
      <symbol id="sm-6b4">
         <name>__aeabi_ui2d</name>
         <value>0x7449</value>
         <object_component_ref idref="oc-1cd"/>
      </symbol>
      <symbol id="sm-6c3">
         <name>__aeabi_memset</name>
         <value>0x6d7f</value>
         <object_component_ref idref="oc-96"/>
      </symbol>
      <symbol id="sm-6c4">
         <name>memset</name>
         <value>0x6d85</value>
         <object_component_ref idref="oc-96"/>
      </symbol>
      <symbol id="sm-6c5">
         <name>__aeabi_memset8</name>
         <value>0x6d7f</value>
         <object_component_ref idref="oc-96"/>
      </symbol>
      <symbol id="sm-6c6">
         <name>__aeabi_memset4</name>
         <value>0x6d7f</value>
         <object_component_ref idref="oc-96"/>
      </symbol>
      <symbol id="sm-6c7">
         <name>__aeabi_memclr8</name>
         <value>0x6d7d</value>
         <object_component_ref idref="oc-96"/>
      </symbol>
      <symbol id="sm-6c8">
         <name>__aeabi_memclr4</name>
         <value>0x6d7d</value>
         <object_component_ref idref="oc-96"/>
      </symbol>
      <symbol id="sm-6c9">
         <name>__aeabi_memclr</name>
         <value>0x6d7d</value>
         <object_component_ref idref="oc-96"/>
      </symbol>
      <symbol id="sm-6dd">
         <name>__TI_zero_init_nomemset</name>
         <value>0x7469</value>
         <object_component_ref idref="oc-4a"/>
      </symbol>
      <symbol id="sm-6f4">
         <name>__TI_decompress_none</name>
         <value>0x75a7</value>
         <object_component_ref idref="oc-1b"/>
      </symbol>
      <symbol id="sm-717">
         <name>__TI_decompress_lzss</name>
         <value>0x6f45</value>
         <object_component_ref idref="oc-15"/>
      </symbol>
      <symbol id="sm-77d">
         <name>__kernel_rem_pio2</name>
         <value>0x3189</value>
         <object_component_ref idref="oc-2e7"/>
      </symbol>
      <symbol id="sm-812">
         <name>_sys_memory</name>
         <value>0x20001270</value>
         <object_component_ref idref="oc-24"/>
      </symbol>
      <symbol id="sm-813">
         <name>free</name>
         <value>0x6929</value>
         <object_component_ref idref="oc-158"/>
      </symbol>
      <symbol id="sm-814">
         <name>memalign</name>
         <value>0x6635</value>
         <object_component_ref idref="oc-32f"/>
      </symbol>
      <symbol id="sm-815">
         <name>calloc</name>
         <value>0x72e9</value>
         <object_component_ref idref="oc-152"/>
      </symbol>
      <symbol id="sm-816">
         <name>malloc</name>
         <value>0x75e1</value>
         <object_component_ref idref="oc-24e"/>
      </symbol>
      <symbol id="sm-817">
         <name>aligned_alloc</name>
         <value>0x6635</value>
         <object_component_ref idref="oc-32f"/>
      </symbol>
      <symbol id="sm-826">
         <name>strcmp</name>
         <value>0x751f</value>
         <object_component_ref idref="oc-165"/>
      </symbol>
      <symbol id="sm-834">
         <name>strcpy</name>
         <value>0x754d</value>
         <object_component_ref idref="oc-1b5"/>
      </symbol>
      <symbol id="sm-842">
         <name>strlen</name>
         <value>0x7561</value>
         <object_component_ref idref="oc-1c5"/>
      </symbol>
      <symbol id="sm-858">
         <name>__aeabi_errno_addr</name>
         <value>0x75d9</value>
         <object_component_ref idref="oc-2cd"/>
      </symbol>
      <symbol id="sm-859">
         <name>errno</name>
         <value>0x20002340</value>
         <object_component_ref idref="oc-39d"/>
      </symbol>
      <symbol id="sm-86c">
         <name>__stack</name>
         <value>0x20000270</value>
         <object_component_ref idref="oc-27"/>
      </symbol>
      <symbol id="sm-86d">
         <name>_c_int00_noargs</name>
         <value>0x738d</value>
         <object_component_ref idref="oc-5c"/>
      </symbol>
      <symbol id="sm-88c">
         <name>__kernel_tan</name>
         <value>0x47cd</value>
         <object_component_ref idref="oc-2ed"/>
      </symbol>
      <symbol id="sm-8a9">
         <name>floorl</name>
         <value>0x6831</value>
         <object_component_ref idref="oc-3b8"/>
      </symbol>
      <symbol id="sm-8aa">
         <name>floor</name>
         <value>0x6831</value>
         <object_component_ref idref="oc-3b8"/>
      </symbol>
      <symbol id="sm-8d6">
         <name>fmodf</name>
         <value>0x6309</value>
         <object_component_ref idref="oc-2fd"/>
      </symbol>
      <symbol id="sm-a3b">
         <name>__TI_printfi</name>
         <value>0x1d69</value>
         <object_component_ref idref="oc-288"/>
      </symbol>
      <symbol id="sm-a48">
         <name>__aeabi_uldivmod</name>
         <value>0x6b5b</value>
         <object_component_ref idref="oc-3fd"/>
      </symbol>
      <symbol id="sm-a70">
         <name>__TI_auto_init_nobinit_nopinit</name>
         <value>0x71a1</value>
         <object_component_ref idref="oc-11e"/>
      </symbol>
      <symbol id="sm-a7a">
         <name>_system_pre_init</name>
         <value>0x75e9</value>
         <object_component_ref idref="oc-9c"/>
      </symbol>
      <symbol id="sm-a86">
         <name>C$$EXIT</name>
         <value>0x75ed</value>
         <object_component_ref idref="oc-112"/>
      </symbol>
      <symbol id="sm-a87">
         <name>abort</name>
         <value>0x75ed</value>
         <object_component_ref idref="oc-112"/>
      </symbol>
      <symbol id="sm-a9c">
         <name>_nop</name>
         <value>0x27b7</value>
         <object_component_ref idref="oc-310"/>
      </symbol>
      <symbol id="sm-a9d">
         <name>_lock</name>
         <value>0x20002324</value>
         <object_component_ref idref="oc-232"/>
      </symbol>
      <symbol id="sm-a9e">
         <name>_unlock</name>
         <value>0x20002328</value>
         <object_component_ref idref="oc-232"/>
      </symbol>
      <symbol id="sm-aad">
         <name>__TI_ltoa</name>
         <value>0x7067</value>
         <object_component_ref idref="oc-403"/>
      </symbol>
      <symbol id="sm-ac4">
         <name>atoi</name>
         <value>0x710d</value>
         <object_component_ref idref="oc-34d"/>
      </symbol>
      <symbol id="sm-acf">
         <name>_ctypes_</name>
         <value>0x7748</value>
         <object_component_ref idref="oc-3f8"/>
      </symbol>
      <symbol id="sm-adf">
         <name>memccpy</name>
         <value>0x74a1</value>
         <object_component_ref idref="oc-371"/>
      </symbol>
      <symbol id="sm-aef">
         <name>strchr</name>
         <value>0x7537</value>
         <object_component_ref idref="oc-42a"/>
      </symbol>
      <symbol id="sm-b05">
         <name>frexpl</name>
         <value>0x6fad</value>
         <object_component_ref idref="oc-424"/>
      </symbol>
      <symbol id="sm-b06">
         <name>frexp</name>
         <value>0x6fad</value>
         <object_component_ref idref="oc-424"/>
      </symbol>
      <symbol id="sm-b1f">
         <name>wcslen</name>
         <value>0x7575</value>
         <object_component_ref idref="oc-377"/>
      </symbol>
      <symbol id="sm-b29">
         <name>__aeabi_idiv0</name>
         <value>0x5ce7</value>
         <object_component_ref idref="oc-468"/>
      </symbol>
      <symbol id="sm-b2a">
         <name>__aeabi_ldiv0</name>
         <value>0x5ce7</value>
         <object_component_ref idref="oc-468"/>
      </symbol>
      <symbol id="sm-b59">
         <name>IntRegister</name>
         <value>0x7359</value>
         <object_component_ref idref="oc-16b"/>
      </symbol>
      <symbol id="sm-b5a">
         <name>g_pfnRAMVectors</name>
         <value>0x20000000</value>
         <object_component_ref idref="oc-264"/>
      </symbol>
      <symbol id="sm-b5b">
         <name>IntMasterEnable</name>
         <value>0x7587</value>
         <object_component_ref idref="oc-171"/>
      </symbol>
      <symbol id="sm-b65">
         <name>CPUcpsie</name>
         <value>0x75b5</value>
         <object_component_ref idref="oc-26e"/>
      </symbol>
      <symbol id="sm-b66">
         <name>__TI_static_base__</name>
         <value>0x0</value>
      </symbol>
      <symbol id="sm-b69">
         <name>__mpu_init</name>
         <value>0x0</value>
      </symbol>
      <symbol id="sm-b6a">
         <name>_system_post_cinit</name>
         <value>0x0</value>
      </symbol>
   </symbol_table>
   <title>Link successful</title>
</link_info>
