******************************************************************************
                  TI ARM Linker PC v20.2.6                     
******************************************************************************
>> Linked Mon May  1 14:06:21 2023

OUTPUT FILE NAME:   <ROVER_RACERS.out>
ENTRY POINT SYMBOL: "_c_int00_noargs"  address: 0000738d


MEMORY CONFIGURATION

         name            origin    length      used     unused   attr    fill
----------------------  --------  ---------  --------  --------  ----  --------
  FLASH                 00000000   00040000  000079c8  00038638  R  X
  SRAM                  20000000   00008000  00002348  00005cb8  RW X


SEGMENT ALLOCATION MAP

run origin  load origin   length   init length attrs members
----------  ----------- ---------- ----------- ----- -------
00000000    00000000    000079c8   000079c8    r-x
  00000000    00000000    0000026c   0000026c    r-- .intvecs
  0000026c    0000026c    00007384   00007384    r-x .text
  000075f0    000075f0    00000368   00000368    r-- .const
  00007958    00007958    00000070   00000070    r-- .cinit
20000000    20000000    0000234c   00000000    rw-
  20000000    20000000    0000026c   00000000    rw- .vtable
  20000270    20000270    00001000   00000000    rw- .stack
  20001270    20001270    00001000   00000000    rw- .sysmem
  20002270    20002270    00000074   00000000    rw- .bss
  200022e4    200022e4    00000068   00000000    rw- .data


SECTION ALLOCATION MAP

 output                                  attributes/
section   page    origin      length       input sections
--------  ----  ----------  ----------   ----------------
.intvecs   0    00000000    0000026c     
                  00000000    0000026c     tm4c123gh6pm_startup_ccs.obj (.intvecs)

.text      0    0000026c    00007384     
                  0000026c    00000edc     functions.obj (.text)
                  00001148    00000c20     open_interface.obj (.text)
                  00001d68    00000a4e     rtsv7M4_T_le_v4SPD16_eabi.lib : _printfi.c.obj (.text:__TI_printfi)
                  000027b6    00000002                                   : _lock.c.obj (.text:_nop)
                  000027b8    000009d0                                   : e_pow.c.obj (.text:pow)
                  00003188    00000738                                   : k_rem_pio2.c.obj (.text:__kernel_rem_pio2)
                  000038c0    000006dc     bno055.obj (.text)
                  00003f9c    00000508     rtsv7M4_T_le_v4SPD16_eabi.lib : s_tan.c.obj (.text:tan)
                  000044a4    00000328     lcd.obj (.text)
                  000047cc    0000031c     rtsv7M4_T_le_v4SPD16_eabi.lib : k_tan.c.obj (.text:__kernel_tan)
                  00004ae8    000002f8     ping_template.obj (.text)
                  00004de0    00000278     uart-interrupt.obj (.text)
                  00005058    00000270     rtsv7M4_T_le_v4SPD16_eabi.lib : _printfi.c.obj (.text:_pconv_a)
                  000052c8    00000248     Timer.obj (.text)
                  00005510    00000238     servo.obj (.text)
                  00005748    00000218     adc.obj (.text)
                  00005960    000001d0     rtsv7M4_T_le_v4SPD16_eabi.lib : _printfi.c.obj (.text:_pconv_g)
                  00005b30    000001b6                                   : fd_add_t2.asm.obj (.text)
                  00005ce6    00000002                                   : div0.asm.obj (.text)
                  00005ce8    00000158                                   : e_sqrt.c.obj (.text:sqrt)
                  00005e40    0000013c                                   : _printfi.c.obj (.text:_pconv_e)
                  00005f7c    00000136                                   : fd_div_t2.asm.obj (.text)
                  000060b2    00000002     --HOLE-- [fill = 0]
                  000060b4    00000130     main.obj (.text)
                  000061e4    00000124     rtsv7M4_T_le_v4SPD16_eabi.lib : _printfi.c.obj (.text:fcvt)
                  00006308    00000118                                   : e_fmodf.c.obj (.text:fmodf)
                  00006420    00000110                                   : s_scalbn.c.obj (.text:scalbn)
                  00006530    00000104                                   : e_remainderf.c.obj (.text:remainderf)
                  00006634    00000100                                   : memory.c.obj (.text:aligned_alloc)
                  00006734    000000fc                                   : fd_mul_t2.asm.obj (.text)
                  00006830    000000f8                                   : s_floor.c.obj (.text:floor)
                  00006928    000000e4                                   : memory.c.obj (.text:free)
                  00006a0c    000000b1                                   : _printfi.c.obj (.text:_ltostr)
                  00006abd    00000001     --HOLE-- [fill = 0]
                  00006abe    0000009c                                   : memcpy_t2.asm.obj (.text)
                  00006b5a    00000096                                   : ull_div_t2.asm.obj (.text)
                  00006bf0    00000086                                   : fd_cmp_t2.asm.obj (.text:__aeabi_cdcmple)
                  00006c76    00000086                                   : fd_cmp_t2.asm.obj (.text:__aeabi_cdrcmple)
                  00006cfc    00000080     button.obj (.text)
                  00006d7c    0000007a     rtsv7M4_T_le_v4SPD16_eabi.lib : memset_t2.asm.obj (.text)
                  00006df6    00000002     --HOLE-- [fill = 0]
                  00006df8    00000070                                   : memory.c.obj (.text:split)
                  00006e68    0000006e                                   : _printfi.c.obj (.text:_mcpy)
                  00006ed6    0000006e                                   : fd_tos_t2.asm.obj (.text)
                  00006f44    00000068                                   : copy_decompress_lzss.c.obj (.text:decompress:lzss:__TI_decompress_lzss)
                  00006fac    00000064                                   : s_frexp.c.obj (.text:frexp)
                  00007010    00000056                                   : _printfi.c.obj (.text:_pconv_f)
                  00007066    00000054                                   : _ltoa.c.obj (.text:__TI_ltoa)
                  000070ba    00000052                                   : _printfi.c.obj (.text:_ecpy)
                  0000710c    0000004c                                   : atoi.c.obj (.text:atoi)
                  00007158    00000048                                   : fd_toi_t2.asm.obj (.text)
                  000071a0    00000044                                   : autoinit.c.obj (.text:__TI_auto_init_nobinit_nopinit:__TI_auto_init_nobinit_nopinit)
                  000071e4    00000044                                   : fd_tou_t2.asm.obj (.text)
                  00007228    00000040                                   : sprintf.c.obj (.text:sprintf)
                  00007268    00000040                                   : vsnprintf.c.obj (.text:vsnprintf)
                  000072a8    0000003e                                   : _printfi.c.obj (.text:_fcpy)
                  000072e6    00000002     --HOLE-- [fill = 0]
                  000072e8    00000038                                   : memory.c.obj (.text:calloc)
                  00007320    00000038                                   : fs_tod_t2.asm.obj (.text)
                  00007358    00000034     driverlib.lib : interrupt.obj (.text:IntRegister)
                  0000738c    00000034     rtsv7M4_T_le_v4SPD16_eabi.lib : boot_cortex_m.c.obj (.text:_c_int00_noargs:_c_int00_noargs)
                  000073c0    00000030                                   : vsnprintf.c.obj (.text:_outs)
                  000073f0    0000002e                                   : i_tofd_t2.asm.obj (.text)
                  0000741e    00000002     --HOLE-- [fill = 0]
                  00007420    00000028                                   : memory.c.obj (.text:free_list_insert)
                  00007448    00000020                                   : u_tofd_t2.asm.obj (.text)
                  00007468    0000001c                                   : copy_zero_init.c.obj (.text:decompress:ZI:__TI_zero_init_nomemset:__TI_zero_init_nomemset)
                  00007484    0000001c                                   : memory.c.obj (.text:free_list_remove)
                  000074a0    0000001c                                   : memccpy.c.obj (.text:memccpy)
                  000074bc    0000001a                                   : s_copysign.c.obj (.text:copysign)
                  000074d6    00000018                                   : vsnprintf.c.obj (.text:_outc)
                  000074ee    00000018                                   : sprintf.c.obj (.text:_outs)
                  00007506    00000018     open_interface.obj (.text:oi_parseInt)
                  0000751e    00000018     rtsv7M4_T_le_v4SPD16_eabi.lib : strcmp.c.obj (.text:strcmp)
                  00007536    00000016                                   : strchr.c.obj (.text:strchr)
                  0000754c    00000014                                   : strcpy.c.obj (.text:strcpy)
                  00007560    00000014                                   : strlen.c.obj (.text:strlen)
                  00007574    00000012                                   : wcslen.c.obj (.text:wcslen)
                  00007586    00000010     driverlib.lib : interrupt.obj (.text:IntMasterEnable)
                  00007596    00000010     lcd.obj (.text:lcd_clear)
                  000075a6    0000000e     rtsv7M4_T_le_v4SPD16_eabi.lib : copy_decompress_none.c.obj (.text:decompress:none:__TI_decompress_none)
                  000075b4    0000000c     driverlib.lib : cpu.obj (.text:CPUcpsie)
                  000075c0    0000000c     tm4c123gh6pm_startup_ccs.obj (.text)
                  000075cc    0000000a     rtsv7M4_T_le_v4SPD16_eabi.lib : sprintf.c.obj (.text:_outc)
                  000075d6    00000002     --HOLE-- [fill = 0]
                  000075d8    00000008                                   : errno.c.obj (.text:__aeabi_errno_addr)
                  000075e0    00000008                                   : memory.c.obj (.text:malloc)
                  000075e8    00000004                                   : pre_init.c.obj (.text:_system_pre_init)
                  000075ec    00000004                                   : exit.c.obj (.text:abort:abort)

.const     0    000075f0    00000368     
                  000075f0    00000158     rtsv7M4_T_le_v4SPD16_eabi.lib : k_rem_pio2.c.obj (.const:$O1$$)
                  00007748    00000101                                   : ctype.c.obj (.const:.string:_ctypes_)
                  00007849    00000004     lcd.obj (.const:.string:lineAddress$1)
                  0000784d    00000003     --HOLE-- [fill = 0]
                  00007850    00000080     rtsv7M4_T_le_v4SPD16_eabi.lib : k_tan.c.obj (.const:xxx)
                  000078d0    0000003a     bno055.obj (.const:.string)
                  0000790a    00000004     lcd.obj (.const:.string:lineAddresses$2)
                  0000790e    00000002     --HOLE-- [fill = 0]
                  00007910    00000030     rtsv7M4_T_le_v4SPD16_eabi.lib : e_pow.c.obj (.const:$O1$$)
                  00007940    0000000f     open_interface.obj (.const:.string:$P$T0$3)
                  0000794f    00000001     --HOLE-- [fill = 0]
                  00007950    00000008     rtsv7M4_T_le_v4SPD16_eabi.lib : e_fmodf.c.obj (.const:Zero)

.cinit     0    00007958    00000070     
                  00007958    0000003c     (.cinit..data.load) [load image, compression = lzss]
                  00007994    0000000c     (__TI_handler_table)
                  000079a0    00000008     (.cinit..bss.load) [load image, compression = zero_init]
                  000079a8    00000008     (.cinit..vtable.load) [load image, compression = zero_init]
                  000079b0    00000018     (__TI_cinit_table)

.init_array 
*          0    00000000    00000000     UNINITIALIZED

.vtable    0    20000000    0000026c     UNINITIALIZED
                  20000000    0000026c     driverlib.lib : interrupt.obj (.vtable)

.stack     0    20000270    00001000     UNINITIALIZED
                  20000270    00000004     rtsv7M4_T_le_v4SPD16_eabi.lib : boot_cortex_m.c.obj (.stack)
                  20000274    00000ffc     --HOLE--

.sysmem    0    20001270    00001000     UNINITIALIZED
                  20001270    00000010     rtsv7M4_T_le_v4SPD16_eabi.lib : memory.c.obj (.sysmem)
                  20001280    00000ff0     --HOLE--

.bss       0    20002270    00000074     UNINITIALIZED
                  20002270    00000054     lcd.obj (.bss:lastbuffer$3)
                  200022c4    00000018     open_interface.obj (.bss:firmware$2)
                  200022dc    00000004     (.common:_timeout_ticks)
                  200022e0    00000004     (.common:match_val)

.data      0    200022e4    00000068     UNINITIALIZED
                  200022e4    00000020     open_interface.obj (.data)
                  20002304    00000010     bno055.obj (.data:statuses)
                  20002314    0000000d     ping_template.obj (.data)
                  20002321    00000002     main.obj (.data:car_honk_duration)
                  20002323    00000001     Timer.obj (.data)
                  20002324    00000008     rtsv7M4_T_le_v4SPD16_eabi.lib : _lock.c.obj (.data:$O1$$)
                  2000232c    00000008                                   : memory.c.obj (.data:$O1$$)
                  20002334    00000008     uart-interrupt.obj (.data)
                  2000233c    00000004     functions.obj (.data)
                  20002340    00000004     rtsv7M4_T_le_v4SPD16_eabi.lib : errno.c.obj (.data)
                  20002344    00000004     servo.obj (.data)
                  20002348    00000002     main.obj (.data:car_honk_notes)
                  2000234a    00000001     bno055.obj (.data)
                  2000234b    00000001     button.obj (.data)

__llvm_prf_cnts 
*          0    20000000    00000000     UNINITIALIZED

MODULE SUMMARY

       Module                         code    ro data   rw data
       ------                         ----    -------   -------
    .\
       functions.obj                  3804    0         4      
       open_interface.obj             3128    15        56     
       bno055.obj                     1756    58        17     
       lcd.obj                        824     8         84     
       ping_template.obj              760     0         13     
       uart-interrupt.obj             632     0         8      
       tm4c123gh6pm_startup_ccs.obj   12      620       0      
       Timer.obj                      584     0         5      
       servo.obj                      568     0         8      
       adc.obj                        536     0         0      
       main.obj                       304     0         4      
       button.obj                     128     0         1      
    +--+------------------------------+-------+---------+---------+
       Total:                         13036   701       200    
                                                               
    C:/ti/TivaWare_C_Series-2.2.0.295/driverlib/ccs/Debug/driverlib.lib
       interrupt.obj                  68      0         620    
       cpu.obj                        12      0         0      
    +--+------------------------------+-------+---------+---------+
       Total:                         80      0         620    
                                                               
    C:\ti\ccs1200\ccs\tools\compiler\ti-cgt-arm_20.2.6.LTS\lib\rtsv7M4_T_le_v4SPD16_eabi.lib
       _printfi.c.obj                 4851    0         0      
       e_pow.c.obj                    2512    48        0      
       k_rem_pio2.c.obj               1848    344       0      
       s_tan.c.obj                    1288    0         0      
       k_tan.c.obj                    796     128       0      
       memory.c.obj                   728     0         8      
       fd_add_t2.asm.obj              438     0         0      
       e_sqrt.c.obj                   344     0         0      
       fd_div_t2.asm.obj              310     0         0      
       e_fmodf.c.obj                  280     8         0      
       s_scalbn.c.obj                 272     0         0      
       fd_cmp_t2.asm.obj              268     0         0      
       e_remainderf.c.obj             260     0         0      
       ctype.c.obj                    0       257       0      
       fd_mul_t2.asm.obj              252     0         0      
       s_floor.c.obj                  248     0         0      
       memcpy_t2.asm.obj              156     0         0      
       ull_div_t2.asm.obj             150     0         0      
       vsnprintf.c.obj                136     0         0      
       memset_t2.asm.obj              122     0         0      
       fd_tos_t2.asm.obj              110     0         0      
       copy_decompress_lzss.c.obj     104     0         0      
       s_frexp.c.obj                  100     0         0      
       sprintf.c.obj                  98      0         0      
       _ltoa.c.obj                    84      0         0      
       atoi.c.obj                     76      0         0      
       fd_toi_t2.asm.obj              72      0         0      
       autoinit.c.obj                 68      0         0      
       fd_tou_t2.asm.obj              68      0         0      
       fs_tod_t2.asm.obj              56      0         0      
       boot_cortex_m.c.obj            52      0         0      
       i_tofd_t2.asm.obj              46      0         0      
       u_tofd_t2.asm.obj              32      0         0      
       copy_zero_init.c.obj           28      0         0      
       memccpy.c.obj                  28      0         0      
       s_copysign.c.obj               26      0         0      
       strcmp.c.obj                   24      0         0      
       strchr.c.obj                   22      0         0      
       strcpy.c.obj                   20      0         0      
       strlen.c.obj                   20      0         0      
       wcslen.c.obj                   18      0         0      
       copy_decompress_none.c.obj     14      0         0      
       errno.c.obj                    8       0         4      
       _lock.c.obj                    2       0         8      
       exit.c.obj                     4       0         0      
       pre_init.c.obj                 4       0         0      
       div0.asm.obj                   2       0         0      
    +--+------------------------------+-------+---------+---------+
       Total:                         16445   785       20     
                                                               
       Heap:                          0       0         4096   
       Stack:                         0       0         4096   
       Linker Generated:              0       112       0      
    +--+------------------------------+-------+---------+---------+
       Grand Total:                   29561   1598      9032   


LINKER GENERATED COPY TABLES

__TI_cinit_table @ 000079b0 records: 3, size/record: 8, table size: 24
	.data: load addr=00007958, load size=0000003c bytes, run addr=200022e4, run size=00000068 bytes, compression=lzss
	.bss: load addr=000079a0, load size=00000008 bytes, run addr=20002270, run size=00000074 bytes, compression=zero_init
	.vtable: load addr=000079a8, load size=00000008 bytes, run addr=20000000, run size=0000026c bytes, compression=zero_init


LINKER GENERATED HANDLER TABLE

__TI_handler_table @ 00007994 records: 3, size/record: 4, table size: 12
	index: 0, handler: __TI_zero_init
	index: 1, handler: __TI_decompress_lzss
	index: 2, handler: __TI_decompress_none


GLOBAL SYMBOLS: SORTED ALPHABETICALLY BY Name 

address   name                          
-------   ----                          
000075ed  C$$EXIT                       
000075b5  CPUcpsie                      
2000231c  CURRENT_TIME                  
20002318  END_TIME                      
00001a9f  GPIOF_Handler                 
00007587  IntMasterEnable               
00007359  IntRegister                   
000075c1  ResetISR                      
20002314  START_TIME                    
20002320  STATE                         
00004c67  TIMER3B_Handler               
00004f19  UART1_Handler                 
20001270  __STACK_END                   
00001000  __STACK_SIZE                  
20000470  __STACK_TOP                   
00001000  __SYSMEM_SIZE                 
000079b0  __TI_CINIT_Base               
000079c8  __TI_CINIT_Limit              
00007994  __TI_Handler_Table_Base       
000079a0  __TI_Handler_Table_Limit      
000071a1  __TI_auto_init_nobinit_nopinit
00006f45  __TI_decompress_lzss          
000075a7  __TI_decompress_none          
00007067  __TI_ltoa                     
ffffffff  __TI_pprof_out_hndl           
00001d69  __TI_printfi                  
ffffffff  __TI_prof_data_size           
ffffffff  __TI_prof_data_start          
00000000  __TI_static_base__            
00007469  __TI_zero_init_nomemset       
00006bf1  __aeabi_cdcmpeq               
00006bf1  __aeabi_cdcmple               
00006c77  __aeabi_cdrcmple              
00006ed7  __aeabi_d2f                   
00007159  __aeabi_d2iz                  
000071e5  __aeabi_d2uiz                 
00005b3b  __aeabi_dadd                  
00005f7d  __aeabi_ddiv                  
00006735  __aeabi_dmul                  
00005b31  __aeabi_dsub                  
000075d9  __aeabi_errno_addr            
00007321  __aeabi_f2d                   
000073f1  __aeabi_i2d                   
00005ce7  __aeabi_idiv0                 
00005ce7  __aeabi_ldiv0                 
00006d7d  __aeabi_memclr                
00006d7d  __aeabi_memclr4               
00006d7d  __aeabi_memclr8               
00006abf  __aeabi_memcpy                
00006abf  __aeabi_memcpy4               
00006abf  __aeabi_memcpy8               
00006d7f  __aeabi_memset                
00006d7f  __aeabi_memset4               
00006d7f  __aeabi_memset8               
00007449  __aeabi_ui2d                  
00006b5b  __aeabi_uldivmod              
ffffffff  __binit__                     
ffffffff  __c_args__                    
00003189  __kernel_rem_pio2             
000047cd  __kernel_tan                  
UNDEFED   __mpu_init                    
20000270  __stack                       
20000000  __start___llvm_prf_cnts       
20000000  __stop___llvm_prf_cnts        
0000738d  _c_int00_noargs               
00007748  _ctypes_                      
20002324  _lock                         
000027b7  _nop                          
20002323  _running                      
20001270  _sys_memory                   
UNDEFED   _system_post_cinit            
000075e9  _system_pre_init              
200022dc  _timeout_ticks                
20002328  _unlock                       
000075ed  abort                         
00005749  adc_init                      
000057cd  adc_read                      
00006635  aligned_alloc                 
0000710d  atoi                          
ffffffff  binit                         
00003a89  bno_alloc                     
00003ac9  bno_calibrate                 
00003c35  bno_calibrateInteractive      
00003aa1  bno_free                      
00003a7f  bno_init                      
000039c9  bno_initCalib                 
00003913  bno_read                      
00003b7d  bno_readCalibration           
00003945  bno_readNum                   
000038c1  bno_sendReg                   
00003ac1  bno_stopCalibration           
2000234a  bno_stopCalibrationFlag       
00003aad  bno_update                    
000038e9  bno_write                     
00003bad  bno_writeCalibration          
0000051b  boost                         
00006d2f  button_getButton              
00006cfd  button_init                   
000072e9  calloc                        
20002321  car_honk_duration             
20002348  car_honk_notes                
00000905  check_boundary                
000008cf  check_bump                    
00000963  check_cliff                   
20002334  command_byte                  
20002338  command_flag                  
000074bd  copysign                      
000074bd  copysignl                     
00000af1  double_scan                   
0000087b  emergency_brake               
20002340  errno                         
00006831  floor                         
00006831  floorl                        
00006309  fmodf                         
00006929  free                          
00006fad  frexp                         
00006fad  frexpl                        
20000000  g_pfnRAMVectors               
00000000  g_pfnVectors                  
00004cd3  get_pulseWidth                
00004cdf  get_pulseWidth_millis         
0000185b  go_charge                     
000009b9  ir                            
000057f9  ir_getDistance                
000058db  ir_scan                       
00007597  lcd_clear                     
00004679  lcd_gotoLine                  
000044e1  lcd_init                      
000046df  lcd_printf                    
000045a1  lcd_putc                      
000045d9  lcd_puts                      
000044a5  lcd_reverseNibble             
000045f7  lcd_sendCommand               
00004635  lcd_sendNibble                
000046a1  lcd_setCursorPos              
00006421  ldexp                         
00006421  ldexpl                        
000060b5  load_car_honk                 
000060c5  main                          
000075e1  malloc                        
200022e0  match_val                     
00006635  memalign                      
000074a1  memccpy                       
00006abf  memcpy                        
00006d85  memset                        
200022e4  motor_cal_factor_L            
200022e8  motor_cal_factor_R            
0000026d  move_forward                  
000007f5  move_reverse                  
00001149  oi_alloc                      
00001985  oi_checkFirmware              
000011a3  oi_close                      
00001155  oi_free                       
00001cc9  oi_getMotorCalibrationLeft    
00001cdd  oi_getMotorCalibrationRight   
0000118d  oi_init                       
00001165  oi_init_noupdate              
000017f1  oi_loadSong                   
00007507  oi_parseInt                   
00001207  oi_parsePacket                
00001847  oi_play_song                  
00001727  oi_setLeds                    
00001c8d  oi_setMotorCalibration        
0000176b  oi_setWheels                  
00001a2d  oi_shutoff_init               
00001869  oi_uartInit                   
0000190d  oi_uartReceive                
00001953  oi_uartSendBuff               
000018f1  oi_uartSendChar               
00001935  oi_uartSendStr                
000011b5  oi_update                     
00000a21  ping                          
00004ca3  ping_getDistance              
00004ae9  ping_init                     
00004cff  ping_scan                     
00004bc7  ping_trigger                  
000027b9  pow                           
000027b9  powl                          
20002344  pwm_period                    
00006531  remainderf                    
00000f19  reposition                    
2000233c  reposition_done               
00006421  scalbn                        
00006421  scalbnl                       
000055e5  servo_calibrate               
00005511  servo_init                    
0000559f  servo_move                    
00007229  sprintf                       
00005ce9  sqrt                          
00005ce9  sqrtl                         
20002304  statuses                      
00007537  strchr                        
0000751f  strcmp                        
0000754d  strcpy                        
00007561  strlen                        
00003f9d  tan                           
00003f9d  tanl                          
000053e7  timer_getMicros               
0000538f  timer_getMillis               
000052c9  timer_init                    
0000536b  timer_pause                   
0000537d  timer_resume                  
00005341  timer_stop                    
00005441  timer_waitMicros              
00005473  timer_waitMillis              
00000821  turn_left                     
00000857  turn_right                    
00004de1  uart_interrupt_init           
00004ecb  uart_receive                  
00004eaf  uart_sendChar                 
00004ef1  uart_sendStr                  
00007269  vsnprintf                     
00007575  wcslen                        


GLOBAL SYMBOLS: SORTED BY Symbol Address 

address   name                          
-------   ----                          
00000000  __TI_static_base__            
00000000  g_pfnVectors                  
0000026d  move_forward                  
0000051b  boost                         
000007f5  move_reverse                  
00000821  turn_left                     
00000857  turn_right                    
0000087b  emergency_brake               
000008cf  check_bump                    
00000905  check_boundary                
00000963  check_cliff                   
000009b9  ir                            
00000a21  ping                          
00000af1  double_scan                   
00000f19  reposition                    
00001000  __STACK_SIZE                  
00001000  __SYSMEM_SIZE                 
00001149  oi_alloc                      
00001155  oi_free                       
00001165  oi_init_noupdate              
0000118d  oi_init                       
000011a3  oi_close                      
000011b5  oi_update                     
00001207  oi_parsePacket                
00001727  oi_setLeds                    
0000176b  oi_setWheels                  
000017f1  oi_loadSong                   
00001847  oi_play_song                  
0000185b  go_charge                     
00001869  oi_uartInit                   
000018f1  oi_uartSendChar               
0000190d  oi_uartReceive                
00001935  oi_uartSendStr                
00001953  oi_uartSendBuff               
00001985  oi_checkFirmware              
00001a2d  oi_shutoff_init               
00001a9f  GPIOF_Handler                 
00001c8d  oi_setMotorCalibration        
00001cc9  oi_getMotorCalibrationLeft    
00001cdd  oi_getMotorCalibrationRight   
00001d69  __TI_printfi                  
000027b7  _nop                          
000027b9  pow                           
000027b9  powl                          
00003189  __kernel_rem_pio2             
000038c1  bno_sendReg                   
000038e9  bno_write                     
00003913  bno_read                      
00003945  bno_readNum                   
000039c9  bno_initCalib                 
00003a7f  bno_init                      
00003a89  bno_alloc                     
00003aa1  bno_free                      
00003aad  bno_update                    
00003ac1  bno_stopCalibration           
00003ac9  bno_calibrate                 
00003b7d  bno_readCalibration           
00003bad  bno_writeCalibration          
00003c35  bno_calibrateInteractive      
00003f9d  tan                           
00003f9d  tanl                          
000044a5  lcd_reverseNibble             
000044e1  lcd_init                      
000045a1  lcd_putc                      
000045d9  lcd_puts                      
000045f7  lcd_sendCommand               
00004635  lcd_sendNibble                
00004679  lcd_gotoLine                  
000046a1  lcd_setCursorPos              
000046df  lcd_printf                    
000047cd  __kernel_tan                  
00004ae9  ping_init                     
00004bc7  ping_trigger                  
00004c67  TIMER3B_Handler               
00004ca3  ping_getDistance              
00004cd3  get_pulseWidth                
00004cdf  get_pulseWidth_millis         
00004cff  ping_scan                     
00004de1  uart_interrupt_init           
00004eaf  uart_sendChar                 
00004ecb  uart_receive                  
00004ef1  uart_sendStr                  
00004f19  UART1_Handler                 
000052c9  timer_init                    
00005341  timer_stop                    
0000536b  timer_pause                   
0000537d  timer_resume                  
0000538f  timer_getMillis               
000053e7  timer_getMicros               
00005441  timer_waitMicros              
00005473  timer_waitMillis              
00005511  servo_init                    
0000559f  servo_move                    
000055e5  servo_calibrate               
00005749  adc_init                      
000057cd  adc_read                      
000057f9  ir_getDistance                
000058db  ir_scan                       
00005b31  __aeabi_dsub                  
00005b3b  __aeabi_dadd                  
00005ce7  __aeabi_idiv0                 
00005ce7  __aeabi_ldiv0                 
00005ce9  sqrt                          
00005ce9  sqrtl                         
00005f7d  __aeabi_ddiv                  
000060b5  load_car_honk                 
000060c5  main                          
00006309  fmodf                         
00006421  ldexp                         
00006421  ldexpl                        
00006421  scalbn                        
00006421  scalbnl                       
00006531  remainderf                    
00006635  aligned_alloc                 
00006635  memalign                      
00006735  __aeabi_dmul                  
00006831  floor                         
00006831  floorl                        
00006929  free                          
00006abf  __aeabi_memcpy                
00006abf  __aeabi_memcpy4               
00006abf  __aeabi_memcpy8               
00006abf  memcpy                        
00006b5b  __aeabi_uldivmod              
00006bf1  __aeabi_cdcmpeq               
00006bf1  __aeabi_cdcmple               
00006c77  __aeabi_cdrcmple              
00006cfd  button_init                   
00006d2f  button_getButton              
00006d7d  __aeabi_memclr                
00006d7d  __aeabi_memclr4               
00006d7d  __aeabi_memclr8               
00006d7f  __aeabi_memset                
00006d7f  __aeabi_memset4               
00006d7f  __aeabi_memset8               
00006d85  memset                        
00006ed7  __aeabi_d2f                   
00006f45  __TI_decompress_lzss          
00006fad  frexp                         
00006fad  frexpl                        
00007067  __TI_ltoa                     
0000710d  atoi                          
00007159  __aeabi_d2iz                  
000071a1  __TI_auto_init_nobinit_nopinit
000071e5  __aeabi_d2uiz                 
00007229  sprintf                       
00007269  vsnprintf                     
000072e9  calloc                        
00007321  __aeabi_f2d                   
00007359  IntRegister                   
0000738d  _c_int00_noargs               
000073f1  __aeabi_i2d                   
00007449  __aeabi_ui2d                  
00007469  __TI_zero_init_nomemset       
000074a1  memccpy                       
000074bd  copysign                      
000074bd  copysignl                     
00007507  oi_parseInt                   
0000751f  strcmp                        
00007537  strchr                        
0000754d  strcpy                        
00007561  strlen                        
00007575  wcslen                        
00007587  IntMasterEnable               
00007597  lcd_clear                     
000075a7  __TI_decompress_none          
000075b5  CPUcpsie                      
000075c1  ResetISR                      
000075d9  __aeabi_errno_addr            
000075e1  malloc                        
000075e9  _system_pre_init              
000075ed  C$$EXIT                       
000075ed  abort                         
00007748  _ctypes_                      
00007994  __TI_Handler_Table_Base       
000079a0  __TI_Handler_Table_Limit      
000079b0  __TI_CINIT_Base               
000079c8  __TI_CINIT_Limit              
20000000  __start___llvm_prf_cnts       
20000000  __stop___llvm_prf_cnts        
20000000  g_pfnRAMVectors               
20000270  __stack                       
20000470  __STACK_TOP                   
20001270  __STACK_END                   
20001270  _sys_memory                   
200022dc  _timeout_ticks                
200022e0  match_val                     
200022e4  motor_cal_factor_L            
200022e8  motor_cal_factor_R            
20002304  statuses                      
20002314  START_TIME                    
20002318  END_TIME                      
2000231c  CURRENT_TIME                  
20002320  STATE                         
20002321  car_honk_duration             
20002323  _running                      
20002324  _lock                         
20002328  _unlock                       
20002334  command_byte                  
20002338  command_flag                  
2000233c  reposition_done               
20002340  errno                         
20002344  pwm_period                    
20002348  car_honk_notes                
2000234a  bno_stopCalibrationFlag       
ffffffff  __TI_pprof_out_hndl           
ffffffff  __TI_prof_data_size           
ffffffff  __TI_prof_data_start          
ffffffff  __binit__                     
ffffffff  __c_args__                    
ffffffff  binit                         
UNDEFED   __mpu_init                    
UNDEFED   _system_post_cinit            

[213 symbols]
